Archive member included to satisfy reference by file (symbol)

C:/ST/STM32CubeIDE_1.18.1/STM32CubeIDE/plugins/com.st.stm32cube.ide.mcu.externaltools.gnu-tools-for-stm32.13.3.rel1.win32_1.0.0.202411081344/tools/bin/../lib/gcc/arm-none-eabi/13.3.1/../../../../arm-none-eabi/lib/thumb/v7e-m+fp/hard\libc_nano.a(libc_a-exit.o)
                              C:/ST/STM32CubeIDE_1.18.1/STM32CubeIDE/plugins/com.st.stm32cube.ide.mcu.externaltools.gnu-tools-for-stm32.13.3.rel1.win32_1.0.0.202411081344/tools/bin/../lib/gcc/arm-none-eabi/13.3.1/../../../../arm-none-eabi/lib/thumb/v7e-m+fp/hard/crt0.o (exit)
C:/ST/STM32CubeIDE_1.18.1/STM32CubeIDE/plugins/com.st.stm32cube.ide.mcu.externaltools.gnu-tools-for-stm32.13.3.rel1.win32_1.0.0.202411081344/tools/bin/../lib/gcc/arm-none-eabi/13.3.1/../../../../arm-none-eabi/lib/thumb/v7e-m+fp/hard\libc_nano.a(libc_a-findfp.o)
                              C:/ST/STM32CubeIDE_1.18.1/STM32CubeIDE/plugins/com.st.stm32cube.ide.mcu.externaltools.gnu-tools-for-stm32.13.3.rel1.win32_1.0.0.202411081344/tools/bin/../lib/gcc/arm-none-eabi/13.3.1/../../../../arm-none-eabi/lib/thumb/v7e-m+fp/hard\libc_nano.a(libc_a-exit.o) (__stdio_exit_handler)
C:/ST/STM32CubeIDE_1.18.1/STM32CubeIDE/plugins/com.st.stm32cube.ide.mcu.externaltools.gnu-tools-for-stm32.13.3.rel1.win32_1.0.0.202411081344/tools/bin/../lib/gcc/arm-none-eabi/13.3.1/../../../../arm-none-eabi/lib/thumb/v7e-m+fp/hard\libc_nano.a(libc_a-fwalk.o)
                              C:/ST/STM32CubeIDE_1.18.1/STM32CubeIDE/plugins/com.st.stm32cube.ide.mcu.externaltools.gnu-tools-for-stm32.13.3.rel1.win32_1.0.0.202411081344/tools/bin/../lib/gcc/arm-none-eabi/13.3.1/../../../../arm-none-eabi/lib/thumb/v7e-m+fp/hard\libc_nano.a(libc_a-findfp.o) (_fwalk_sglue)
C:/ST/STM32CubeIDE_1.18.1/STM32CubeIDE/plugins/com.st.stm32cube.ide.mcu.externaltools.gnu-tools-for-stm32.13.3.rel1.win32_1.0.0.202411081344/tools/bin/../lib/gcc/arm-none-eabi/13.3.1/../../../../arm-none-eabi/lib/thumb/v7e-m+fp/hard\libc_nano.a(libc_a-stdio.o)
                              C:/ST/STM32CubeIDE_1.18.1/STM32CubeIDE/plugins/com.st.stm32cube.ide.mcu.externaltools.gnu-tools-for-stm32.13.3.rel1.win32_1.0.0.202411081344/tools/bin/../lib/gcc/arm-none-eabi/13.3.1/../../../../arm-none-eabi/lib/thumb/v7e-m+fp/hard\libc_nano.a(libc_a-findfp.o) (__sread)
C:/ST/STM32CubeIDE_1.18.1/STM32CubeIDE/plugins/com.st.stm32cube.ide.mcu.externaltools.gnu-tools-for-stm32.13.3.rel1.win32_1.0.0.202411081344/tools/bin/../lib/gcc/arm-none-eabi/13.3.1/../../../../arm-none-eabi/lib/thumb/v7e-m+fp/hard\libc_nano.a(libc_a-memset.o)
                              C:/ST/STM32CubeIDE_1.18.1/STM32CubeIDE/plugins/com.st.stm32cube.ide.mcu.externaltools.gnu-tools-for-stm32.13.3.rel1.win32_1.0.0.202411081344/tools/bin/../lib/gcc/arm-none-eabi/13.3.1/../../../../arm-none-eabi/lib/thumb/v7e-m+fp/hard/crt0.o (memset)
C:/ST/STM32CubeIDE_1.18.1/STM32CubeIDE/plugins/com.st.stm32cube.ide.mcu.externaltools.gnu-tools-for-stm32.13.3.rel1.win32_1.0.0.202411081344/tools/bin/../lib/gcc/arm-none-eabi/13.3.1/../../../../arm-none-eabi/lib/thumb/v7e-m+fp/hard\libc_nano.a(libc_a-closer.o)
                              C:/ST/STM32CubeIDE_1.18.1/STM32CubeIDE/plugins/com.st.stm32cube.ide.mcu.externaltools.gnu-tools-for-stm32.13.3.rel1.win32_1.0.0.202411081344/tools/bin/../lib/gcc/arm-none-eabi/13.3.1/../../../../arm-none-eabi/lib/thumb/v7e-m+fp/hard\libc_nano.a(libc_a-stdio.o) (_close_r)
C:/ST/STM32CubeIDE_1.18.1/STM32CubeIDE/plugins/com.st.stm32cube.ide.mcu.externaltools.gnu-tools-for-stm32.13.3.rel1.win32_1.0.0.202411081344/tools/bin/../lib/gcc/arm-none-eabi/13.3.1/../../../../arm-none-eabi/lib/thumb/v7e-m+fp/hard\libc_nano.a(libc_a-reent.o)
                              C:/ST/STM32CubeIDE_1.18.1/STM32CubeIDE/plugins/com.st.stm32cube.ide.mcu.externaltools.gnu-tools-for-stm32.13.3.rel1.win32_1.0.0.202411081344/tools/bin/../lib/gcc/arm-none-eabi/13.3.1/../../../../arm-none-eabi/lib/thumb/v7e-m+fp/hard\libc_nano.a(libc_a-closer.o) (errno)
C:/ST/STM32CubeIDE_1.18.1/STM32CubeIDE/plugins/com.st.stm32cube.ide.mcu.externaltools.gnu-tools-for-stm32.13.3.rel1.win32_1.0.0.202411081344/tools/bin/../lib/gcc/arm-none-eabi/13.3.1/../../../../arm-none-eabi/lib/thumb/v7e-m+fp/hard\libc_nano.a(libc_a-impure.o)
                              C:/ST/STM32CubeIDE_1.18.1/STM32CubeIDE/plugins/com.st.stm32cube.ide.mcu.externaltools.gnu-tools-for-stm32.13.3.rel1.win32_1.0.0.202411081344/tools/bin/../lib/gcc/arm-none-eabi/13.3.1/../../../../arm-none-eabi/lib/thumb/v7e-m+fp/hard\libc_nano.a(libc_a-reent.o) (_impure_ptr)
C:/ST/STM32CubeIDE_1.18.1/STM32CubeIDE/plugins/com.st.stm32cube.ide.mcu.externaltools.gnu-tools-for-stm32.13.3.rel1.win32_1.0.0.202411081344/tools/bin/../lib/gcc/arm-none-eabi/13.3.1/../../../../arm-none-eabi/lib/thumb/v7e-m+fp/hard\libc_nano.a(libc_a-lseekr.o)
[...]
Memory Configuration

Name             Origin             Length             Attributes
RAM              0x20000000         0x00020000         xrw
FLASH            0x08000000         0x00080000         xr
*default*        0x00000000         0xffffffff

Linker script and memory map

LOAD C:/ST/STM32CubeIDE_1.18.1/STM32CubeIDE/plugins/com.st.stm32cube.ide.mcu.externaltools.gnu-tools-for-stm32.13.3.rel1.win32_1.0.0.202411081344/tools/bin/../lib/gcc/arm-none-eabi/13.3.1/thumb/v7e-m+fp/hard/crti.o
LOAD C:/ST/STM32CubeIDE_1.18.1/STM32CubeIDE/plugins/com.st.stm32cube.ide.mcu.externaltools.gnu-tools-for-stm32.13.3.rel1.win32_1.0.0.202411081344/tools/bin/../lib/gcc/arm-none-eabi/13.3.1/thumb/v7e-m+fp/hard/crtbegin.o
LOAD C:/ST/STM32CubeIDE_1.18.1/STM32CubeIDE/plugins/com.st.stm32cube.ide.mcu.externaltools.gnu-tools-for-stm32.13.3.rel1.win32_1.0.0.202411081344/tools/bin/../lib/gcc/arm-none-eabi/13.3.1/../../../../arm-none-eabi/lib/thumb/v7e-m+fp/hard/crt0.o
LOAD ./Src/Driver/BTN/BTN.o
LOAD ./Src/Driver/GPIO/GPIO.o
LOAD ./Src/Driver/LEDBAR/LEDBAR.o
LOAD ./Src/Driver/SystemClock/SystemClock.o
LOAD ./Src/ap/ap_main.o
LOAD ./Src/main.o
LOAD ./Src/syscalls.o
LOAD ./Src/sysmem.o
LOAD ./Startup/startup_stm32f411retx.o
START GROUP
LOAD C:/ST/STM32CubeIDE_1.18.1/STM32CubeIDE/plugins/com.st.stm32cube.ide.mcu.externaltools.gnu-tools-for-stm32.13.3.rel1.win32_1.0.0.202411081344/tools/bin/../lib/gcc/arm-none-eabi/13.3.1/../../../../arm-none-eabi/lib/thumb/v7e-m+fp/hard\libc_nano.a
LOAD C:/ST/STM32CubeIDE_1.18.1/STM32CubeIDE/plugins/com.st.stm32cube.ide.mcu.externaltools.gnu-tools-for-stm32.13.3.rel1.win32_1.0.0.202411081344/tools/bin/../lib/gcc/arm-none-eabi/13.3.1/../../../../arm-none-eabi/lib/thumb/v7e-m+fp/hard\libm.a
END GROUP
START GROUP
LOAD C:/ST/STM32CubeIDE_1.18.1/STM32CubeIDE/plugins/com.st.stm32cube.ide.mcu.externaltools.gnu-tools-for-stm32.13.3.rel1.win32_1.0.0.202411081344/tools/bin/../lib/gcc/arm-none-eabi/13.3.1/thumb/v7e-m+fp/hard\libgcc.a
LOAD C:/ST/STM32CubeIDE_1.18.1/STM32CubeIDE/plugins/com.st.stm32cube.ide.mcu.externaltools.gnu-tools-for-stm32.13.3.rel1.win32_1.0.0.202411081344/tools/bin/../lib/gcc/arm-none-eabi/13.3.1/../../../../arm-none-eabi/lib/thumb/v7e-m+fp/hard\libc_nano.a
END GROUP
START GROUP
LOAD C:/ST/STM32CubeIDE_1.18.1/STM32CubeIDE/plugins/com.st.stm32cube.ide.mcu.externaltools.gnu-tools-for-stm32.13.3.rel1.win32_1.0.0.202411081344/tools/bin/../lib/gcc/arm-none-eabi/13.3.1/thumb/v7e-m+fp/hard\libgcc.a
LOAD C:/ST/STM32CubeIDE_1.18.1/STM32CubeIDE/plugins/com.st.stm32cube.ide.mcu.externaltools.gnu-tools-for-stm32.13.3.rel1.win32_1.0.0.202411081344/tools/bin/../lib/gcc/arm-none-eabi/13.3.1/../../../../arm-none-eabi/lib/thumb/v7e-m+fp/hard\libc_nano.a
LOAD C:/ST/STM32CubeIDE_1.18.1/STM32CubeIDE/plugins/com.st.stm32cube.ide.mcu.externaltools.gnu-tools-for-stm32.13.3.rel1.win32_1.0.0.202411081344/tools/bin/../lib/gcc/arm-none-eabi/13.3.1/../../../../arm-none-eabi/lib/thumb/v7e-m+fp/hard\libnosys.a
END GROUP
START GROUP
LOAD C:/ST/STM32CubeIDE_1.18.1/STM32CubeIDE/plugins/com.st.stm32cube.ide.mcu.externaltools.gnu-tools-for-stm32.13.3.rel1.win32_1.0.0.202411081344/tools/bin/../lib/gcc/arm-none-eabi/13.3.1/thumb/v7e-m+fp/hard\libgcc.a
LOAD C:/ST/STM32CubeIDE_1.18.1/STM32CubeIDE/plugins/com.st.stm32cube.ide.mcu.externaltools.gnu-tools-for-stm32.13.3.rel1.win32_1.0.0.202411081344/tools/bin/../lib/gcc/arm-none-eabi/13.3.1/../../../../arm-none-eabi/lib/thumb/v7e-m+fp/hard\libc_nano.a
LOAD C:/ST/STM32CubeIDE_1.18.1/STM32CubeIDE/plugins/com.st.stm32cube.ide.mcu.externaltools.gnu-tools-for-stm32.13.3.rel1.win32_1.0.0.202411081344/tools/bin/../lib/gcc/arm-none-eabi/13.3.1/../../../../arm-none-eabi/lib/thumb/v7e-m+fp/hard\libnosys.a
END GROUP
LOAD C:/ST/STM32CubeIDE_1.18.1/STM32CubeIDE/plugins/com.st.stm32cube.ide.mcu.externaltools.gnu-tools-for-stm32.13.3.rel1.win32_1.0.0.202411081344/tools/bin/../lib/gcc/arm-none-eabi/13.3.1/thumb/v7e-m+fp/hard/crtend.o
LOAD C:/ST/STM32CubeIDE_1.18.1/STM32CubeIDE/plugins/com.st.stm32cube.ide.mcu.externaltools.gnu-tools-for-stm32.13.3.rel1.win32_1.0.0.202411081344/tools/bin/../lib/gcc/arm-none-eabi/13.3.1/thumb/v7e-m+fp/hard/crtn.o
                0x20020000                        _estack = (ORIGIN (RAM) + LENGTH (RAM))
                0x00000200                        _Min_Heap_Size = 0x200
                0x00000400                        _Min_Stack_Size = 0x400

.isr_vector     0x08000000      0x198
                0x08000000                        . = ALIGN (0x4)
 *(.isr_vector)
 .isr_vector    0x08000000      0x198 ./Startup/startup_stm32f411retx.o
                0x08000000                g_pfnVectors
                0x08000198                        . = ALIGN (0x4)

.text           0x08000198      0x420
                0x08000198                        . = ALIGN (0x4)
 *(.text)
 .text          0x08000198       0x40 C:/ST/STM32CubeIDE_1.18.1/STM32CubeIDE/plugins/com.st.stm32cube.ide.mcu.externaltools.gnu-tools-for-stm32.13.3.rel1.win32_1.0.0.202411081344/tools/bin/../lib/gcc/arm-none-eabi/13.3.1/thumb/v7e-m+fp/hard/crtbegin.o
 *(.text*)
 .text.BTN_Init
                0x080001d8       0x18 ./Src/Driver/BTN/BTN.o
                0x080001d8                BTN_Init
 .text.BTN_GetState
                0x080001f0       0x60 ./Src/Driver/BTN/BTN.o
                0x080001f0                BTN_GetState
 .text.GPIO_Init
                0x08000250       0x62 ./Src/Driver/GPIO/GPIO.o
                0x08000250                GPIO_Init
 .text.GPIO_WritePin
                0x080002b2       0x48 ./Src/Driver/GPIO/GPIO.o
                0x080002b2                GPIO_WritePin
 .text.GPIO_ReadPin
                0x080002fa       0x2e ./Src/Driver/GPIO/GPIO.o
                0x080002fa                GPIO_ReadPin
 .text.LEDBAR_Init
                0x08000328       0x64 ./Src/Driver/LEDBAR/LEDBAR.o
                0x08000328                LEDBAR_Init
 .text.LEDBAR_Write
                0x0800038c       0x70 ./Src/Driver/LEDBAR/LEDBAR.o
                0x0800038c                LEDBAR_Write
 .text.SystemClock_Init
                0x080003fc       0x38 ./Src/Driver/SystemClock/SystemClock.o
                0x080003fc                SystemClock_Init
 .text.delay    0x08000434       0x3e ./Src/Driver/SystemClock/SystemClock.o
                0x08000434                delay
 .text.ap_main  0x08000472       0x70 ./Src/ap/ap_main.o
                0x08000472                ap_main
 .text.ap_init  0x080004e2       0x14 ./Src/ap/ap_main.o
                0x080004e2                ap_init
 .text.main     0x080004f6        0xe ./Src/main.o
                0x080004f6                main
 .text.Reset_Handler
                0x08000504       0x50 ./Startup/startup_stm32f411retx.o
                0x08000504                Reset_Handler
 .text.Default_Handler
                0x08000554        0x2 ./Startup/startup_stm32f411retx.o
                0x08000554                RTC_Alarm_IRQHandler
                0x08000554                EXTI2_IRQHandler
                0x08000554                DebugMon_Handler
                0x08000554                SPI4_IRQHandler
                0x08000554                TIM1_CC_IRQHandler
                0x08000554                DMA2_Stream5_IRQHandler
                0x08000554                HardFault_Handler
                0x08000554                DMA1_Stream5_IRQHandler
                0x08000554                SysTick_Handler
                0x08000554                PVD_IRQHandler
                0x08000554                SDIO_IRQHandler
                0x08000554                TAMP_STAMP_IRQHandler
                0x08000554                PendSV_Handler
                0x08000554                NMI_Handler
                0x08000554                EXTI3_IRQHandler
                0x08000554                TIM1_UP_TIM10_IRQHandler
                0x08000554                I2C3_ER_IRQHandler
                0x08000554                EXTI0_IRQHandler
                0x08000554                I2C2_EV_IRQHandler
                0x08000554                DMA1_Stream2_IRQHandler
                0x08000554                UsageFault_Handler
                0x08000554                DMA2_Stream2_IRQHandler
                0x08000554                SPI1_IRQHandler
                0x08000554                TIM1_BRK_TIM9_IRQHandler
                0x08000554                DMA2_Stream3_IRQHandler
                0x08000554                USART6_IRQHandler
                0x08000554                DMA2_Stream0_IRQHandler
                0x08000554                TIM4_IRQHandler
                0x08000554                I2C1_EV_IRQHandler
                0x08000554                DMA1_Stream6_IRQHandler
                0x08000554                DMA1_Stream1_IRQHandler
                0x08000554                TIM3_IRQHandler
                0x08000554                RCC_IRQHandler
                0x08000554                Default_Handler
                0x08000554                EXTI15_10_IRQHandler
                0x08000554                ADC_IRQHandler
                0x08000554                DMA1_Stream7_IRQHandler
                0x08000554                SPI5_IRQHandler
                0x08000554                TIM5_IRQHandler
                0x08000554                DMA2_Stream7_IRQHandler
                0x08000554                I2C3_EV_IRQHandler
                0x08000554                EXTI9_5_IRQHandler
                0x08000554                RTC_WKUP_IRQHandler
                0x08000554                SPI2_IRQHandler
                0x08000554                MemManage_Handler
                0x08000554                DMA1_Stream0_IRQHandler
                0x08000554                SVC_Handler
                0x08000554                EXTI4_IRQHandler
                0x08000554                WWDG_IRQHandler
                0x08000554                TIM2_IRQHandler
                0x08000554                OTG_FS_WKUP_IRQHandler
                0x08000554                TIM1_TRG_COM_TIM11_IRQHandler
                0x08000554                EXTI1_IRQHandler
                0x08000554                USART2_IRQHandler
                0x08000554                I2C2_ER_IRQHandler
                0x08000554                DMA2_Stream1_IRQHandler
                0x08000554                FLASH_IRQHandler
                0x08000554                DMA2_Stream4_IRQHandler
                0x08000554                BusFault_Handler
                0x08000554                USART1_IRQHandler
                0x08000554                OTG_FS_IRQHandler
                0x08000554                SPI3_IRQHandler
                0x08000554                DMA1_Stream4_IRQHandler
                0x08000554                I2C1_ER_IRQHandler
                0x08000554                DMA2_Stream6_IRQHandler
                0x08000554                DMA1_Stream3_IRQHandler
 *fill*         0x08000556        0x2 
 .text.__libc_init_array
                0x08000558       0x48 C:/ST/STM32CubeIDE_1.18.1/STM32CubeIDE/plugins/com.st.stm32cube.ide.mcu.externaltools.gnu-tools-for-stm32.13.3.rel1.win32_1.0.0.202411081344/tools/bin/../lib/gcc/arm-none-eabi/13.3.1/../../../../arm-none-eabi/lib/thumb/v7e-m+fp/hard\libc_nano.a(libc_a-init.o)
                0x08000558                __libc_init_array
 *(.glue_7)
 .glue_7        0x080005a0        0x0 linker stubs
 *(.glue_7t)
 .glue_7t       0x080005a0        0x0 linker stubs
 *(.eh_frame)
 .eh_frame      0x080005a0        0x0 C:/ST/STM32CubeIDE_1.18.1/STM32CubeIDE/plugins/com.st.stm32cube.ide.mcu.externaltools.gnu-tools-for-stm32.13.3.rel1.win32_1.0.0.202411081344/tools/bin/../lib/gcc/arm-none-eabi/13.3.1/thumb/v7e-m+fp/hard/crtbegin.o
 *(.init)
 .init          0x080005a0        0x4 C:/ST/STM32CubeIDE_1.18.1/STM32CubeIDE/plugins/com.st.stm32cube.ide.mcu.externaltools.gnu-tools-for-stm32.13.3.rel1.win32_1.0.0.202411081344/tools/bin/../lib/gcc/arm-none-eabi/13.3.1/thumb/v7e-m+fp/hard/crti.o
                0x080005a0                _init
 .init          0x080005a4        0x8 C:/ST/STM32CubeIDE_1.18.1/STM32CubeIDE/plugins/com.st.stm32cube.ide.mcu.externaltools.gnu-tools-for-stm32.13.3.rel1.win32_1.0.0.202411081344/tools/bin/../lib/gcc/arm-none-eabi/13.3.1/thumb/v7e-m+fp/hard/crtn.o
 *(.fini)
 .fini          0x080005ac        0x4 C:/ST/STM32CubeIDE_1.18.1/STM32CubeIDE/plugins/com.st.stm32cube.ide.mcu.externaltools.gnu-tools-for-stm32.13.3.rel1.win32_1.0.0.202411081344/tools/bin/../lib/gcc/arm-none-eabi/13.3.1/thumb/v7e-m+fp/hard/crti.o
                0x080005ac                _fini
 .fini          0x080005b0        0x8 C:/ST/STM32CubeIDE_1.18.1/STM32CubeIDE/plugins/com.st.stm32cube.ide.mcu.externaltools.gnu-tools-for-stm32.13.3.rel1.win32_1.0.0.202411081344/tools/bin/../lib/gcc/arm-none-eabi/13.3.1/thumb/v7e-m+fp/hard/crtn.o
                0x080005b8                        . = ALIGN (0x4)
                0x080005b8                        _etext = .

.vfp11_veneer   0x080005b8        0x0
 .vfp11_veneer  0x080005b8        0x0 linker stubs

.v4_bx          0x080005b8        0x0
 .v4_bx         0x080005b8        0x0 linker stubs

.iplt           0x080005b8        0x0
 .iplt          0x080005b8        0x0 C:/ST/STM32CubeIDE_1.18.1/STM32CubeIDE/plugins/com.st.stm32cube.ide.mcu.externaltools.gnu-tools-for-stm32.13.3.rel1.win32_1.0.0.202411081344/tools/bin/../lib/gcc/arm-none-eabi/13.3.1/thumb/v7e-m+fp/hard/crtbegin.o

.rodata         0x080005b8        0x0
                0x080005b8                        . = ALIGN (0x4)
 *(.rodata)
 *(.rodata*)
                0x080005b8                        . = ALIGN (0x4)

.ARM.extab      0x080005b8        0x0
                0x080005b8                        . = ALIGN (0x4)
 *(.ARM.extab* .gnu.linkonce.armextab.*)
                0x080005b8                        . = ALIGN (0x4)

.ARM            0x080005b8        0x0
                0x080005b8                        . = ALIGN (0x4)
                0x080005b8                        __exidx_start = .
 *(.ARM.exidx*)
                0x080005b8                        __exidx_end = .
                0x080005b8                        . = ALIGN (0x4)

.preinit_array  0x080005b8        0x0
                0x080005b8                        . = ALIGN (0x4)
                0x080005b8                        PROVIDE (__preinit_array_start = .)
 *(.preinit_array*)
                0x080005b8                        PROVIDE (__preinit_array_end = .)
                0x080005b8                        . = ALIGN (0x4)

.init_array     0x080005b8        0x4
                0x080005b8                        . = ALIGN (0x4)
                0x080005b8                        PROVIDE (__init_array_start = .)
 *(SORT_BY_NAME(.init_array.*))
 *(.init_array*)
 .init_array    0x080005b8        0x4 C:/ST/STM32CubeIDE_1.18.1/STM32CubeIDE/plugins/com.st.stm32cube.ide.mcu.externaltools.gnu-tools-for-stm32.13.3.rel1.win32_1.0.0.202411081344/tools/bin/../lib/gcc/arm-none-eabi/13.3.1/thumb/v7e-m+fp/hard/crtbegin.o
                0x080005bc                        PROVIDE (__init_array_end = .)
                0x080005bc                        . = ALIGN (0x4)

.fini_array     0x080005bc        0x4
                0x080005bc                        . = ALIGN (0x4)
                [!provide]                        PROVIDE (__fini_array_start = .)
 *(SORT_BY_NAME(.fini_array.*))
 *(.fini_array*)
 .fini_array    0x080005bc        0x4 C:/ST/STM32CubeIDE_1.18.1/STM32CubeIDE/plugins/com.st.stm32cube.ide.mcu.externaltools.gnu-tools-for-stm32.13.3.rel1.win32_1.0.0.202411081344/tools/bin/../lib/gcc/arm-none-eabi/13.3.1/thumb/v7e-m+fp/hard/crtbegin.o
                [!provide]                        PROVIDE (__fini_array_end = .)
                0x080005c0                        . = ALIGN (0x4)
                0x080005c0                        _sidata = LOADADDR (.data)

.rel.dyn        0x080005c0        0x0
 .rel.iplt      0x080005c0        0x0 C:/ST/STM32CubeIDE_1.18.1/STM32CubeIDE/plugins/com.st.stm32cube.ide.mcu.externaltools.gnu-tools-for-stm32.13.3.rel1.win32_1.0.0.202411081344/tools/bin/../lib/gcc/arm-none-eabi/13.3.1/thumb/v7e-m+fp/hard/crtbegin.o

.data           0x20000000       0x44 load address 0x080005c0
                0x20000000                        . = ALIGN (0x4)
                0x20000000                        _sdata = .
 *(.data)
 *(.data*)
 .data.prevState.0
                0x20000000        0x4 ./Src/Driver/BTN/BTN.o
 .data.ledBar   0x20000004       0x40 ./Src/Driver/LEDBAR/LEDBAR.o
                0x20000004                ledBar
 *(.RamFunc)
 *(.RamFunc*)
                0x20000044                        . = ALIGN (0x4)
                0x20000044                        _edata = .

.igot.plt       0x20000044        0x0 load address 0x08000604
 .igot.plt      0x20000044        0x0 C:/ST/STM32CubeIDE_1.18.1/STM32CubeIDE/plugins/com.st.stm32cube.ide.mcu.externaltools.gnu-tools-for-stm32.13.3.rel1.win32_1.0.0.202411081344/tools/bin/../lib/gcc/arm-none-eabi/13.3.1/thumb/v7e-m+fp/hard/crtbegin.o
                0x20000044                        . = ALIGN (0x4)

.bss            0x20000044       0x1c load address 0x08000604
                0x20000044                        _sbss = .
                0x20000044                        __bss_start__ = _sbss
 *(.bss)
 .bss           0x20000044       0x1c C:/ST/STM32CubeIDE_1.18.1/STM32CubeIDE/plugins/com.st.stm32cube.ide.mcu.externaltools.gnu-tools-for-stm32.13.3.rel1.win32_1.0.0.202411081344/tools/bin/../lib/gcc/arm-none-eabi/13.3.1/thumb/v7e-m+fp/hard/crtbegin.o
 *(.bss*)
 *(COMMON)
                0x20000060                        . = ALIGN (0x4)
                0x20000060                        _ebss = .
                0x20000060                        __bss_end__ = _ebss

._user_heap_stack
                0x20000060      0x600 load address 0x08000604
                0x20000060                        . = ALIGN (0x8)
                [!provide]                        PROVIDE (end = .)
                0x20000060                        PROVIDE (_end = .)
                0x20000260                        . = (. + _Min_Heap_Size)
 *fill*         0x20000060      0x200 
                0x20000660                        . = (. + _Min_Stack_Size)
 *fill*         0x20000260      0x400 
                0x20000660                        . = ALIGN (0x8)

/DISCARD/
 libc.a(*)
 libm.a(*)
 libgcc.a(*)

.ARM.attributes
                0x00000000       0x30
 *(.ARM.attributes)
 .ARM.attributes
                0x00000000       0x22 C:/ST/STM32CubeIDE_1.18.1/STM32CubeIDE/plugins/com.st.stm32cube.ide.mcu.externaltools.gnu-tools-for-stm32.13.3.rel1.win32_1.0.0.202411081344/tools/bin/../lib/gcc/arm-none-eabi/13.3.1/thumb/v7e-m+fp/hard/crti.o
 .ARM.attributes
                0x00000022       0x34 C:/ST/STM32CubeIDE_1.18.1/STM32CubeIDE/plugins/com.st.stm32cube.ide.mcu.externaltools.gnu-tools-for-stm32.13.3.rel1.win32_1.0.0.202411081344/tools/bin/../lib/gcc/arm-none-eabi/13.3.1/thumb/v7e-m+fp/hard/crtbegin.o
 .ARM.attributes
                0x00000056       0x34 ./Src/Driver/BTN/BTN.o
 .ARM.attributes
                0x0000008a       0x34 ./Src/Driver/GPIO/GPIO.o
 .ARM.attributes
                0x000000be       0x34 ./Src/Driver/LEDBAR/LEDBAR.o
 .ARM.attributes
                0x000000f2       0x34 ./Src/Driver/SystemClock/SystemClock.o
 .ARM.attributes
                0x00000126       0x34 ./Src/ap/ap_main.o
 .ARM.attributes
                0x0000015a       0x34 ./Src/main.o
 .ARM.attributes
                0x0000018e       0x21 ./Startup/startup_stm32f411retx.o
 .ARM.attributes
                0x000001af       0x34 C:/ST/STM32CubeIDE_1.18.1/STM32CubeIDE/plugins/com.st.stm32cube.ide.mcu.externaltools.gnu-tools-for-stm32.13.3.rel1.win32_1.0.0.202411081344/tools/bin/../lib/gcc/arm-none-eabi/13.3.1/../../../../arm-none-eabi/lib/thumb/v7e-m+fp/hard\libc_nano.a(libc_a-init.o)
 .ARM.attributes
                0x000001e3       0x22 C:/ST/STM32CubeIDE_1.18.1/STM32CubeIDE/plugins/com.st.stm32cube.ide.mcu.externaltools.gnu-tools-for-stm32.13.3.rel1.win32_1.0.0.202411081344/tools/bin/../lib/gcc/arm-none-eabi/13.3.1/thumb/v7e-m+fp/hard/crtn.o
OUTPUT(0619_BareMetal2.elf elf32-littlearm)
LOAD linker stubs
LOAD C:/ST/STM32CubeIDE_1.18.1/STM32CubeIDE/plugins/com.st.stm32cube.ide.mcu.externaltools.gnu-tools-for-stm32.13.3.rel1.win32_1.0.0.202411081344/tools/bin/../lib/gcc/arm-none-eabi/13.3.1/../../../../arm-none-eabi/lib/thumb/v7e-m+fp/hard\libc.a
LOAD C:/ST/STM32CubeIDE_1.18.1/STM32CubeIDE/plugins/com.st.stm32cube.ide.mcu.externaltools.gnu-tools-for-stm32.13.3.rel1.win32_1.0.0.202411081344/tools/bin/../lib/gcc/arm-none-eabi/13.3.1/../../../../arm-none-eabi/lib/thumb/v7e-m+fp/hard\libm.a
LOAD C:/ST/STM32CubeIDE_1.18.1/STM32CubeIDE/plugins/com.st.stm32cube.ide.mcu.externaltools.gnu-tools-for-stm32.13.3.rel1.win32_1.0.0.202411081344/tools/bin/../lib/gcc/arm-none-eabi/13.3.1/thumb/v7e-m+fp/hard\libgcc.a

.debug_info     0x00000000      0xbdb
 .debug_info    0x00000000      0x229 ./Src/Driver/BTN/BTN.o
 .debug_info    0x00000229      0x257 ./Src/Driver/GPIO/GPIO.o
 .debug_info    0x00000480      0x25e ./Src/Driver/LEDBAR/LEDBAR.o
 .debug_info    0x000006de      0x2a9 ./Src/Driver/SystemClock/SystemClock.o
 .debug_info    0x00000987      0x17d ./Src/ap/ap_main.o
 .debug_info    0x00000b04       0xa7 ./Src/main.o
 .debug_info    0x00000bab       0x30 ./Startup/startup_stm32f411retx.o

.debug_abbrev   0x00000000      0x650
 .debug_abbrev  0x00000000      0x137 ./Src/Driver/BTN/BTN.o
 .debug_abbrev  0x00000137      0x126 ./Src/Driver/GPIO/GPIO.o
 .debug_abbrev  0x0000025d      0x170 ./Src/Driver/LEDBAR/LEDBAR.o
 .debug_abbrev  0x000003cd       0xf6 ./Src/Driver/SystemClock/SystemClock.o
 .debug_abbrev  0x000004c3       0xf5 ./Src/ap/ap_main.o
 .debug_abbrev  0x000005b8       0x74 ./Src/main.o
 .debug_abbrev  0x0000062c       0x24 ./Startup/startup_stm32f411retx.o

.debug_aranges  0x00000000      0x120
 .debug_aranges
                0x00000000       0x28 ./Src/Driver/BTN/BTN.o
 .debug_aranges
                0x00000028       0x38 ./Src/Driver/GPIO/GPIO.o
 .debug_aranges
                0x00000060       0x28 ./Src/Driver/LEDBAR/LEDBAR.o
 .debug_aranges
                0x00000088       0x28 ./Src/Driver/SystemClock/SystemClock.o
 .debug_aranges
                0x000000b0       0x28 ./Src/ap/ap_main.o
 .debug_aranges
                0x000000d8       0x20 ./Src/main.o
 .debug_aranges
                0x000000f8       0x28 ./Startup/startup_stm32f411retx.o

.debug_rnglists
                0x00000000       0xb5
 .debug_rnglists
                0x00000000       0x19 ./Src/Driver/BTN/BTN.o
 .debug_rnglists
                0x00000019       0x25 ./Src/Driver/GPIO/GPIO.o
 .debug_rnglists
                0x0000003e       0x19 ./Src/Driver/LEDBAR/LEDBAR.o
 .debug_rnglists
                0x00000057       0x19 ./Src/Driver/SystemClock/SystemClock.o
 .debug_rnglists
                0x00000070       0x19 ./Src/ap/ap_main.o
 .debug_rnglists
                0x00000089       0x13 ./Src/main.o
 .debug_rnglists
                0x0000009c       0x19 ./Startup/startup_stm32f411retx.o

.debug_macro    0x00000000    0x1858b
 .debug_macro   0x00000000       0x8a ./Src/Driver/BTN/BTN.o
 .debug_macro   0x0000008a      0xade ./Src/Driver/BTN/BTN.o
 .debug_macro   0x00000b68       0x22 ./Src/Driver/BTN/BTN.o
 .debug_macro   0x00000b8a       0x8e ./Src/Driver/BTN/BTN.o
 .debug_macro   0x00000c18       0x51 ./Src/Driver/BTN/BTN.o
 .debug_macro   0x00000c69      0x103 ./Src/Driver/BTN/BTN.o
 .debug_macro   0x00000d6c       0x6a ./Src/Driver/BTN/BTN.o
 .debug_macro   0x00000dd6      0x1df ./Src/Driver/BTN/BTN.o
 .debug_macro   0x00000fb5     0xb992 ./Src/Driver/BTN/BTN.o
 .debug_macro   0x0000c947       0x76 ./Src/Driver/GPIO/GPIO.o
 .debug_macro   0x0000c9bd       0x80 ./Src/Driver/LEDBAR/LEDBAR.o
 .debug_macro   0x0000ca3d       0x7c ./Src/Driver/SystemClock/SystemClock.o
 .debug_macro   0x0000cab9       0x2e ./Src/Driver/SystemClock/SystemClock.o
 .debug_macro   0x0000cae7     0xb968 ./Src/Driver/SystemClock/SystemClock.o
 .debug_macro   0x0001844f       0x9e ./Src/ap/ap_main.o
 .debug_macro   0x000184ed       0x9e ./Src/main.o

.debug_line     0x00000000     0x20de
 .debug_line    0x00000000      0x569 ./Src/Driver/BTN/BTN.o
 .debug_line    0x00000569      0x4cb ./Src/Driver/GPIO/GPIO.o
 .debug_line    0x00000a34      0x4e4 ./Src/Driver/LEDBAR/LEDBAR.o
 .debug_line    0x00000f18      0x492 ./Src/Driver/SystemClock/SystemClock.o
 .debug_line    0x000013aa      0x652 ./Src/ap/ap_main.o
 .debug_line    0x000019fc      0x667 ./Src/main.o
 .debug_line    0x00002063       0x7b ./Startup/startup_stm32f411retx.o

.debug_str      0x00000000    0x4895d
 .debug_str     0x00000000    0x4895d ./Src/Driver/BTN/BTN.o
                              0x4881d (size before relaxing)
 .debug_str     0x0004895d    0x487d5 ./Src/Driver/GPIO/GPIO.o
 .debug_str     0x0004895d    0x4880b ./Src/Driver/LEDBAR/LEDBAR.o
 .debug_str     0x0004895d    0x4885c ./Src/Driver/SystemClock/SystemClock.o
 .debug_str     0x0004895d    0x48818 ./Src/ap/ap_main.o
 .debug_str     0x0004895d    0x4876e ./Src/main.o
 .debug_str     0x0004895d       0x9e ./Startup/startup_stm32f411retx.o

.comment        0x00000000       0x43
 .comment       0x00000000       0x43 ./Src/Driver/BTN/BTN.o
                                 0x44 (size before relaxing)
 .comment       0x00000043       0x44 ./Src/Driver/GPIO/GPIO.o
 .comment       0x00000043       0x44 ./Src/Driver/LEDBAR/LEDBAR.o
 .comment       0x00000043       0x44 ./Src/Driver/SystemClock/SystemClock.o
 .comment       0x00000043       0x44 ./Src/ap/ap_main.o
 .comment       0x00000043       0x44 ./Src/main.o

.debug_frame    0x00000000      0x24c
 .debug_frame   0x00000000       0x50 ./Src/Driver/BTN/BTN.o
 .debug_frame   0x00000050       0xb0 ./Src/Driver/GPIO/GPIO.o
 .debug_frame   0x00000100       0x50 ./Src/Driver/LEDBAR/LEDBAR.o
 .debug_frame   0x00000150       0x58 ./Src/Driver/SystemClock/SystemClock.o
 .debug_frame   0x000001a8       0x4c ./Src/ap/ap_main.o
 .debug_frame   0x000001f4       0x2c ./Src/main.o
 .debug_frame   0x00000220       0x2c C:/ST/STM32CubeIDE_1.18.1/STM32CubeIDE/plugins/com.st.stm32cube.ide.mcu.externaltools.gnu-tools-for-stm32.13.3.rel1.win32_1.0.0.202411081344/tools/bin/../lib/gcc/arm-none-eabi/13.3.1/../../../../arm-none-eabi/lib/thumb/v7e-m+fp/hard\libc_nano.a(libc_a-init.o)

.debug_line_str
                0x00000000       0x82
 .debug_line_str
                0x00000000       0x82 ./Startup/startup_stm32f411retx.o
