Archive member included to satisfy reference by file (symbol)

C:/ST/STM32CubeIDE_1.18.1/STM32CubeIDE/plugins/com.st.stm32cube.ide.mcu.externaltools.gnu-tools-for-stm32.13.3.rel1.win32_1.0.0.202411081344/tools/bin/../lib/gcc/arm-none-eabi/13.3.1/../../../../arm-none-eabi/lib/thumb/v7e-m+fp/hard\libc_nano.a(libc_a-exit.o)
                              C:/ST/STM32CubeIDE_1.18.1/STM32CubeIDE/plugins/com.st.stm32cube.ide.mcu.externaltools.gnu-tools-for-stm32.13.3.rel1.win32_1.0.0.202411081344/tools/bin/../lib/gcc/arm-none-eabi/13.3.1/../../../../arm-none-eabi/lib/thumb/v7e-m+fp/hard/crt0.o (exit)
C:/ST/STM32CubeIDE_1.18.1/STM32CubeIDE/plugins/com.st.stm32cube.ide.mcu.externaltools.gnu-tools-for-stm32.13.3.rel1.win32_1.0.0.202411081344/tools/bin/../lib/gcc/arm-none-eabi/13.3.1/../../../../arm-none-eabi/lib/thumb/v7e-m+fp/hard\libc_nano.a(libc_a-findfp.o)
                              C:/ST/STM32CubeIDE_1.18.1/STM32CubeIDE/plugins/com.st.stm32cube.ide.mcu.externaltools.gnu-tools-for-stm32.13.3.rel1.win32_1.0.0.202411081344/tools/bin/../lib/gcc/arm-none-eabi/13.3.1/../../../../arm-none-eabi/lib/thumb/v7e-m+fp/hard\libc_nano.a(libc_a-exit.o) (__stdio_exit_handler)
C:/ST/STM32CubeIDE_1.18.1/STM32CubeIDE/plugins/com.st.stm32cube.ide.mcu.externaltools.gnu-tools-for-stm32.13.3.rel1.win32_1.0.0.202411081344/tools/bin/../lib/gcc/arm-none-eabi/13.3.1/../../../../arm-none-eabi/lib/thumb/v7e-m+fp/hard\libc_nano.a(libc_a-fwalk.o)
                              C:/ST/STM32CubeIDE_1.18.1/STM32CubeIDE/plugins/com.st.stm32cube.ide.mcu.externaltools.gnu-tools-for-stm32.13.3.rel1.win32_1.0.0.202411081344/tools/bin/../lib/gcc/arm-none-eabi/13.3.1/../../../../arm-none-eabi/lib/thumb/v7e-m+fp/hard\libc_nano.a(libc_a-findfp.o) (_fwalk_sglue)
C:/ST/STM32CubeIDE_1.18.1/STM32CubeIDE/plugins/com.st.stm32cube.ide.mcu.externaltools.gnu-tools-for-stm32.13.3.rel1.win32_1.0.0.202411081344/tools/bin/../lib/gcc/arm-none-eabi/13.3.1/../../../../arm-none-eabi/lib/thumb/v7e-m+fp/hard\libc_nano.a(libc_a-stdio.o)
                              C:/ST/STM32CubeIDE_1.18.1/STM32CubeIDE/plugins/com.st.stm32cube.ide.mcu.externaltools.gnu-tools-for-stm32.13.3.rel1.win32_1.0.0.202411081344/tools/bin/../lib/gcc/arm-none-eabi/13.3.1/../../../../arm-none-eabi/lib/thumb/v7e-m+fp/hard\libc_nano.a(libc_a-findfp.o) (__sread)
C:/ST/STM32CubeIDE_1.18.1/STM32CubeIDE/plugins/com.st.stm32cube.ide.mcu.externaltools.gnu-tools-for-stm32.13.3.rel1.win32_1.0.0.202411081344/tools/bin/../lib/gcc/arm-none-eabi/13.3.1/../../../../arm-none-eabi/lib/thumb/v7e-m+fp/hard\libc_nano.a(libc_a-memset.o)
                              C:/ST/STM32CubeIDE_1.18.1/STM32CubeIDE/plugins/com.st.stm32cube.ide.mcu.externaltools.gnu-tools-for-stm32.13.3.rel1.win32_1.0.0.202411081344/tools/bin/../lib/gcc/arm-none-eabi/13.3.1/../../../../arm-none-eabi/lib/thumb/v7e-m+fp/hard/crt0.o (memset)
C:/ST/STM32CubeIDE_1.18.1/STM32CubeIDE/plugins/com.st.stm32cube.ide.mcu.externaltools.gnu-tools-for-stm32.13.3.rel1.win32_1.0.0.202411081344/tools/bin/../lib/gcc/arm-none-eabi/13.3.1/../../../../arm-none-eabi/lib/thumb/v7e-m+fp/hard\libc_nano.a(libc_a-closer.o)
                              C:/ST/STM32CubeIDE_1.18.1/STM32CubeIDE/plugins/com.st.stm32cube.ide.mcu.externaltools.gnu-tools-for-stm32.13.3.rel1.win32_1.0.0.202411081344/tools/bin/../lib/gcc/arm-none-eabi/13.3.1/../../../../arm-none-eabi/lib/thumb/v7e-m+fp/hard\libc_nano.a(libc_a-stdio.o) (_close_r)
C:/ST/STM32CubeIDE_1.18.1/STM32CubeIDE/plugins/com.st.stm32cube.ide.mcu.externaltools.gnu-tools-for-stm32.13.3.rel1.win32_1.0.0.202411081344/tools/bin/../lib/gcc/arm-none-eabi/13.3.1/../../../../arm-none-eabi/lib/thumb/v7e-m+fp/hard\libc_nano.a(libc_a-reent.o)
                              C:/ST/STM32CubeIDE_1.18.1/STM32CubeIDE/plugins/com.st.stm32cube.ide.mcu.externaltools.gnu-tools-for-stm32.13.3.rel1.win32_1.0.0.202411081344/tools/bin/../lib/gcc/arm-none-eabi/13.3.1/../../../../arm-none-eabi/lib/thumb/v7e-m+fp/hard\libc_nano.a(libc_a-closer.o) (errno)
C:/ST/STM32CubeIDE_1.18.1/STM32CubeIDE/plugins/com.st.stm32cube.ide.mcu.externaltools.gnu-tools-for-stm32.13.3.rel1.win32_1.0.0.202411081344/tools/bin/../lib/gcc/arm-none-eabi/13.3.1/../../../../arm-none-eabi/lib/thumb/v7e-m+fp/hard\libc_nano.a(libc_a-impure.o)
                              C:/ST/STM32CubeIDE_1.18.1/STM32CubeIDE/plugins/com.st.stm32cube.ide.mcu.externaltools.gnu-tools-for-stm32.13.3.rel1.win32_1.0.0.202411081344/tools/bin/../lib/gcc/arm-none-eabi/13.3.1/../../../../arm-none-eabi/lib/thumb/v7e-m+fp/hard\libc_nano.a(libc_a-reent.o) (_impure_ptr)
C:/ST/STM32CubeIDE_1.18.1/STM32CubeIDE/plugins/com.st.stm32cube.ide.mcu.externaltools.gnu-tools-for-stm32.13.3.rel1.win32_1.0.0.202411081344/tools/bin/../lib/gcc/arm-none-eabi/13.3.1/../../../../arm-none-eabi/lib/thumb/v7e-m+fp/hard\libc_nano.a(libc_a-lseekr.o)
[...]
Memory Configuration

Name             Origin             Length             Attributes
RAM              0x20000000         0x00020000         xrw
FLASH            0x08000000         0x00080000         xr
*default*        0x00000000         0xffffffff

Linker script and memory map

LOAD C:/ST/STM32CubeIDE_1.18.1/STM32CubeIDE/plugins/com.st.stm32cube.ide.mcu.externaltools.gnu-tools-for-stm32.13.3.rel1.win32_1.0.0.202411081344/tools/bin/../lib/gcc/arm-none-eabi/13.3.1/thumb/v7e-m+fp/hard/crti.o
LOAD C:/ST/STM32CubeIDE_1.18.1/STM32CubeIDE/plugins/com.st.stm32cube.ide.mcu.externaltools.gnu-tools-for-stm32.13.3.rel1.win32_1.0.0.202411081344/tools/bin/../lib/gcc/arm-none-eabi/13.3.1/thumb/v7e-m+fp/hard/crtbegin.o
LOAD C:/ST/STM32CubeIDE_1.18.1/STM32CubeIDE/plugins/com.st.stm32cube.ide.mcu.externaltools.gnu-tools-for-stm32.13.3.rel1.win32_1.0.0.202411081344/tools/bin/../lib/gcc/arm-none-eabi/13.3.1/../../../../arm-none-eabi/lib/thumb/v7e-m+fp/hard/crt0.o
LOAD ./Src/ap/ap_main.o
LOAD ./Src/driver/Button/Button.o
LOAD ./Src/driver/FND/FND.o
LOAD ./Src/driver/GPIO/GPIO.o
LOAD ./Src/driver/LedBar/LedBar.o
LOAD ./Src/driver/SystemClock/SystemClock.o
LOAD ./Src/main.o
LOAD ./Src/syscalls.o
LOAD ./Src/sysmem.o
LOAD ./Startup/startup_stm32f411retx.o
START GROUP
LOAD C:/ST/STM32CubeIDE_1.18.1/STM32CubeIDE/plugins/com.st.stm32cube.ide.mcu.externaltools.gnu-tools-for-stm32.13.3.rel1.win32_1.0.0.202411081344/tools/bin/../lib/gcc/arm-none-eabi/13.3.1/../../../../arm-none-eabi/lib/thumb/v7e-m+fp/hard\libc_nano.a
LOAD C:/ST/STM32CubeIDE_1.18.1/STM32CubeIDE/plugins/com.st.stm32cube.ide.mcu.externaltools.gnu-tools-for-stm32.13.3.rel1.win32_1.0.0.202411081344/tools/bin/../lib/gcc/arm-none-eabi/13.3.1/../../../../arm-none-eabi/lib/thumb/v7e-m+fp/hard\libm.a
END GROUP
START GROUP
LOAD C:/ST/STM32CubeIDE_1.18.1/STM32CubeIDE/plugins/com.st.stm32cube.ide.mcu.externaltools.gnu-tools-for-stm32.13.3.rel1.win32_1.0.0.202411081344/tools/bin/../lib/gcc/arm-none-eabi/13.3.1/thumb/v7e-m+fp/hard\libgcc.a
LOAD C:/ST/STM32CubeIDE_1.18.1/STM32CubeIDE/plugins/com.st.stm32cube.ide.mcu.externaltools.gnu-tools-for-stm32.13.3.rel1.win32_1.0.0.202411081344/tools/bin/../lib/gcc/arm-none-eabi/13.3.1/../../../../arm-none-eabi/lib/thumb/v7e-m+fp/hard\libc_nano.a
END GROUP
START GROUP
LOAD C:/ST/STM32CubeIDE_1.18.1/STM32CubeIDE/plugins/com.st.stm32cube.ide.mcu.externaltools.gnu-tools-for-stm32.13.3.rel1.win32_1.0.0.202411081344/tools/bin/../lib/gcc/arm-none-eabi/13.3.1/thumb/v7e-m+fp/hard\libgcc.a
LOAD C:/ST/STM32CubeIDE_1.18.1/STM32CubeIDE/plugins/com.st.stm32cube.ide.mcu.externaltools.gnu-tools-for-stm32.13.3.rel1.win32_1.0.0.202411081344/tools/bin/../lib/gcc/arm-none-eabi/13.3.1/../../../../arm-none-eabi/lib/thumb/v7e-m+fp/hard\libc_nano.a
LOAD C:/ST/STM32CubeIDE_1.18.1/STM32CubeIDE/plugins/com.st.stm32cube.ide.mcu.externaltools.gnu-tools-for-stm32.13.3.rel1.win32_1.0.0.202411081344/tools/bin/../lib/gcc/arm-none-eabi/13.3.1/../../../../arm-none-eabi/lib/thumb/v7e-m+fp/hard\libnosys.a
END GROUP
START GROUP
LOAD C:/ST/STM32CubeIDE_1.18.1/STM32CubeIDE/plugins/com.st.stm32cube.ide.mcu.externaltools.gnu-tools-for-stm32.13.3.rel1.win32_1.0.0.202411081344/tools/bin/../lib/gcc/arm-none-eabi/13.3.1/thumb/v7e-m+fp/hard\libgcc.a
LOAD C:/ST/STM32CubeIDE_1.18.1/STM32CubeIDE/plugins/com.st.stm32cube.ide.mcu.externaltools.gnu-tools-for-stm32.13.3.rel1.win32_1.0.0.202411081344/tools/bin/../lib/gcc/arm-none-eabi/13.3.1/../../../../arm-none-eabi/lib/thumb/v7e-m+fp/hard\libc_nano.a
LOAD C:/ST/STM32CubeIDE_1.18.1/STM32CubeIDE/plugins/com.st.stm32cube.ide.mcu.externaltools.gnu-tools-for-stm32.13.3.rel1.win32_1.0.0.202411081344/tools/bin/../lib/gcc/arm-none-eabi/13.3.1/../../../../arm-none-eabi/lib/thumb/v7e-m+fp/hard\libnosys.a
END GROUP
LOAD C:/ST/STM32CubeIDE_1.18.1/STM32CubeIDE/plugins/com.st.stm32cube.ide.mcu.externaltools.gnu-tools-for-stm32.13.3.rel1.win32_1.0.0.202411081344/tools/bin/../lib/gcc/arm-none-eabi/13.3.1/thumb/v7e-m+fp/hard/crtend.o
LOAD C:/ST/STM32CubeIDE_1.18.1/STM32CubeIDE/plugins/com.st.stm32cube.ide.mcu.externaltools.gnu-tools-for-stm32.13.3.rel1.win32_1.0.0.202411081344/tools/bin/../lib/gcc/arm-none-eabi/13.3.1/thumb/v7e-m+fp/hard/crtn.o
                0x20020000                        _estack = (ORIGIN (RAM) + LENGTH (RAM))
                0x00000200                        _Min_Heap_Size = 0x200
                0x00000400                        _Min_Stack_Size = 0x400

.isr_vector     0x08000000      0x198
                0x08000000                        . = ALIGN (0x4)
 *(.isr_vector)
 .isr_vector    0x08000000      0x198 ./Startup/startup_stm32f411retx.o
                0x08000000                g_pfnVectors
                0x08000198                        . = ALIGN (0x4)

.text           0x08000198      0xd3c
                0x08000198                        . = ALIGN (0x4)
 *(.text)
 .text          0x08000198       0x40 C:/ST/STM32CubeIDE_1.18.1/STM32CubeIDE/plugins/com.st.stm32cube.ide.mcu.externaltools.gnu-tools-for-stm32.13.3.rel1.win32_1.0.0.202411081344/tools/bin/../lib/gcc/arm-none-eabi/13.3.1/thumb/v7e-m+fp/hard/crtbegin.o
 *(.text*)
 .text.ap_main  0x080001d8      0x374 ./Src/ap/ap_main.o
                0x080001d8                ap_main
 .text.ap_init  0x0800054c       0x58 ./Src/ap/ap_main.o
                0x0800054c                ap_init
 .text.Button_Init
                0x080005a4       0x36 ./Src/driver/Button/Button.o
                0x080005a4                Button_Init
 .text.Button_GetState
                0x080005da       0x60 ./Src/driver/Button/Button.o
                0x080005da                Button_GetState
 .text.FND_Init
                0x0800063a       0x32 ./Src/driver/FND/FND.o
                0x0800063a                FND_Init
 .text.FND_DATA_Init
                0x0800066c       0x8c ./Src/driver/FND/FND.o
                0x0800066c                FND_DATA_Init
 .text.FND_Write
                0x080006f8      0x568 ./Src/driver/FND/FND.o
                0x080006f8                FND_Write
 .text.GPIO_init
                0x08000c60       0x62 ./Src/driver/GPIO/GPIO.o
                0x08000c60                GPIO_init
 .text.GPIO_WritePin
                0x08000cc2       0x48 ./Src/driver/GPIO/GPIO.o
                0x08000cc2                GPIO_WritePin
 .text.GPIO_ReadPin
                0x08000d0a       0x2e ./Src/driver/GPIO/GPIO.o
                0x08000d0a                GPIO_ReadPin
 .text.LedBar_Init
                0x08000d38       0x64 ./Src/driver/LedBar/LedBar.o
                0x08000d38                LedBar_Init
 .text.SystemClock_Init
                0x08000d9c       0x38 ./Src/driver/SystemClock/SystemClock.o
                0x08000d9c                SystemClock_Init
 .text.delay    0x08000dd4       0x3e ./Src/driver/SystemClock/SystemClock.o
                0x08000dd4                delay
 .text.main     0x08000e12        0xe ./Src/main.o
                0x08000e12                main
 .text.Reset_Handler
                0x08000e20       0x50 ./Startup/startup_stm32f411retx.o
                0x08000e20                Reset_Handler
 .text.Default_Handler
                0x08000e70        0x2 ./Startup/startup_stm32f411retx.o
                0x08000e70                RTC_Alarm_IRQHandler
                0x08000e70                EXTI2_IRQHandler
                0x08000e70                DebugMon_Handler
                0x08000e70                SPI4_IRQHandler
                0x08000e70                TIM1_CC_IRQHandler
                0x08000e70                DMA2_Stream5_IRQHandler
                0x08000e70                HardFault_Handler
                0x08000e70                DMA1_Stream5_IRQHandler
                0x08000e70                SysTick_Handler
                0x08000e70                PVD_IRQHandler
                0x08000e70                SDIO_IRQHandler
                0x08000e70                TAMP_STAMP_IRQHandler
                0x08000e70                PendSV_Handler
                0x08000e70                NMI_Handler
                0x08000e70                EXTI3_IRQHandler
                0x08000e70                TIM1_UP_TIM10_IRQHandler
                0x08000e70                I2C3_ER_IRQHandler
                0x08000e70                EXTI0_IRQHandler
                0x08000e70                I2C2_EV_IRQHandler
                0x08000e70                DMA1_Stream2_IRQHandler
                0x08000e70                UsageFault_Handler
                0x08000e70                DMA2_Stream2_IRQHandler
                0x08000e70                SPI1_IRQHandler
                0x08000e70                TIM1_BRK_TIM9_IRQHandler
                0x08000e70                DMA2_Stream3_IRQHandler
                0x08000e70                USART6_IRQHandler
                0x08000e70                DMA2_Stream0_IRQHandler
                0x08000e70                TIM4_IRQHandler
                0x08000e70                I2C1_EV_IRQHandler
                0x08000e70                DMA1_Stream6_IRQHandler
                0x08000e70                DMA1_Stream1_IRQHandler
                0x08000e70                TIM3_IRQHandler
                0x08000e70                RCC_IRQHandler
                0x08000e70                Default_Handler
                0x08000e70                EXTI15_10_IRQHandler
                0x08000e70                ADC_IRQHandler
                0x08000e70                DMA1_Stream7_IRQHandler
                0x08000e70                SPI5_IRQHandler
                0x08000e70                TIM5_IRQHandler
                0x08000e70                DMA2_Stream7_IRQHandler
                0x08000e70                I2C3_EV_IRQHandler
                0x08000e70                EXTI9_5_IRQHandler
                0x08000e70                RTC_WKUP_IRQHandler
                0x08000e70                SPI2_IRQHandler
                0x08000e70                MemManage_Handler
                0x08000e70                DMA1_Stream0_IRQHandler
                0x08000e70                SVC_Handler
                0x08000e70                EXTI4_IRQHandler
                0x08000e70                WWDG_IRQHandler
                0x08000e70                TIM2_IRQHandler
                0x08000e70                OTG_FS_WKUP_IRQHandler
                0x08000e70                TIM1_TRG_COM_TIM11_IRQHandler
                0x08000e70                EXTI1_IRQHandler
                0x08000e70                USART2_IRQHandler
                0x08000e70                I2C2_ER_IRQHandler
                0x08000e70                DMA2_Stream1_IRQHandler
                0x08000e70                FLASH_IRQHandler
                0x08000e70                DMA2_Stream4_IRQHandler
                0x08000e70                BusFault_Handler
                0x08000e70                USART1_IRQHandler
                0x08000e70                OTG_FS_IRQHandler
                0x08000e70                SPI3_IRQHandler
                0x08000e70                DMA1_Stream4_IRQHandler
                0x08000e70                I2C1_ER_IRQHandler
                0x08000e70                DMA2_Stream6_IRQHandler
                0x08000e70                DMA1_Stream3_IRQHandler
 *fill*         0x08000e72        0x2 
 .text.__libc_init_array
                0x08000e74       0x48 C:/ST/STM32CubeIDE_1.18.1/STM32CubeIDE/plugins/com.st.stm32cube.ide.mcu.externaltools.gnu-tools-for-stm32.13.3.rel1.win32_1.0.0.202411081344/tools/bin/../lib/gcc/arm-none-eabi/13.3.1/../../../../arm-none-eabi/lib/thumb/v7e-m+fp/hard\libc_nano.a(libc_a-init.o)
                0x08000e74                __libc_init_array
 *(.glue_7)
 .glue_7        0x08000ebc        0x0 linker stubs
 *(.glue_7t)
 .glue_7t       0x08000ebc        0x0 linker stubs
 *(.eh_frame)
 .eh_frame      0x08000ebc        0x0 C:/ST/STM32CubeIDE_1.18.1/STM32CubeIDE/plugins/com.st.stm32cube.ide.mcu.externaltools.gnu-tools-for-stm32.13.3.rel1.win32_1.0.0.202411081344/tools/bin/../lib/gcc/arm-none-eabi/13.3.1/thumb/v7e-m+fp/hard/crtbegin.o
 *(.init)
 .init          0x08000ebc        0x4 C:/ST/STM32CubeIDE_1.18.1/STM32CubeIDE/plugins/com.st.stm32cube.ide.mcu.externaltools.gnu-tools-for-stm32.13.3.rel1.win32_1.0.0.202411081344/tools/bin/../lib/gcc/arm-none-eabi/13.3.1/thumb/v7e-m+fp/hard/crti.o
                0x08000ebc                _init
 .init          0x08000ec0        0x8 C:/ST/STM32CubeIDE_1.18.1/STM32CubeIDE/plugins/com.st.stm32cube.ide.mcu.externaltools.gnu-tools-for-stm32.13.3.rel1.win32_1.0.0.202411081344/tools/bin/../lib/gcc/arm-none-eabi/13.3.1/thumb/v7e-m+fp/hard/crtn.o
 *(.fini)
 .fini          0x08000ec8        0x4 C:/ST/STM32CubeIDE_1.18.1/STM32CubeIDE/plugins/com.st.stm32cube.ide.mcu.externaltools.gnu-tools-for-stm32.13.3.rel1.win32_1.0.0.202411081344/tools/bin/../lib/gcc/arm-none-eabi/13.3.1/thumb/v7e-m+fp/hard/crti.o
                0x08000ec8                _fini
 .fini          0x08000ecc        0x8 C:/ST/STM32CubeIDE_1.18.1/STM32CubeIDE/plugins/com.st.stm32cube.ide.mcu.externaltools.gnu-tools-for-stm32.13.3.rel1.win32_1.0.0.202411081344/tools/bin/../lib/gcc/arm-none-eabi/13.3.1/thumb/v7e-m+fp/hard/crtn.o
                0x08000ed4                        . = ALIGN (0x4)
                0x08000ed4                        _etext = .

.vfp11_veneer   0x08000ed4        0x0
 .vfp11_veneer  0x08000ed4        0x0 linker stubs

.v4_bx          0x08000ed4        0x0
 .v4_bx         0x08000ed4        0x0 linker stubs

.iplt           0x08000ed4        0x0
 .iplt          0x08000ed4        0x0 C:/ST/STM32CubeIDE_1.18.1/STM32CubeIDE/plugins/com.st.stm32cube.ide.mcu.externaltools.gnu-tools-for-stm32.13.3.rel1.win32_1.0.0.202411081344/tools/bin/../lib/gcc/arm-none-eabi/13.3.1/thumb/v7e-m+fp/hard/crtbegin.o

.rodata         0x08000ed4        0x0
                0x08000ed4                        . = ALIGN (0x4)
 *(.rodata)
 *(.rodata*)
                0x08000ed4                        . = ALIGN (0x4)

.ARM.extab      0x08000ed4        0x0
                0x08000ed4                        . = ALIGN (0x4)
 *(.ARM.extab* .gnu.linkonce.armextab.*)
                0x08000ed4                        . = ALIGN (0x4)

.ARM            0x08000ed4        0x0
                0x08000ed4                        . = ALIGN (0x4)
                0x08000ed4                        __exidx_start = .
 *(.ARM.exidx*)
                0x08000ed4                        __exidx_end = .
                0x08000ed4                        . = ALIGN (0x4)

.preinit_array  0x08000ed4        0x0
                0x08000ed4                        . = ALIGN (0x4)
                0x08000ed4                        PROVIDE (__preinit_array_start = .)
 *(.preinit_array*)
                0x08000ed4                        PROVIDE (__preinit_array_end = .)
                0x08000ed4                        . = ALIGN (0x4)

.init_array     0x08000ed4        0x4
                0x08000ed4                        . = ALIGN (0x4)
                0x08000ed4                        PROVIDE (__init_array_start = .)
 *(SORT_BY_NAME(.init_array.*))
 *(.init_array*)
 .init_array    0x08000ed4        0x4 C:/ST/STM32CubeIDE_1.18.1/STM32CubeIDE/plugins/com.st.stm32cube.ide.mcu.externaltools.gnu-tools-for-stm32.13.3.rel1.win32_1.0.0.202411081344/tools/bin/../lib/gcc/arm-none-eabi/13.3.1/thumb/v7e-m+fp/hard/crtbegin.o
                0x08000ed8                        PROVIDE (__init_array_end = .)
                0x08000ed8                        . = ALIGN (0x4)

.fini_array     0x08000ed8        0x4
                0x08000ed8                        . = ALIGN (0x4)
                [!provide]                        PROVIDE (__fini_array_start = .)
 *(SORT_BY_NAME(.fini_array.*))
 *(.fini_array*)
 .fini_array    0x08000ed8        0x4 C:/ST/STM32CubeIDE_1.18.1/STM32CubeIDE/plugins/com.st.stm32cube.ide.mcu.externaltools.gnu-tools-for-stm32.13.3.rel1.win32_1.0.0.202411081344/tools/bin/../lib/gcc/arm-none-eabi/13.3.1/thumb/v7e-m+fp/hard/crtbegin.o
                [!provide]                        PROVIDE (__fini_array_end = .)
                0x08000edc                        . = ALIGN (0x4)
                0x08000edc                        _sidata = LOADADDR (.data)

.rel.dyn        0x08000edc        0x0
 .rel.iplt      0x08000edc        0x0 C:/ST/STM32CubeIDE_1.18.1/STM32CubeIDE/plugins/com.st.stm32cube.ide.mcu.externaltools.gnu-tools-for-stm32.13.3.rel1.win32_1.0.0.202411081344/tools/bin/../lib/gcc/arm-none-eabi/13.3.1/thumb/v7e-m+fp/hard/crtbegin.o

.data           0x20000000       0x60 load address 0x08000edc
                0x20000000                        . = ALIGN (0x4)
                0x20000000                        _sdata = .
 *(.data)
 *(.data*)
 .data.FND      0x20000000       0x60 ./Src/driver/FND/FND.o
                0x20000000                FND
 *(.RamFunc)
 *(.RamFunc*)
                0x20000060                        . = ALIGN (0x4)
                0x20000060                        _edata = .

.igot.plt       0x20000060        0x0 load address 0x08000f3c
 .igot.plt      0x20000060        0x0 C:/ST/STM32CubeIDE_1.18.1/STM32CubeIDE/plugins/com.st.stm32cube.ide.mcu.externaltools.gnu-tools-for-stm32.13.3.rel1.win32_1.0.0.202411081344/tools/bin/../lib/gcc/arm-none-eabi/13.3.1/thumb/v7e-m+fp/hard/crtbegin.o
                0x20000060                        . = ALIGN (0x4)

.bss            0x20000060       0x7c load address 0x08000f3c
                0x20000060                        _sbss = .
                0x20000060                        __bss_start__ = _sbss
 *(.bss)
 .bss           0x20000060       0x1c C:/ST/STM32CubeIDE_1.18.1/STM32CubeIDE/plugins/com.st.stm32cube.ide.mcu.externaltools.gnu-tools-for-stm32.13.3.rel1.win32_1.0.0.202411081344/tools/bin/../lib/gcc/arm-none-eabi/13.3.1/thumb/v7e-m+fp/hard/crtbegin.o
 *(.bss*)
 .bss.hBtnClear
                0x2000007c        0xc ./Src/ap/ap_main.o
                0x2000007c                hBtnClear
 .bss.hBtnLeft  0x20000088        0xc ./Src/ap/ap_main.o
                0x20000088                hBtnLeft
 .bss.hBtnRight
                0x20000094        0xc ./Src/ap/ap_main.o
                0x20000094                hBtnRight
 .bss.hBtnOnOff
                0x200000a0        0xc ./Src/ap/ap_main.o
                0x200000a0                hBtnOnOff
 .bss.D1        0x200000ac        0xc ./Src/ap/ap_main.o
                0x200000ac                D1
 .bss.D2        0x200000b8        0xc ./Src/ap/ap_main.o
                0x200000b8                D2
 .bss.D3        0x200000c4        0xc ./Src/ap/ap_main.o
                0x200000c4                D3
 .bss.D4        0x200000d0        0xc ./Src/ap/ap_main.o
                0x200000d0                D4
 *(COMMON)
                0x200000dc                        . = ALIGN (0x4)
                0x200000dc                        _ebss = .
                0x200000dc                        __bss_end__ = _ebss

._user_heap_stack
                0x200000dc      0x604 load address 0x08000f3c
                0x200000e0                        . = ALIGN (0x8)
 *fill*         0x200000dc        0x4 
                [!provide]                        PROVIDE (end = .)
                0x200000e0                        PROVIDE (_end = .)
                0x200002e0                        . = (. + _Min_Heap_Size)
 *fill*         0x200000e0      0x200 
                0x200006e0                        . = (. + _Min_Stack_Size)
 *fill*         0x200002e0      0x400 
                0x200006e0                        . = ALIGN (0x8)

/DISCARD/
 libc.a(*)
 libm.a(*)
 libgcc.a(*)

.ARM.attributes
                0x00000000       0x30
 *(.ARM.attributes)
 .ARM.attributes
                0x00000000       0x22 C:/ST/STM32CubeIDE_1.18.1/STM32CubeIDE/plugins/com.st.stm32cube.ide.mcu.externaltools.gnu-tools-for-stm32.13.3.rel1.win32_1.0.0.202411081344/tools/bin/../lib/gcc/arm-none-eabi/13.3.1/thumb/v7e-m+fp/hard/crti.o
 .ARM.attributes
                0x00000022       0x34 C:/ST/STM32CubeIDE_1.18.1/STM32CubeIDE/plugins/com.st.stm32cube.ide.mcu.externaltools.gnu-tools-for-stm32.13.3.rel1.win32_1.0.0.202411081344/tools/bin/../lib/gcc/arm-none-eabi/13.3.1/thumb/v7e-m+fp/hard/crtbegin.o
 .ARM.attributes
                0x00000056       0x34 ./Src/ap/ap_main.o
 .ARM.attributes
                0x0000008a       0x34 ./Src/driver/Button/Button.o
 .ARM.attributes
                0x000000be       0x34 ./Src/driver/FND/FND.o
 .ARM.attributes
                0x000000f2       0x34 ./Src/driver/GPIO/GPIO.o
 .ARM.attributes
                0x00000126       0x34 ./Src/driver/LedBar/LedBar.o
 .ARM.attributes
                0x0000015a       0x34 ./Src/driver/SystemClock/SystemClock.o
 .ARM.attributes
                0x0000018e       0x34 ./Src/main.o
 .ARM.attributes
                0x000001c2       0x21 ./Startup/startup_stm32f411retx.o
 .ARM.attributes
                0x000001e3       0x34 C:/ST/STM32CubeIDE_1.18.1/STM32CubeIDE/plugins/com.st.stm32cube.ide.mcu.externaltools.gnu-tools-for-stm32.13.3.rel1.win32_1.0.0.202411081344/tools/bin/../lib/gcc/arm-none-eabi/13.3.1/../../../../arm-none-eabi/lib/thumb/v7e-m+fp/hard\libc_nano.a(libc_a-init.o)
 .ARM.attributes
                0x00000217       0x22 C:/ST/STM32CubeIDE_1.18.1/STM32CubeIDE/plugins/com.st.stm32cube.ide.mcu.externaltools.gnu-tools-for-stm32.13.3.rel1.win32_1.0.0.202411081344/tools/bin/../lib/gcc/arm-none-eabi/13.3.1/thumb/v7e-m+fp/hard/crtn.o
OUTPUT(0619_button_led.elf elf32-littlearm)
LOAD linker stubs
LOAD C:/ST/STM32CubeIDE_1.18.1/STM32CubeIDE/plugins/com.st.stm32cube.ide.mcu.externaltools.gnu-tools-for-stm32.13.3.rel1.win32_1.0.0.202411081344/tools/bin/../lib/gcc/arm-none-eabi/13.3.1/../../../../arm-none-eabi/lib/thumb/v7e-m+fp/hard\libc.a
LOAD C:/ST/STM32CubeIDE_1.18.1/STM32CubeIDE/plugins/com.st.stm32cube.ide.mcu.externaltools.gnu-tools-for-stm32.13.3.rel1.win32_1.0.0.202411081344/tools/bin/../lib/gcc/arm-none-eabi/13.3.1/../../../../arm-none-eabi/lib/thumb/v7e-m+fp/hard\libm.a
LOAD C:/ST/STM32CubeIDE_1.18.1/STM32CubeIDE/plugins/com.st.stm32cube.ide.mcu.externaltools.gnu-tools-for-stm32.13.3.rel1.win32_1.0.0.202411081344/tools/bin/../lib/gcc/arm-none-eabi/13.3.1/thumb/v7e-m+fp/hard\libgcc.a

.debug_info     0x00000000     0x115c
 .debug_info    0x00000000      0x428 ./Src/ap/ap_main.o
 .debug_info    0x00000428      0x284 ./Src/driver/Button/Button.o
 .debug_info    0x000006ac      0x289 ./Src/driver/FND/FND.o
 .debug_info    0x00000935      0x25b ./Src/driver/GPIO/GPIO.o
 .debug_info    0x00000b90      0x246 ./Src/driver/LedBar/LedBar.o
 .debug_info    0x00000dd6      0x2b7 ./Src/driver/SystemClock/SystemClock.o
 .debug_info    0x0000108d       0x9f ./Src/main.o
 .debug_info    0x0000112c       0x30 ./Startup/startup_stm32f411retx.o

.debug_abbrev   0x00000000      0x875
 .debug_abbrev  0x00000000      0x19a ./Src/ap/ap_main.o
 .debug_abbrev  0x0000019a      0x16e ./Src/driver/Button/Button.o
 .debug_abbrev  0x00000308      0x15a ./Src/driver/FND/FND.o
 .debug_abbrev  0x00000462      0x126 ./Src/driver/GPIO/GPIO.o
 .debug_abbrev  0x00000588      0x170 ./Src/driver/LedBar/LedBar.o
 .debug_abbrev  0x000006f8       0xf8 ./Src/driver/SystemClock/SystemClock.o
 .debug_abbrev  0x000007f0       0x61 ./Src/main.o
 .debug_abbrev  0x00000851       0x24 ./Startup/startup_stm32f411retx.o

.debug_aranges  0x00000000      0x158
 .debug_aranges
                0x00000000       0x28 ./Src/ap/ap_main.o
 .debug_aranges
                0x00000028       0x28 ./Src/driver/Button/Button.o
 .debug_aranges
                0x00000050       0x30 ./Src/driver/FND/FND.o
 .debug_aranges
                0x00000080       0x38 ./Src/driver/GPIO/GPIO.o
 .debug_aranges
                0x000000b8       0x28 ./Src/driver/LedBar/LedBar.o
 .debug_aranges
                0x000000e0       0x30 ./Src/driver/SystemClock/SystemClock.o
 .debug_aranges
                0x00000110       0x20 ./Src/main.o
 .debug_aranges
                0x00000130       0x28 ./Startup/startup_stm32f411retx.o

.debug_rnglists
                0x00000000       0xdd
 .debug_rnglists
                0x00000000       0x1a ./Src/ap/ap_main.o
 .debug_rnglists
                0x0000001a       0x19 ./Src/driver/Button/Button.o
 .debug_rnglists
                0x00000033       0x21 ./Src/driver/FND/FND.o
 .debug_rnglists
                0x00000054       0x25 ./Src/driver/GPIO/GPIO.o
 .debug_rnglists
                0x00000079       0x19 ./Src/driver/LedBar/LedBar.o
 .debug_rnglists
                0x00000092       0x1f ./Src/driver/SystemClock/SystemClock.o
 .debug_rnglists
                0x000000b1       0x13 ./Src/main.o
 .debug_rnglists
                0x000000c4       0x19 ./Startup/startup_stm32f411retx.o

.debug_macro    0x00000000     0xcccf
 .debug_macro   0x00000000       0xa8 ./Src/ap/ap_main.o
 .debug_macro   0x000000a8      0xae4 ./Src/ap/ap_main.o
 .debug_macro   0x00000b8c       0x22 ./Src/ap/ap_main.o
 .debug_macro   0x00000bae       0x8e ./Src/ap/ap_main.o
 .debug_macro   0x00000c3c       0x51 ./Src/ap/ap_main.o
 .debug_macro   0x00000c8d      0x103 ./Src/ap/ap_main.o
 .debug_macro   0x00000d90       0x6a ./Src/ap/ap_main.o
 .debug_macro   0x00000dfa      0x1df ./Src/ap/ap_main.o
 .debug_macro   0x00000fd9     0xb992 ./Src/ap/ap_main.o
 .debug_macro   0x0000c96b       0x8a ./Src/driver/Button/Button.o
 .debug_macro   0x0000c9f5       0xbc ./Src/driver/FND/FND.o
 .debug_macro   0x0000cab1       0x76 ./Src/driver/GPIO/GPIO.o
 .debug_macro   0x0000cb27       0x80 ./Src/driver/LedBar/LedBar.o
 .debug_macro   0x0000cba7       0x80 ./Src/driver/SystemClock/SystemClock.o
 .debug_macro   0x0000cc27       0xa8 ./Src/main.o

.debug_line     0x00000000     0x28d3
 .debug_line    0x00000000      0x7f2 ./Src/ap/ap_main.o
 .debug_line    0x000007f2      0x57b ./Src/driver/Button/Button.o
 .debug_line    0x00000d6d      0x53e ./Src/driver/FND/FND.o
 .debug_line    0x000012ab      0x4cb ./Src/driver/GPIO/GPIO.o
 .debug_line    0x00001776      0x4e7 ./Src/driver/LedBar/LedBar.o
 .debug_line    0x00001c5d      0x51d ./Src/driver/SystemClock/SystemClock.o
 .debug_line    0x0000217a      0x6de ./Src/main.o
 .debug_line    0x00002858       0x7b ./Startup/startup_stm32f411retx.o

.debug_str      0x00000000    0x48afc
 .debug_str     0x00000000    0x48afc ./Src/ap/ap_main.o
                              0x48998 (size before relaxing)
 .debug_str     0x00048afc    0x4884c ./Src/driver/Button/Button.o
 .debug_str     0x00048afc    0x48875 ./Src/driver/FND/FND.o
 .debug_str     0x00048afc    0x487e5 ./Src/driver/GPIO/GPIO.o
 .debug_str     0x00048afc    0x48809 ./Src/driver/LedBar/LedBar.o
 .debug_str     0x00048afc    0x48890 ./Src/driver/SystemClock/SystemClock.o
 .debug_str     0x00048afc    0x48790 ./Src/main.o
 .debug_str     0x00048afc       0x9e ./Startup/startup_stm32f411retx.o

.comment        0x00000000       0x43
 .comment       0x00000000       0x43 ./Src/ap/ap_main.o
                                 0x44 (size before relaxing)
 .comment       0x00000043       0x44 ./Src/driver/Button/Button.o
 .comment       0x00000043       0x44 ./Src/driver/FND/FND.o
 .comment       0x00000043       0x44 ./Src/driver/GPIO/GPIO.o
 .comment       0x00000043       0x44 ./Src/driver/LedBar/LedBar.o
 .comment       0x00000043       0x44 ./Src/driver/SystemClock/SystemClock.o
 .comment       0x00000043       0x44 ./Src/main.o

.debug_frame    0x00000000      0x2ec
 .debug_frame   0x00000000       0x4c ./Src/ap/ap_main.o
 .debug_frame   0x0000004c       0x58 ./Src/driver/Button/Button.o
 .debug_frame   0x000000a4       0x78 ./Src/driver/FND/FND.o
 .debug_frame   0x0000011c       0xb0 ./Src/driver/GPIO/GPIO.o
 .debug_frame   0x000001cc       0x50 ./Src/driver/LedBar/LedBar.o
 .debug_frame   0x0000021c       0x78 ./Src/driver/SystemClock/SystemClock.o
 .debug_frame   0x00000294       0x2c ./Src/main.o
 .debug_frame   0x000002c0       0x2c C:/ST/STM32CubeIDE_1.18.1/STM32CubeIDE/plugins/com.st.stm32cube.ide.mcu.externaltools.gnu-tools-for-stm32.13.3.rel1.win32_1.0.0.202411081344/tools/bin/../lib/gcc/arm-none-eabi/13.3.1/../../../../arm-none-eabi/lib/thumb/v7e-m+fp/hard\libc_nano.a(libc_a-init.o)

.debug_line_str
                0x00000000       0x82
 .debug_line_str
                0x00000000       0x82 ./Startup/startup_stm32f411retx.o
