17:38:15 **** Incremental Build of configuration Debug for project 0619_button_led ****
make -j16 all 
arm-none-eabi-gcc "../Src/ap/ap_main.c" -mcpu=cortex-m4 -std=gnu11 -g3 -DDEBUG -DNUCLEO_F411RE -DSTM32 -DSTM32F4 -DSTM32F411RETx -c -I../Inc -I"C:/Users/kccistc/Documents/GitHub/Harman_STM32/workspace/stm32_workspace/0619_button_led/Src/driver/GPIO" -I"C:/Users/kccistc/Documents/GitHub/Harman_STM32/workspace/stm32_workspace/0619_button_led/Src/driver/LedBar" -I"C:/Users/kccistc/Documents/GitHub/Harman_STM32/workspace/stm32_workspace/0619_button_led/Src/driver/SystemClock" -I"C:/Users/kccistc/Documents/GitHub/Harman_STM32/workspace/stm32_workspace/0619_button_led/Src/ap" -I"C:/Users/kccistc/Documents/GitHub/Harman_STM32/workspace/stm32_workspace/0619_button_led/Src/driver/Button" -I"C:/Users/kccistc/Documents/GitHub/Harman_STM32/workspace/stm32_workspace/0619_button_led/Src/driver/FND" -O0 -ffunction-sections -fdata-sections -Wall -fstack-usage -fcyclomatic-complexity -MMD -MP -MF"Src/ap/ap_main.d" -MT"Src/ap/ap_main.o" --specs=nano.specs -mfpu=fpv4-sp-d16 -mfloat-abi=hard -mthumb -o "Src/ap/ap_main.o"
../Src/ap/ap_main.c: In function 'ap_main':
../Src/ap/ap_main.c:119:18: warning: variable 'prev_fnd_state' set but not used [-Wunused-but-set-variable]
  119 |         uint32_t prev_fnd_state = 0x01;
      |                  ^~~~~~~~~~~~~~
arm-none-eabi-gcc -o "0619_button_led.elf" @"objects.list"   -mcpu=cortex-m4 -T"C:\Users\kccistc\Documents\GitHub\Harman_STM32\workspace\stm32_workspace\0619_button_led\STM32F411RETX_FLASH.ld" --specs=nosys.specs -Wl,-Map="0619_button_led.map" -Wl,--gc-sections -static --specs=nano.specs -mfpu=fpv4-sp-d16 -mfloat-abi=hard -mthumb -Wl,--start-group -lc -lm -Wl,--end-group
Finished building target: 0619_button_led.elf
 
arm-none-eabi-size  0619_button_led.elf 
arm-none-eabi-objdump -h -S 0619_button_led.elf  > "0619_button_led.list"
   text	   data	    bss	    dec	    hex	filename
   3804	     96	   1664	   5564	   15bc	0619_button_led.elf
Finished building: default.size.stdout
 
Finished building: 0619_button_led.list
 

17:38:15 Build Finished. 0 errors, 1 warnings. (took 440ms)

