11:35:22 **** Incremental Build of configuration Debug for project 0619_BareMetal2 ****
make -j16 all 
arm-none-eabi-gcc "../Src/ap/ap_main.c" -mcpu=cortex-m4 -std=gnu11 -g3 -DDEBUG -DSTM32 -DSTM32F4 -DSTM32F411RETx -c -I../Inc -I"C:/Users/kccistc/Documents/GitHub/Harman_STM32/workspace/stm32_workspace/0619_BareMetal2/Src/Driver/SystemClock" -I"C:/Users/kccistc/Documents/GitHub/Harman_STM32/workspace/stm32_workspace/0619_BareMetal2/Src/Driver/GPIO" -I"C:/Users/kccistc/Documents/GitHub/Harman_STM32/workspace/stm32_workspace/0619_BareMetal2/Src/Driver/LEDBAR" -I"C:/Users/kccistc/Documents/GitHub/Harman_STM32/workspace/stm32_workspace/0619_BareMetal2/Src/Driver/BTN" -I"C:/Users/kccistc/Documents/GitHub/Harman_STM32/workspace/stm32_workspace/0619_BareMetal2/Src/ap" -O0 -ffunction-sections -fdata-sections -Wall -fstack-usage -fcyclomatic-complexity -MMD -MP -MF"Src/ap/ap_main.d" -MT"Src/ap/ap_main.o" --specs=nano.specs -mfpu=fpv4-sp-d16 -mfloat-abi=hard -mthumb -o "Src/ap/ap_main.o"
arm-none-eabi-gcc "../Src/Driver/BTN/BTN.c" -mcpu=cortex-m4 -std=gnu11 -g3 -DDEBUG -DSTM32 -DSTM32F4 -DSTM32F411RETx -c -I../Inc -I"C:/Users/kccistc/Documents/GitHub/Harman_STM32/workspace/stm32_workspace/0619_BareMetal2/Src/Driver/SystemClock" -I"C:/Users/kccistc/Documents/GitHub/Harman_STM32/workspace/stm32_workspace/0619_BareMetal2/Src/Driver/GPIO" -I"C:/Users/kccistc/Documents/GitHub/Harman_STM32/workspace/stm32_workspace/0619_BareMetal2/Src/Driver/LEDBAR" -I"C:/Users/kccistc/Documents/GitHub/Harman_STM32/workspace/stm32_workspace/0619_BareMetal2/Src/Driver/BTN" -I"C:/Users/kccistc/Documents/GitHub/Harman_STM32/workspace/stm32_workspace/0619_BareMetal2/Src/ap" -O0 -ffunction-sections -fdata-sections -Wall -fstack-usage -fcyclomatic-complexity -MMD -MP -MF"Src/Driver/BTN/BTN.d" -MT"Src/Driver/BTN/BTN.o" --specs=nano.specs -mfpu=fpv4-sp-d16 -mfloat-abi=hard -mthumb -o "Src/Driver/BTN/BTN.o"
arm-none-eabi-gcc "../Src/main.c" -mcpu=cortex-m4 -std=gnu11 -g3 -DDEBUG -DSTM32 -DSTM32F4 -DSTM32F411RETx -c -I../Inc -I"C:/Users/kccistc/Documents/GitHub/Harman_STM32/workspace/stm32_workspace/0619_BareMetal2/Src/Driver/SystemClock" -I"C:/Users/kccistc/Documents/GitHub/Harman_STM32/workspace/stm32_workspace/0619_BareMetal2/Src/Driver/GPIO" -I"C:/Users/kccistc/Documents/GitHub/Harman_STM32/workspace/stm32_workspace/0619_BareMetal2/Src/Driver/LEDBAR" -I"C:/Users/kccistc/Documents/GitHub/Harman_STM32/workspace/stm32_workspace/0619_BareMetal2/Src/Driver/BTN" -I"C:/Users/kccistc/Documents/GitHub/Harman_STM32/workspace/stm32_workspace/0619_BareMetal2/Src/ap" -O0 -ffunction-sections -fdata-sections -Wall -fstack-usage -fcyclomatic-complexity -MMD -MP -MF"Src/main.d" -MT"Src/main.o" --specs=nano.specs -mfpu=fpv4-sp-d16 -mfloat-abi=hard -mthumb -o "Src/main.o"
arm-none-eabi-gcc -o "0619_BareMetal2.elf" @"objects.list"   -mcpu=cortex-m4 -T"C:\Users\kccistc\Documents\GitHub\Harman_STM32\workspace\stm32_workspace\0619_BareMetal2\STM32F411RETX_FLASH.ld" --specs=nosys.specs -Wl,-Map="0619_BareMetal2.map" -Wl,--gc-sections -static --specs=nano.specs -mfpu=fpv4-sp-d16 -mfloat-abi=hard -mthumb -Wl,--start-group -lc -lm -Wl,--end-group
Finished building target: 0619_BareMetal2.elf
 
arm-none-eabi-size  0619_BareMetal2.elf 
arm-none-eabi-objdump -h -S 0619_BareMetal2.elf  > "0619_BareMetal2.list"
   text	   data	    bss	    dec	    hex	filename
   1468	     68	   1564	   3100	    c1c	0619_BareMetal2.elf
Finished building: default.size.stdout
 
Finished building: 0619_BareMetal2.list
 
11:35:26 **** Incremental Build of configuration Debug for project 0619_BareMetal2 ****
make -j16 all 
arm-none-eabi-size  0619_BareMetal2.elf 
   text	   data	    bss	    dec	    hex	filename
   1468	     68	   1564	   3100	    c1c	0619_BareMetal2.elf
Finished building: default.size.stdout
 
11:42:35 **** Incremental Build of configuration Debug for project 0618_GPIO_Baremetal ****
make -j16 all 
arm-none-eabi-size  0618_GPIO_Baremetal.elf 
   text	   data	    bss	    dec	    hex	filename
   1332	     64	   1568	   2964	    b94	0618_GPIO_Baremetal.elf
Finished building: default.size.stdout
 
11:42:35 **** Incremental Build of configuration Debug for project 0618_LedBlink ****
make -j16 all 
arm-none-eabi-size  0618_LedBlink.elf 
   text	   data	    bss	    dec	    hex	filename
   6004	     12	   1572	   7588	   1da4	0618_LedBlink.elf
Finished building: default.size.stdout
 
11:42:35 **** Incremental Build of configuration Debug for project 0619_BareMetal2 ****
make -j16 all 
arm-none-eabi-gcc "../Src/ap/ap_main.c" -mcpu=cortex-m4 -std=gnu11 -g3 -DDEBUG -DSTM32 -DSTM32F4 -DSTM32F411RETx -c -I../Inc -I"C:/Users/kccistc/Documents/GitHub/Harman_STM32/workspace/stm32_workspace/0619_BareMetal2/Src/Driver/SystemClock" -I"C:/Users/kccistc/Documents/GitHub/Harman_STM32/workspace/stm32_workspace/0619_BareMetal2/Src/Driver/GPIO" -I"C:/Users/kccistc/Documents/GitHub/Harman_STM32/workspace/stm32_workspace/0619_BareMetal2/Src/Driver/LEDBAR" -I"C:/Users/kccistc/Documents/GitHub/Harman_STM32/workspace/stm32_workspace/0619_BareMetal2/Src/Driver/BTN" -I"C:/Users/kccistc/Documents/GitHub/Harman_STM32/workspace/stm32_workspace/0619_BareMetal2/Src/ap" -O0 -ffunction-sections -fdata-sections -Wall -fstack-usage -fcyclomatic-complexity -MMD -MP -MF"Src/ap/ap_main.d" -MT"Src/ap/ap_main.o" --specs=nano.specs -mfpu=fpv4-sp-d16 -mfloat-abi=hard -mthumb -o "Src/ap/ap_main.o"
arm-none-eabi-gcc "../Src/main.c" -mcpu=cortex-m4 -std=gnu11 -g3 -DDEBUG -DSTM32 -DSTM32F4 -DSTM32F411RETx -c -I../Inc -I"C:/Users/kccistc/Documents/GitHub/Harman_STM32/workspace/stm32_workspace/0619_BareMetal2/Src/Driver/SystemClock" -I"C:/Users/kccistc/Documents/GitHub/Harman_STM32/workspace/stm32_workspace/0619_BareMetal2/Src/Driver/GPIO" -I"C:/Users/kccistc/Documents/GitHub/Harman_STM32/workspace/stm32_workspace/0619_BareMetal2/Src/Driver/LEDBAR" -I"C:/Users/kccistc/Documents/GitHub/Harman_STM32/workspace/stm32_workspace/0619_BareMetal2/Src/Driver/BTN" -I"C:/Users/kccistc/Documents/GitHub/Harman_STM32/workspace/stm32_workspace/0619_BareMetal2/Src/ap" -O0 -ffunction-sections -fdata-sections -Wall -fstack-usage -fcyclomatic-complexity -MMD -MP -MF"Src/main.d" -MT"Src/main.o" --specs=nano.specs -mfpu=fpv4-sp-d16 -mfloat-abi=hard -mthumb -o "Src/main.o"
arm-none-eabi-gcc -o "0619_BareMetal2.elf" @"objects.list"   -mcpu=cortex-m4 -T"C:\Users\kccistc\Documents\GitHub\Harman_STM32\workspace\stm32_workspace\0619_BareMetal2\STM32F411RETX_FLASH.ld" --specs=nosys.specs -Wl,-Map="0619_BareMetal2.map" -Wl,--gc-sections -static --specs=nano.specs -mfpu=fpv4-sp-d16 -mfloat-abi=hard -mthumb -Wl,--start-group -lc -lm -Wl,--end-group
Finished building target: 0619_BareMetal2.elf
 
arm-none-eabi-size  0619_BareMetal2.elf 
arm-none-eabi-objdump -h -S 0619_BareMetal2.elf  > "0619_BareMetal2.list"
   text	   data	    bss	    dec	    hex	filename
   1464	     68	   1564	   3096	    c18	0619_BareMetal2.elf
Finished building: default.size.stdout
 
Finished building: 0619_BareMetal2.list
 
11:42:54 **** Incremental Build of configuration Debug for project 0618_GPIO_Baremetal ****
make -j16 all 
arm-none-eabi-size  0618_GPIO_Baremetal.elf 
   text	   data	    bss	    dec	    hex	filename
   1332	     64	   1568	   2964	    b94	0618_GPIO_Baremetal.elf
Finished building: default.size.stdout
 
11:42:54 **** Incremental Build of configuration Debug for project 0618_LedBlink ****
make -j16 all 
arm-none-eabi-size  0618_LedBlink.elf 
   text	   data	    bss	    dec	    hex	filename
   6004	     12	   1572	   7588	   1da4	0618_LedBlink.elf
Finished building: default.size.stdout
 
11:42:54 **** Incremental Build of configuration Debug for project 0619_BareMetal2 ****
make -j16 all 
arm-none-eabi-size  0619_BareMetal2.elf 
   text	   data	    bss	    dec	    hex	filename
   1464	     68	   1564	   3096	    c18	0619_BareMetal2.elf
Finished building: default.size.stdout
 
11:45:04 **** Incremental Build of configuration Debug for project 0618_GPIO_Baremetal ****
make -j16 all 
arm-none-eabi-size  0618_GPIO_Baremetal.elf 
   text	   data	    bss	    dec	    hex	filename
   1332	     64	   1568	   2964	    b94	0618_GPIO_Baremetal.elf
Finished building: default.size.stdout
 
11:45:04 **** Incremental Build of configuration Debug for project 0618_LedBlink ****
make -j16 all 
arm-none-eabi-size  0618_LedBlink.elf 
   text	   data	    bss	    dec	    hex	filename
   6004	     12	   1572	   7588	   1da4	0618_LedBlink.elf
Finished building: default.size.stdout
 
11:45:05 **** Incremental Build of configuration Debug for project 0619_BareMetal2 ****
make -j16 all 
arm-none-eabi-size  0619_BareMetal2.elf 
   text	   data	    bss	    dec	    hex	filename
   1464	     68	   1564	   3096	    c18	0619_BareMetal2.elf
Finished building: default.size.stdout
 
11:45:46 **** Incremental Build of configuration Debug for project 0618_GPIO_Baremetal ****
make -j16 all 
arm-none-eabi-size  0618_GPIO_Baremetal.elf 
   text	   data	    bss	    dec	    hex	filename
   1332	     64	   1568	   2964	    b94	0618_GPIO_Baremetal.elf
Finished building: default.size.stdout
 
11:45:46 **** Incremental Build of configuration Debug for project 0618_LedBlink ****
make -j16 all 
arm-none-eabi-size  0618_LedBlink.elf 
   text	   data	    bss	    dec	    hex	filename
   6004	     12	   1572	   7588	   1da4	0618_LedBlink.elf
Finished building: default.size.stdout
 
11:45:47 **** Incremental Build of configuration Debug for project 0619_BareMetal2 ****
make -j16 all 
arm-none-eabi-size  0619_BareMetal2.elf 
   text	   data	    bss	    dec	    hex	filename
   1464	     68	   1564	   3096	    c18	0619_BareMetal2.elf
Finished building: default.size.stdout
 
11:47:36 **** Incremental Build of configuration Debug for project 0618_GPIO_Baremetal ****
make -j16 all 
arm-none-eabi-size  0618_GPIO_Baremetal.elf 
   text	   data	    bss	    dec	    hex	filename
   1332	     64	   1568	   2964	    b94	0618_GPIO_Baremetal.elf
Finished building: default.size.stdout
 
11:47:36 **** Incremental Build of configuration Debug for project 0618_LedBlink ****
make -j16 all 
arm-none-eabi-size  0618_LedBlink.elf 
   text	   data	    bss	    dec	    hex	filename
   6004	     12	   1572	   7588	   1da4	0618_LedBlink.elf
Finished building: default.size.stdout
 
11:47:36 **** Incremental Build of configuration Debug for project 0619_BareMetal2 ****
make -j16 all 
arm-none-eabi-size  0619_BareMetal2.elf 
   text	   data	    bss	    dec	    hex	filename
   1464	     68	   1564	   3096	    c18	0619_BareMetal2.elf
Finished building: default.size.stdout
 
11:47:37 **** Incremental Build of configuration Debug for project 0619_BareMetal2 ****
make -j16 all 
arm-none-eabi-size  0619_BareMetal2.elf 
   text	   data	    bss	    dec	    hex	filename
   1464	     68	   1564	   3096	    c18	0619_BareMetal2.elf
Finished building: default.size.stdout
 
11:47:57 **** Incremental Build of configuration Debug for project 0619_BareMetal2 ****
make -j16 all 
arm-none-eabi-size  0619_BareMetal2.elf 
   text	   data	    bss	    dec	    hex	filename
   1464	     68	   1564	   3096	    c18	0619_BareMetal2.elf
Finished building: default.size.stdout
 
11:58:38 **** Incremental Build of configuration Debug for project 0619_BareMetal2 ****
make -j16 all 
arm-none-eabi-size  0619_BareMetal2.elf 
   text	   data	    bss	    dec	    hex	filename
   1464	     68	   1564	   3096	    c18	0619_BareMetal2.elf
Finished building: default.size.stdout
 
11:58:53 **** Incremental Build of configuration Debug for project 0618_GPIO_Baremetal ****
make -j16 all 
arm-none-eabi-size  0618_GPIO_Baremetal.elf 
   text	   data	    bss	    dec	    hex	filename
   1332	     64	   1568	   2964	    b94	0618_GPIO_Baremetal.elf
Finished building: default.size.stdout
 
11:58:53 **** Incremental Build of configuration Debug for project 0618_LedBlink ****
make -j16 all 
arm-none-eabi-size  0618_LedBlink.elf 
   text	   data	    bss	    dec	    hex	filename
   6004	     12	   1572	   7588	   1da4	0618_LedBlink.elf
Finished building: default.size.stdout
 
11:58:54 **** Incremental Build of configuration Debug for project 0619_BareMetal2 ****
make -j16 all 
arm-none-eabi-size  0619_BareMetal2.elf 
   text	   data	    bss	    dec	    hex	filename
   1464	     68	   1564	   3096	    c18	0619_BareMetal2.elf
Finished building: default.size.stdout
 
11:58:56 **** Incremental Build of configuration Debug for project 0619_BareMetal2 ****
make -j16 all 
arm-none-eabi-size  0619_BareMetal2.elf 
   text	   data	    bss	    dec	    hex	filename
   1464	     68	   1564	   3096	    c18	0619_BareMetal2.elf
Finished building: default.size.stdout
 
12:02:14 **** Incremental Build of configuration Debug for project 0619_BareMetal2 ****
make -j16 all 
arm-none-eabi-size  0619_BareMetal2.elf 
   text	   data	    bss	    dec	    hex	filename
   1464	     68	   1564	   3096	    c18	0619_BareMetal2.elf
Finished building: default.size.stdout
 
12:04:28 **** Incremental Build of configuration Debug for project 0619_BareMetal2 ****
make -j16 all 
arm-none-eabi-gcc "../Src/Driver/SystemClock/SystemClock.c" -mcpu=cortex-m4 -std=gnu11 -g3 -DDEBUG -DSTM32 -DSTM32F4 -DSTM32F411RETx -c -I../Inc -I"C:/Users/kccistc/Documents/GitHub/Harman_STM32/workspace/stm32_workspace/0619_BareMetal2/Src/Driver/SystemClock" -I"C:/Users/kccistc/Documents/GitHub/Harman_STM32/workspace/stm32_workspace/0619_BareMetal2/Src/Driver/GPIO" -I"C:/Users/kccistc/Documents/GitHub/Harman_STM32/workspace/stm32_workspace/0619_BareMetal2/Src/Driver/LEDBAR" -I"C:/Users/kccistc/Documents/GitHub/Harman_STM32/workspace/stm32_workspace/0619_BareMetal2/Src/Driver/BTN" -I"C:/Users/kccistc/Documents/GitHub/Harman_STM32/workspace/stm32_workspace/0619_BareMetal2/Src/ap" -O0 -ffunction-sections -fdata-sections -Wall -fstack-usage -fcyclomatic-complexity -MMD -MP -MF"Src/Driver/SystemClock/SystemClock.d" -MT"Src/Driver/SystemClock/SystemClock.o" --specs=nano.specs -mfpu=fpv4-sp-d16 -mfloat-abi=hard -mthumb -o "Src/Driver/SystemClock/SystemClock.o"
arm-none-eabi-gcc -o "0619_BareMetal2.elf" @"objects.list"   -mcpu=cortex-m4 -T"C:\Users\kccistc\Documents\GitHub\Harman_STM32\workspace\stm32_workspace\0619_BareMetal2\STM32F411RETX_FLASH.ld" --specs=nosys.specs -Wl,-Map="0619_BareMetal2.map" -Wl,--gc-sections -static --specs=nano.specs -mfpu=fpv4-sp-d16 -mfloat-abi=hard -mthumb -Wl,--start-group -lc -lm -Wl,--end-group
Finished building target: 0619_BareMetal2.elf
 
arm-none-eabi-size  0619_BareMetal2.elf 
arm-none-eabi-objdump -h -S 0619_BareMetal2.elf  > "0619_BareMetal2.list"
   text	   data	    bss	    dec	    hex	filename
   1476	     68	   1564	   3108	    c24	0619_BareMetal2.elf
Finished building: default.size.stdout
 
Finished building: 0619_BareMetal2.list
 
12:05:25 **** Incremental Build of configuration Debug for project 0619_BareMetal2 ****
make -j16 all 
arm-none-eabi-gcc "../Src/ap/ap_main.c" -mcpu=cortex-m4 -std=gnu11 -g3 -DDEBUG -DSTM32 -DSTM32F4 -DSTM32F411RETx -c -I../Inc -I"C:/Users/kccistc/Documents/GitHub/Harman_STM32/workspace/stm32_workspace/0619_BareMetal2/Src/Driver/SystemClock" -I"C:/Users/kccistc/Documents/GitHub/Harman_STM32/workspace/stm32_workspace/0619_BareMetal2/Src/Driver/GPIO" -I"C:/Users/kccistc/Documents/GitHub/Harman_STM32/workspace/stm32_workspace/0619_BareMetal2/Src/Driver/LEDBAR" -I"C:/Users/kccistc/Documents/GitHub/Harman_STM32/workspace/stm32_workspace/0619_BareMetal2/Src/Driver/BTN" -I"C:/Users/kccistc/Documents/GitHub/Harman_STM32/workspace/stm32_workspace/0619_BareMetal2/Src/ap" -O0 -ffunction-sections -fdata-sections -Wall -fstack-usage -fcyclomatic-complexity -MMD -MP -MF"Src/ap/ap_main.d" -MT"Src/ap/ap_main.o" --specs=nano.specs -mfpu=fpv4-sp-d16 -mfloat-abi=hard -mthumb -o "Src/ap/ap_main.o"
arm-none-eabi-gcc -o "0619_BareMetal2.elf" @"objects.list"   -mcpu=cortex-m4 -T"C:\Users\kccistc\Documents\GitHub\Harman_STM32\workspace\stm32_workspace\0619_BareMetal2\STM32F411RETX_FLASH.ld" --specs=nosys.specs -Wl,-Map="0619_BareMetal2.map" -Wl,--gc-sections -static --specs=nano.specs -mfpu=fpv4-sp-d16 -mfloat-abi=hard -mthumb -Wl,--start-group -lc -lm -Wl,--end-group
Finished building target: 0619_BareMetal2.elf
 
arm-none-eabi-size  0619_BareMetal2.elf 
arm-none-eabi-objdump -h -S 0619_BareMetal2.elf  > "0619_BareMetal2.list"
   text	   data	    bss	    dec	    hex	filename
   1472	     68	   1564	   3104	    c20	0619_BareMetal2.elf
Finished building: default.size.stdout
 
Finished building: 0619_BareMetal2.list
 
12:06:04 **** Incremental Build of configuration Debug for project 0619_BareMetal2 ****
make -j16 all 
arm-none-eabi-size  0619_BareMetal2.elf 
   text	   data	    bss	    dec	    hex	filename
   1472	     68	   1564	   3104	    c20	0619_BareMetal2.elf
Finished building: default.size.stdout
 
12:09:42 **** Clean-only build of configuration Debug for project 0619_button_led ****
make -j16 clean 
rm -rf ./Startup/startup_stm32f411retx.d ./Startup/startup_stm32f411retx.o
rm -rf ./Src/driver/SystemClock/SystemClock.cyclo ./Src/driver/SystemClock/SystemClock.d ./Src/driver/SystemClock/SystemClock.o ./Src/driver/SystemClock/SystemClock.su
rm -rf ./Src/driver/LedBar/LedBar.cyclo ./Src/driver/LedBar/LedBar.d ./Src/driver/LedBar/LedBar.o ./Src/driver/LedBar/LedBar.su
rm -rf ./Src/driver/GPIO/GPIO.cyclo ./Src/driver/GPIO/GPIO.d ./Src/driver/GPIO/GPIO.o ./Src/driver/GPIO/GPIO.su
rm -rf ./Src/driver/Button/Button.cyclo ./Src/driver/Button/Button.d ./Src/driver/Button/Button.o ./Src/driver/Button/Button.su
rm -rf ./Src/ap/ap_main.cyclo ./Src/ap/ap_main.d ./Src/ap/ap_main.o ./Src/ap/ap_main.su
rm -rf ./Src/main.cyclo ./Src/main.d ./Src/main.o ./Src/main.su ./Src/syscalls.cyclo ./Src/syscalls.d ./Src/syscalls.o ./Src/syscalls.su ./Src/sysmem.cyclo ./Src/sysmem.d ./Src/sysmem.o ./Src/sysmem.su
rm -rf 0619_button_led.elf 0619_button_led.list 0619_button_led.map default.size.stdout
 
12:09:43 **** Build of configuration Debug for project 0619_button_led ****
make -j16 all 
arm-none-eabi-gcc -mcpu=cortex-m4 -g3 -DDEBUG -c -I"C:/Users/kccistc/Documents/GitHub/Harman_STM32/workspace/stm32_workspace/0619_button_led/Src/driver/GPIO" -I"C:/Users/kccistc/Documents/GitHub/Harman_STM32/workspace/stm32_workspace/0619_button_led/Src/driver/LedBar" -I"C:/Users/kccistc/Documents/GitHub/Harman_STM32/workspace/stm32_workspace/0619_button_led/Src/driver/SystemClock" -I"C:/Users/kccistc/Documents/GitHub/Harman_STM32/workspace/stm32_workspace/0619_button_led/Src/ap" -I"C:/Users/kccistc/Documents/GitHub/Harman_STM32/workspace/stm32_workspace/0619_button_led/Src/driver/Button" -x assembler-with-cpp -MMD -MP -MF"Startup/startup_stm32f411retx.d" -MT"Startup/startup_stm32f411retx.o" --specs=nano.specs -mfpu=fpv4-sp-d16 -mfloat-abi=hard -mthumb -o "Startup/startup_stm32f411retx.o" "../Startup/startup_stm32f411retx.s"
arm-none-eabi-gcc "../Src/driver/SystemClock/SystemClock.c" -mcpu=cortex-m4 -std=gnu11 -g3 -DDEBUG -DNUCLEO_F411RE -DSTM32 -DSTM32F4 -DSTM32F411RETx -c -I../Inc -I"C:/Users/kccistc/Documents/GitHub/Harman_STM32/workspace/stm32_workspace/0619_button_led/Src/driver/GPIO" -I"C:/Users/kccistc/Documents/GitHub/Harman_STM32/workspace/stm32_workspace/0619_button_led/Src/driver/LedBar" -I"C:/Users/kccistc/Documents/GitHub/Harman_STM32/workspace/stm32_workspace/0619_button_led/Src/driver/SystemClock" -I"C:/Users/kccistc/Documents/GitHub/Harman_STM32/workspace/stm32_workspace/0619_button_led/Src/ap" -I"C:/Users/kccistc/Documents/GitHub/Harman_STM32/workspace/stm32_workspace/0619_button_led/Src/driver/Button" -O0 -ffunction-sections -fdata-sections -Wall -fstack-usage -fcyclomatic-complexity -MMD -MP -MF"Src/driver/SystemClock/SystemClock.d" -MT"Src/driver/SystemClock/SystemClock.o" --specs=nano.specs -mfpu=fpv4-sp-d16 -mfloat-abi=hard -mthumb -o "Src/driver/SystemClock/SystemClock.o"
arm-none-eabi-gcc "../Src/driver/LedBar/LedBar.c" -mcpu=cortex-m4 -std=gnu11 -g3 -DDEBUG -DNUCLEO_F411RE -DSTM32 -DSTM32F4 -DSTM32F411RETx -c -I../Inc -I"C:/Users/kccistc/Documents/GitHub/Harman_STM32/workspace/stm32_workspace/0619_button_led/Src/driver/GPIO" -I"C:/Users/kccistc/Documents/GitHub/Harman_STM32/workspace/stm32_workspace/0619_button_led/Src/driver/LedBar" -I"C:/Users/kccistc/Documents/GitHub/Harman_STM32/workspace/stm32_workspace/0619_button_led/Src/driver/SystemClock" -I"C:/Users/kccistc/Documents/GitHub/Harman_STM32/workspace/stm32_workspace/0619_button_led/Src/ap" -I"C:/Users/kccistc/Documents/GitHub/Harman_STM32/workspace/stm32_workspace/0619_button_led/Src/driver/Button" -O0 -ffunction-sections -fdata-sections -Wall -fstack-usage -fcyclomatic-complexity -MMD -MP -MF"Src/driver/LedBar/LedBar.d" -MT"Src/driver/LedBar/LedBar.o" --specs=nano.specs -mfpu=fpv4-sp-d16 -mfloat-abi=hard -mthumb -o "Src/driver/LedBar/LedBar.o"
arm-none-eabi-gcc "../Src/driver/GPIO/GPIO.c" -mcpu=cortex-m4 -std=gnu11 -g3 -DDEBUG -DNUCLEO_F411RE -DSTM32 -DSTM32F4 -DSTM32F411RETx -c -I../Inc -I"C:/Users/kccistc/Documents/GitHub/Harman_STM32/workspace/stm32_workspace/0619_button_led/Src/driver/GPIO" -I"C:/Users/kccistc/Documents/GitHub/Harman_STM32/workspace/stm32_workspace/0619_button_led/Src/driver/LedBar" -I"C:/Users/kccistc/Documents/GitHub/Harman_STM32/workspace/stm32_workspace/0619_button_led/Src/driver/SystemClock" -I"C:/Users/kccistc/Documents/GitHub/Harman_STM32/workspace/stm32_workspace/0619_button_led/Src/ap" -I"C:/Users/kccistc/Documents/GitHub/Harman_STM32/workspace/stm32_workspace/0619_button_led/Src/driver/Button" -O0 -ffunction-sections -fdata-sections -Wall -fstack-usage -fcyclomatic-complexity -MMD -MP -MF"Src/driver/GPIO/GPIO.d" -MT"Src/driver/GPIO/GPIO.o" --specs=nano.specs -mfpu=fpv4-sp-d16 -mfloat-abi=hard -mthumb -o "Src/driver/GPIO/GPIO.o"
arm-none-eabi-gcc "../Src/driver/Button/Button.c" -mcpu=cortex-m4 -std=gnu11 -g3 -DDEBUG -DNUCLEO_F411RE -DSTM32 -DSTM32F4 -DSTM32F411RETx -c -I../Inc -I"C:/Users/kccistc/Documents/GitHub/Harman_STM32/workspace/stm32_workspace/0619_button_led/Src/driver/GPIO" -I"C:/Users/kccistc/Documents/GitHub/Harman_STM32/workspace/stm32_workspace/0619_button_led/Src/driver/LedBar" -I"C:/Users/kccistc/Documents/GitHub/Harman_STM32/workspace/stm32_workspace/0619_button_led/Src/driver/SystemClock" -I"C:/Users/kccistc/Documents/GitHub/Harman_STM32/workspace/stm32_workspace/0619_button_led/Src/ap" -I"C:/Users/kccistc/Documents/GitHub/Harman_STM32/workspace/stm32_workspace/0619_button_led/Src/driver/Button" -O0 -ffunction-sections -fdata-sections -Wall -fstack-usage -fcyclomatic-complexity -MMD -MP -MF"Src/driver/Button/Button.d" -MT"Src/driver/Button/Button.o" --specs=nano.specs -mfpu=fpv4-sp-d16 -mfloat-abi=hard -mthumb -o "Src/driver/Button/Button.o"
arm-none-eabi-gcc "../Src/ap/ap_main.c" -mcpu=cortex-m4 -std=gnu11 -g3 -DDEBUG -DNUCLEO_F411RE -DSTM32 -DSTM32F4 -DSTM32F411RETx -c -I../Inc -I"C:/Users/kccistc/Documents/GitHub/Harman_STM32/workspace/stm32_workspace/0619_button_led/Src/driver/GPIO" -I"C:/Users/kccistc/Documents/GitHub/Harman_STM32/workspace/stm32_workspace/0619_button_led/Src/driver/LedBar" -I"C:/Users/kccistc/Documents/GitHub/Harman_STM32/workspace/stm32_workspace/0619_button_led/Src/driver/SystemClock" -I"C:/Users/kccistc/Documents/GitHub/Harman_STM32/workspace/stm32_workspace/0619_button_led/Src/ap" -I"C:/Users/kccistc/Documents/GitHub/Harman_STM32/workspace/stm32_workspace/0619_button_led/Src/driver/Button" -O0 -ffunction-sections -fdata-sections -Wall -fstack-usage -fcyclomatic-complexity -MMD -MP -MF"Src/ap/ap_main.d" -MT"Src/ap/ap_main.o" --specs=nano.specs -mfpu=fpv4-sp-d16 -mfloat-abi=hard -mthumb -o "Src/ap/ap_main.o"
arm-none-eabi-gcc "../Src/main.c" -mcpu=cortex-m4 -std=gnu11 -g3 -DDEBUG -DNUCLEO_F411RE -DSTM32 -DSTM32F4 -DSTM32F411RETx -c -I../Inc -I"C:/Users/kccistc/Documents/GitHub/Harman_STM32/workspace/stm32_workspace/0619_button_led/Src/driver/GPIO" -I"C:/Users/kccistc/Documents/GitHub/Harman_STM32/workspace/stm32_workspace/0619_button_led/Src/driver/LedBar" -I"C:/Users/kccistc/Documents/GitHub/Harman_STM32/workspace/stm32_workspace/0619_button_led/Src/driver/SystemClock" -I"C:/Users/kccistc/Documents/GitHub/Harman_STM32/workspace/stm32_workspace/0619_button_led/Src/ap" -I"C:/Users/kccistc/Documents/GitHub/Harman_STM32/workspace/stm32_workspace/0619_button_led/Src/driver/Button" -O0 -ffunction-sections -fdata-sections -Wall -fstack-usage -fcyclomatic-complexity -MMD -MP -MF"Src/main.d" -MT"Src/main.o" --specs=nano.specs -mfpu=fpv4-sp-d16 -mfloat-abi=hard -mthumb -o "Src/main.o"
arm-none-eabi-gcc "../Src/syscalls.c" -mcpu=cortex-m4 -std=gnu11 -g3 -DDEBUG -DNUCLEO_F411RE -DSTM32 -DSTM32F4 -DSTM32F411RETx -c -I../Inc -I"C:/Users/kccistc/Documents/GitHub/Harman_STM32/workspace/stm32_workspace/0619_button_led/Src/driver/GPIO" -I"C:/Users/kccistc/Documents/GitHub/Harman_STM32/workspace/stm32_workspace/0619_button_led/Src/driver/LedBar" -I"C:/Users/kccistc/Documents/GitHub/Harman_STM32/workspace/stm32_workspace/0619_button_led/Src/driver/SystemClock" -I"C:/Users/kccistc/Documents/GitHub/Harman_STM32/workspace/stm32_workspace/0619_button_led/Src/ap" -I"C:/Users/kccistc/Documents/GitHub/Harman_STM32/workspace/stm32_workspace/0619_button_led/Src/driver/Button" -O0 -ffunction-sections -fdata-sections -Wall -fstack-usage -fcyclomatic-complexity -MMD -MP -MF"Src/syscalls.d" -MT"Src/syscalls.o" --specs=nano.specs -mfpu=fpv4-sp-d16 -mfloat-abi=hard -mthumb -o "Src/syscalls.o"
arm-none-eabi-gcc "../Src/sysmem.c" -mcpu=cortex-m4 -std=gnu11 -g3 -DDEBUG -DNUCLEO_F411RE -DSTM32 -DSTM32F4 -DSTM32F411RETx -c -I../Inc -I"C:/Users/kccistc/Documents/GitHub/Harman_STM32/workspace/stm32_workspace/0619_button_led/Src/driver/GPIO" -I"C:/Users/kccistc/Documents/GitHub/Harman_STM32/workspace/stm32_workspace/0619_button_led/Src/driver/LedBar" -I"C:/Users/kccistc/Documents/GitHub/Harman_STM32/workspace/stm32_workspace/0619_button_led/Src/driver/SystemClock" -I"C:/Users/kccistc/Documents/GitHub/Harman_STM32/workspace/stm32_workspace/0619_button_led/Src/ap" -I"C:/Users/kccistc/Documents/GitHub/Harman_STM32/workspace/stm32_workspace/0619_button_led/Src/driver/Button" -O0 -ffunction-sections -fdata-sections -Wall -fstack-usage -fcyclomatic-complexity -MMD -MP -MF"Src/sysmem.d" -MT"Src/sysmem.o" --specs=nano.specs -mfpu=fpv4-sp-d16 -mfloat-abi=hard -mthumb -o "Src/sysmem.o"
arm-none-eabi-gcc -o "0619_button_led.elf" @"objects.list"   -mcpu=cortex-m4 -T"C:\Users\kccistc\Documents\GitHub\Harman_STM32\workspace\stm32_workspace\0619_button_led\STM32F411RETX_FLASH.ld" --specs=nosys.specs -Wl,-Map="0619_button_led.map" -Wl,--gc-sections -static --specs=nano.specs -mfpu=fpv4-sp-d16 -mfloat-abi=hard -mthumb -Wl,--start-group -lc -lm -Wl,--end-group
Finished building target: 0619_button_led.elf
 
arm-none-eabi-size  0619_button_led.elf 
arm-none-eabi-objdump -h -S 0619_button_led.elf  > "0619_button_led.list"
   text	   data	    bss	    dec	    hex	filename
   1472	     68	   1564	   3104	    c20	0619_button_led.elf
Finished building: default.size.stdout
 
Finished building: 0619_button_led.list
 
12:10:38 **** Incremental Build of configuration Debug for project 0619_button_led ****
make -j16 all 
arm-none-eabi-gcc "../Src/driver/LedBar/LedBar.c" -mcpu=cortex-m4 -std=gnu11 -g3 -DDEBUG -DNUCLEO_F411RE -DSTM32 -DSTM32F4 -DSTM32F411RETx -c -I../Inc -I"C:/Users/kccistc/Documents/GitHub/Harman_STM32/workspace/stm32_workspace/0619_button_led/Src/driver/GPIO" -I"C:/Users/kccistc/Documents/GitHub/Harman_STM32/workspace/stm32_workspace/0619_button_led/Src/driver/LedBar" -I"C:/Users/kccistc/Documents/GitHub/Harman_STM32/workspace/stm32_workspace/0619_button_led/Src/driver/SystemClock" -I"C:/Users/kccistc/Documents/GitHub/Harman_STM32/workspace/stm32_workspace/0619_button_led/Src/ap" -I"C:/Users/kccistc/Documents/GitHub/Harman_STM32/workspace/stm32_workspace/0619_button_led/Src/driver/Button" -O0 -ffunction-sections -fdata-sections -Wall -fstack-usage -fcyclomatic-complexity -MMD -MP -MF"Src/driver/LedBar/LedBar.d" -MT"Src/driver/LedBar/LedBar.o" --specs=nano.specs -mfpu=fpv4-sp-d16 -mfloat-abi=hard -mthumb -o "Src/driver/LedBar/LedBar.o"
../Src/driver/LedBar/LedBar.c: In function 'LedBar_Init':
../Src/driver/LedBar/LedBar.c:27:9: warning: implicit declaration of function 'GPIO_Init'; did you mean 'GPIO_init'? [-Wimplicit-function-declaration]
   27 |         GPIO_Init(GPIOA, 5, OUTPUT);
      |         ^~~~~~~~~
      |         GPIO_init
arm-none-eabi-gcc -o "0619_button_led.elf" @"objects.list"   -mcpu=cortex-m4 -T"C:\Users\kccistc\Documents\GitHub\Harman_STM32\workspace\stm32_workspace\0619_button_led\STM32F411RETX_FLASH.ld" --specs=nosys.specs -Wl,-Map="0619_button_led.map" -Wl,--gc-sections -static --specs=nano.specs -mfpu=fpv4-sp-d16 -mfloat-abi=hard -mthumb -Wl,--start-group -lc -lm -Wl,--end-group
C:/ST/STM32CubeIDE_1.18.1/STM32CubeIDE/plugins/com.st.stm32cube.ide.mcu.externaltools.gnu-tools-for-stm32.13.3.rel1.win32_1.0.0.202411081344/tools/bin/../lib/gcc/arm-none-eabi/13.3.1/../../../../arm-none-eabi/bin/ld.exe: ./Src/driver/LedBar/LedBar.o: in function `LedBar_Init':
C:/Users/kccistc/Documents/GitHub/Harman_STM32/workspace/stm32_workspace/0619_button_led/Debug/../Src/driver/LedBar/LedBar.c:27:(.text.LedBar_Init+0xa): undefined reference to `GPIO_Init'
C:/ST/STM32CubeIDE_1.18.1/STM32CubeIDE/plugins/com.st.stm32cube.ide.mcu.externaltools.gnu-tools-for-stm32.13.3.rel1.win32_1.0.0.202411081344/tools/bin/../lib/gcc/arm-none-eabi/13.3.1/../../../../arm-none-eabi/bin/ld.exe: C:/Users/kccistc/Documents/GitHub/Harman_STM32/workspace/stm32_workspace/0619_button_led/Debug/../Src/driver/LedBar/LedBar.c:28:(.text.LedBar_Init+0x14): undefined reference to `GPIO_Init'
C:/ST/STM32CubeIDE_1.18.1/STM32CubeIDE/plugins/com.st.stm32cube.ide.mcu.externaltools.gnu-tools-for-stm32.13.3.rel1.win32_1.0.0.202411081344/tools/bin/../lib/gcc/arm-none-eabi/13.3.1/../../../../arm-none-eabi/bin/ld.exe: C:/Users/kccistc/Documents/GitHub/Harman_STM32/workspace/stm32_workspace/0619_button_led/Debug/../Src/driver/LedBar/LedBar.c:29:(.text.LedBar_Init+0x1e): undefined reference to `GPIO_Init'
C:/ST/STM32CubeIDE_1.18.1/STM32CubeIDE/plugins/com.st.stm32cube.ide.mcu.externaltools.gnu-tools-for-stm32.13.3.rel1.win32_1.0.0.202411081344/tools/bin/../lib/gcc/arm-none-eabi/13.3.1/../../../../arm-none-eabi/bin/ld.exe: C:/Users/kccistc/Documents/GitHub/Harman_STM32/workspace/stm32_workspace/0619_button_led/Debug/../Src/driver/LedBar/LedBar.c:30:(.text.LedBar_Init+0x28): undefined reference to `GPIO_Init'
C:/ST/STM32CubeIDE_1.18.1/STM32CubeIDE/plugins/com.st.stm32cube.ide.mcu.externaltools.gnu-tools-for-stm32.13.3.rel1.win32_1.0.0.202411081344/tools/bin/../lib/gcc/arm-none-eabi/13.3.1/../../../../arm-none-eabi/bin/ld.exe: C:/Users/kccistc/Documents/GitHub/Harman_STM32/workspace/stm32_workspace/0619_button_led/Debug/../Src/driver/LedBar/LedBar.c:31:(.text.LedBar_Init+0x32): undefined reference to `GPIO_Init'
C:/ST/STM32CubeIDE_1.18.1/STM32CubeIDE/plugins/com.st.stm32cube.ide.mcu.externaltools.gnu-tools-for-stm32.13.3.rel1.win32_1.0.0.202411081344/tools/bin/../lib/gcc/arm-none-eabi/13.3.1/../../../../arm-none-eabi/bin/ld.exe: ./Src/driver/LedBar/LedBar.o:C:/Users/kccistc/Documents/GitHub/Harman_STM32/workspace/stm32_workspace/0619_button_led/Debug/../Src/driver/LedBar/LedBar.c:32: more undefined references to `GPIO_Init' follow
collect2.exe: error: ld returned 1 exit status
make: *** [makefile:68: 0619_button_led.elf] Error 1
"make -j16 all" terminated with exit code 2. Build might be incomplete.
12:10:59 **** Incremental Build of configuration Debug for project 0619_button_led ****
make -j16 all 
arm-none-eabi-gcc "../Src/driver/LedBar/LedBar.c" -mcpu=cortex-m4 -std=gnu11 -g3 -DDEBUG -DNUCLEO_F411RE -DSTM32 -DSTM32F4 -DSTM32F411RETx -c -I../Inc -I"C:/Users/kccistc/Documents/GitHub/Harman_STM32/workspace/stm32_workspace/0619_button_led/Src/driver/GPIO" -I"C:/Users/kccistc/Documents/GitHub/Harman_STM32/workspace/stm32_workspace/0619_button_led/Src/driver/LedBar" -I"C:/Users/kccistc/Documents/GitHub/Harman_STM32/workspace/stm32_workspace/0619_button_led/Src/driver/SystemClock" -I"C:/Users/kccistc/Documents/GitHub/Harman_STM32/workspace/stm32_workspace/0619_button_led/Src/ap" -I"C:/Users/kccistc/Documents/GitHub/Harman_STM32/workspace/stm32_workspace/0619_button_led/Src/driver/Button" -O0 -ffunction-sections -fdata-sections -Wall -fstack-usage -fcyclomatic-complexity -MMD -MP -MF"Src/driver/LedBar/LedBar.d" -MT"Src/driver/LedBar/LedBar.o" --specs=nano.specs -mfpu=fpv4-sp-d16 -mfloat-abi=hard -mthumb -o "Src/driver/LedBar/LedBar.o"
arm-none-eabi-gcc -o "0619_button_led.elf" @"objects.list"   -mcpu=cortex-m4 -T"C:\Users\kccistc\Documents\GitHub\Harman_STM32\workspace\stm32_workspace\0619_button_led\STM32F411RETX_FLASH.ld" --specs=nosys.specs -Wl,-Map="0619_button_led.map" -Wl,--gc-sections -static --specs=nano.specs -mfpu=fpv4-sp-d16 -mfloat-abi=hard -mthumb -Wl,--start-group -lc -lm -Wl,--end-group
Finished building target: 0619_button_led.elf
 
arm-none-eabi-size  0619_button_led.elf 
arm-none-eabi-objdump -h -S 0619_button_led.elf  > "0619_button_led.list"
   text	   data	    bss	    dec	    hex	filename
   1472	     68	   1564	   3104	    c20	0619_button_led.elf
Finished building: default.size.stdout
 
Finished building: 0619_button_led.list
 
14:08:13 **** Incremental Build of configuration Debug for project 0618_GPIO_Baremetal ****
make -j16 all 
arm-none-eabi-size  0618_GPIO_Baremetal.elf 
   text	   data	    bss	    dec	    hex	filename
   1332	     64	   1568	   2964	    b94	0618_GPIO_Baremetal.elf
Finished building: default.size.stdout
 
14:08:13 **** Incremental Build of configuration Debug for project 0618_LedBlink ****
make -j16 all 
arm-none-eabi-size  0618_LedBlink.elf 
   text	   data	    bss	    dec	    hex	filename
   6004	     12	   1572	   7588	   1da4	0618_LedBlink.elf
Finished building: default.size.stdout
 
14:08:14 **** Incremental Build of configuration Debug for project 0619_BareMetal2 ****
make -j16 all 
arm-none-eabi-size  0619_BareMetal2.elf 
   text	   data	    bss	    dec	    hex	filename
   1472	     68	   1564	   3104	    c20	0619_BareMetal2.elf
Finished building: default.size.stdout
 
14:08:14 **** Incremental Build of configuration Debug for project 0619_button_led ****
make -j16 all 
arm-none-eabi-gcc "../Src/driver/Button/Button.c" -mcpu=cortex-m4 -std=gnu11 -g3 -DDEBUG -DNUCLEO_F411RE -DSTM32 -DSTM32F4 -DSTM32F411RETx -c -I../Inc -I"C:/Users/kccistc/Documents/GitHub/Harman_STM32/workspace/stm32_workspace/0619_button_led/Src/driver/GPIO" -I"C:/Users/kccistc/Documents/GitHub/Harman_STM32/workspace/stm32_workspace/0619_button_led/Src/driver/LedBar" -I"C:/Users/kccistc/Documents/GitHub/Harman_STM32/workspace/stm32_workspace/0619_button_led/Src/driver/SystemClock" -I"C:/Users/kccistc/Documents/GitHub/Harman_STM32/workspace/stm32_workspace/0619_button_led/Src/ap" -I"C:/Users/kccistc/Documents/GitHub/Harman_STM32/workspace/stm32_workspace/0619_button_led/Src/driver/Button" -O0 -ffunction-sections -fdata-sections -Wall -fstack-usage -fcyclomatic-complexity -MMD -MP -MF"Src/driver/Button/Button.d" -MT"Src/driver/Button/Button.o" --specs=nano.specs -mfpu=fpv4-sp-d16 -mfloat-abi=hard -mthumb -o "Src/driver/Button/Button.o"
arm-none-eabi-gcc "../Src/ap/ap_main.c" -mcpu=cortex-m4 -std=gnu11 -g3 -DDEBUG -DNUCLEO_F411RE -DSTM32 -DSTM32F4 -DSTM32F411RETx -c -I../Inc -I"C:/Users/kccistc/Documents/GitHub/Harman_STM32/workspace/stm32_workspace/0619_button_led/Src/driver/GPIO" -I"C:/Users/kccistc/Documents/GitHub/Harman_STM32/workspace/stm32_workspace/0619_button_led/Src/driver/LedBar" -I"C:/Users/kccistc/Documents/GitHub/Harman_STM32/workspace/stm32_workspace/0619_button_led/Src/driver/SystemClock" -I"C:/Users/kccistc/Documents/GitHub/Harman_STM32/workspace/stm32_workspace/0619_button_led/Src/ap" -I"C:/Users/kccistc/Documents/GitHub/Harman_STM32/workspace/stm32_workspace/0619_button_led/Src/driver/Button" -O0 -ffunction-sections -fdata-sections -Wall -fstack-usage -fcyclomatic-complexity -MMD -MP -MF"Src/ap/ap_main.d" -MT"Src/ap/ap_main.o" --specs=nano.specs -mfpu=fpv4-sp-d16 -mfloat-abi=hard -mthumb -o "Src/ap/ap_main.o"
arm-none-eabi-gcc "../Src/main.c" -mcpu=cortex-m4 -std=gnu11 -g3 -DDEBUG -DNUCLEO_F411RE -DSTM32 -DSTM32F4 -DSTM32F411RETx -c -I../Inc -I"C:/Users/kccistc/Documents/GitHub/Harman_STM32/workspace/stm32_workspace/0619_button_led/Src/driver/GPIO" -I"C:/Users/kccistc/Documents/GitHub/Harman_STM32/workspace/stm32_workspace/0619_button_led/Src/driver/LedBar" -I"C:/Users/kccistc/Documents/GitHub/Harman_STM32/workspace/stm32_workspace/0619_button_led/Src/driver/SystemClock" -I"C:/Users/kccistc/Documents/GitHub/Harman_STM32/workspace/stm32_workspace/0619_button_led/Src/ap" -I"C:/Users/kccistc/Documents/GitHub/Harman_STM32/workspace/stm32_workspace/0619_button_led/Src/driver/Button" -O0 -ffunction-sections -fdata-sections -Wall -fstack-usage -fcyclomatic-complexity -MMD -MP -MF"Src/main.d" -MT"Src/main.o" --specs=nano.specs -mfpu=fpv4-sp-d16 -mfloat-abi=hard -mthumb -o "Src/main.o"
../Src/ap/ap_main.c: In function 'ap_main':
../Src/ap/ap_main.c:14:62: error: 'right_state' undeclared (first use in this function)
   14 |                 if (Button_GetState(GPIOB, 5) == ACT_PUSHED) right_state ^= 0x01;
      |                                                              ^~~~~~~~~~~
../Src/ap/ap_main.c:14:62: note: each undeclared identifier is reported only once for each function it appears in
../Src/ap/ap_main.c:15:62: error: 'OnOff' undeclared (first use in this function)
   15 |                 if (Button_GetState(GPIOB, 3) == ACT_PUSHED) OnOff ^= 0x02;
      |                                                              ^~~~~
../Src/ap/ap_main.c:16:63: error: 'left_state' undeclared (first use in this function); did you mean 'led_state'?
   16 |                 if (Button_GetState(GPIOA, 10) == ACT_PUSHED) left_state ^= 0x04;
      |                                                               ^~~~~~~~~~
      |                                                               led_state
../Src/ap/ap_main.c:18:30: error: 'rigit_state' undeclared (first use in this function)
   18 |                 led_state = (rigit_state | OnOff | left_state);
      |                              ^~~~~~~~~~~
../Src/ap/ap_main.c:24:25: error: case label does not reduce to an integer constant
   24 |                         case (led_state & 0x01) != 0:
      |                         ^~~~
../Src/ap/ap_main.c:27:25: error: case label does not reduce to an integer constant
   27 |                         case (led_state & 0x02) != 0:
      |                         ^~~~
../Src/ap/ap_main.c:30:25: error: case label does not reduce to an integer constant
   30 |                         case (led_state & 0x04) != 0:
      |                         ^~~~
../Src/ap/ap_main.c: At top level:
../Src/ap/ap_main.c:39:9: error: expected identifier or '(' before 'return'
   39 |         return 0;
      |         ^~~~~~
../Src/ap/ap_main.c:40:1: error: expected identifier or '(' before '}' token
   40 | }
      | ^
make: *** [Src/ap/subdir.mk:19: Src/ap/ap_main.o] Error 1
make: *** Waiting for unfinished jobs....
"make -j16 all" terminated with exit code 2. Build might be incomplete.
14:09:13 **** Incremental Build of configuration Debug for project 0618_GPIO_Baremetal ****
make -j16 all 
arm-none-eabi-size  0618_GPIO_Baremetal.elf 
   text	   data	    bss	    dec	    hex	filename
   1332	     64	   1568	   2964	    b94	0618_GPIO_Baremetal.elf
Finished building: default.size.stdout
 
14:09:13 **** Incremental Build of configuration Debug for project 0618_LedBlink ****
make -j16 all 
arm-none-eabi-size  0618_LedBlink.elf 
   text	   data	    bss	    dec	    hex	filename
   6004	     12	   1572	   7588	   1da4	0618_LedBlink.elf
Finished building: default.size.stdout
 
14:09:14 **** Incremental Build of configuration Debug for project 0619_BareMetal2 ****
make -j16 all 
arm-none-eabi-size  0619_BareMetal2.elf 
   text	   data	    bss	    dec	    hex	filename
   1472	     68	   1564	   3104	    c20	0619_BareMetal2.elf
Finished building: default.size.stdout
 
14:09:14 **** Incremental Build of configuration Debug for project 0619_button_led ****
make -j16 all 
arm-none-eabi-gcc "../Src/ap/ap_main.c" -mcpu=cortex-m4 -std=gnu11 -g3 -DDEBUG -DNUCLEO_F411RE -DSTM32 -DSTM32F4 -DSTM32F411RETx -c -I../Inc -I"C:/Users/kccistc/Documents/GitHub/Harman_STM32/workspace/stm32_workspace/0619_button_led/Src/driver/GPIO" -I"C:/Users/kccistc/Documents/GitHub/Harman_STM32/workspace/stm32_workspace/0619_button_led/Src/driver/LedBar" -I"C:/Users/kccistc/Documents/GitHub/Harman_STM32/workspace/stm32_workspace/0619_button_led/Src/driver/SystemClock" -I"C:/Users/kccistc/Documents/GitHub/Harman_STM32/workspace/stm32_workspace/0619_button_led/Src/ap" -I"C:/Users/kccistc/Documents/GitHub/Harman_STM32/workspace/stm32_workspace/0619_button_led/Src/driver/Button" -O0 -ffunction-sections -fdata-sections -Wall -fstack-usage -fcyclomatic-complexity -MMD -MP -MF"Src/ap/ap_main.d" -MT"Src/ap/ap_main.o" --specs=nano.specs -mfpu=fpv4-sp-d16 -mfloat-abi=hard -mthumb -o "Src/ap/ap_main.o"
../Src/ap/ap_main.c: In function 'ap_main':
../Src/ap/ap_main.c:21:30: error: 'rigit_state' undeclared (first use in this function); did you mean 'right_state'?
   21 |                 led_state = (rigit_state | OnOff | left_state);
      |                              ^~~~~~~~~~~
      |                              right_state
../Src/ap/ap_main.c:21:30: note: each undeclared identifier is reported only once for each function it appears in
../Src/ap/ap_main.c:27:25: error: case label does not reduce to an integer constant
   27 |                         case (led_state & 0x01) != 0:
      |                         ^~~~
../Src/ap/ap_main.c:30:25: error: case label does not reduce to an integer constant
   30 |                         case (led_state & 0x02) != 0:
      |                         ^~~~
../Src/ap/ap_main.c:33:25: error: case label does not reduce to an integer constant
   33 |                         case (led_state & 0x04) != 0:
      |                         ^~~~
../Src/ap/ap_main.c: At top level:
../Src/ap/ap_main.c:42:9: error: expected identifier or '(' before 'return'
   42 |         return 0;
      |         ^~~~~~
../Src/ap/ap_main.c:43:1: error: expected identifier or '(' before '}' token
   43 | }
      | ^
make: *** [Src/ap/subdir.mk:19: Src/ap/ap_main.o] Error 1
"make -j16 all" terminated with exit code 2. Build might be incomplete.
14:09:29 **** Incremental Build of configuration Debug for project 0618_GPIO_Baremetal ****
make -j16 all 
arm-none-eabi-size  0618_GPIO_Baremetal.elf 
   text	   data	    bss	    dec	    hex	filename
   1332	     64	   1568	   2964	    b94	0618_GPIO_Baremetal.elf
Finished building: default.size.stdout
 
14:09:29 **** Incremental Build of configuration Debug for project 0618_LedBlink ****
make -j16 all 
arm-none-eabi-size  0618_LedBlink.elf 
   text	   data	    bss	    dec	    hex	filename
   6004	     12	   1572	   7588	   1da4	0618_LedBlink.elf
Finished building: default.size.stdout
 
14:09:30 **** Incremental Build of configuration Debug for project 0619_BareMetal2 ****
make -j16 all 
arm-none-eabi-size  0619_BareMetal2.elf 
   text	   data	    bss	    dec	    hex	filename
   1472	     68	   1564	   3104	    c20	0619_BareMetal2.elf
Finished building: default.size.stdout
 
14:09:30 **** Incremental Build of configuration Debug for project 0619_button_led ****
make -j16 all 
arm-none-eabi-gcc "../Src/ap/ap_main.c" -mcpu=cortex-m4 -std=gnu11 -g3 -DDEBUG -DNUCLEO_F411RE -DSTM32 -DSTM32F4 -DSTM32F411RETx -c -I../Inc -I"C:/Users/kccistc/Documents/GitHub/Harman_STM32/workspace/stm32_workspace/0619_button_led/Src/driver/GPIO" -I"C:/Users/kccistc/Documents/GitHub/Harman_STM32/workspace/stm32_workspace/0619_button_led/Src/driver/LedBar" -I"C:/Users/kccistc/Documents/GitHub/Harman_STM32/workspace/stm32_workspace/0619_button_led/Src/driver/SystemClock" -I"C:/Users/kccistc/Documents/GitHub/Harman_STM32/workspace/stm32_workspace/0619_button_led/Src/ap" -I"C:/Users/kccistc/Documents/GitHub/Harman_STM32/workspace/stm32_workspace/0619_button_led/Src/driver/Button" -O0 -ffunction-sections -fdata-sections -Wall -fstack-usage -fcyclomatic-complexity -MMD -MP -MF"Src/ap/ap_main.d" -MT"Src/ap/ap_main.o" --specs=nano.specs -mfpu=fpv4-sp-d16 -mfloat-abi=hard -mthumb -o "Src/ap/ap_main.o"
../Src/ap/ap_main.c: In function 'ap_main':
../Src/ap/ap_main.c:21:30: error: 'rigit_state' undeclared (first use in this function); did you mean 'right_state'?
   21 |                 led_state = (rigit_state || OnOff || left_state);
      |                              ^~~~~~~~~~~
      |                              right_state
../Src/ap/ap_main.c:21:30: note: each undeclared identifier is reported only once for each function it appears in
../Src/ap/ap_main.c:27:25: error: case label does not reduce to an integer constant
   27 |                         case (led_state & 0x01) != 0:
      |                         ^~~~
../Src/ap/ap_main.c:30:25: error: case label does not reduce to an integer constant
   30 |                         case (led_state & 0x02) != 0:
      |                         ^~~~
../Src/ap/ap_main.c:33:25: error: case label does not reduce to an integer constant
   33 |                         case (led_state & 0x04) != 0:
      |                         ^~~~
../Src/ap/ap_main.c: At top level:
../Src/ap/ap_main.c:42:9: error: expected identifier or '(' before 'return'
   42 |         return 0;
      |         ^~~~~~
../Src/ap/ap_main.c:43:1: error: expected identifier or '(' before '}' token
   43 | }
      | ^
make: *** [Src/ap/subdir.mk:19: Src/ap/ap_main.o] Error 1
"make -j16 all" terminated with exit code 2. Build might be incomplete.
14:09:41 **** Incremental Build of configuration Debug for project 0618_GPIO_Baremetal ****
make -j16 all 
arm-none-eabi-size  0618_GPIO_Baremetal.elf 
   text	   data	    bss	    dec	    hex	filename
   1332	     64	   1568	   2964	    b94	0618_GPIO_Baremetal.elf
Finished building: default.size.stdout
 
14:09:42 **** Incremental Build of configuration Debug for project 0618_LedBlink ****
make -j16 all 
arm-none-eabi-size  0618_LedBlink.elf 
   text	   data	    bss	    dec	    hex	filename
   6004	     12	   1572	   7588	   1da4	0618_LedBlink.elf
Finished building: default.size.stdout
 
14:09:42 **** Incremental Build of configuration Debug for project 0619_BareMetal2 ****
make -j16 all 
arm-none-eabi-size  0619_BareMetal2.elf 
   text	   data	    bss	    dec	    hex	filename
   1472	     68	   1564	   3104	    c20	0619_BareMetal2.elf
Finished building: default.size.stdout
 
14:09:42 **** Incremental Build of configuration Debug for project 0619_button_led ****
make -j16 all 
arm-none-eabi-gcc "../Src/ap/ap_main.c" -mcpu=cortex-m4 -std=gnu11 -g3 -DDEBUG -DNUCLEO_F411RE -DSTM32 -DSTM32F4 -DSTM32F411RETx -c -I../Inc -I"C:/Users/kccistc/Documents/GitHub/Harman_STM32/workspace/stm32_workspace/0619_button_led/Src/driver/GPIO" -I"C:/Users/kccistc/Documents/GitHub/Harman_STM32/workspace/stm32_workspace/0619_button_led/Src/driver/LedBar" -I"C:/Users/kccistc/Documents/GitHub/Harman_STM32/workspace/stm32_workspace/0619_button_led/Src/driver/SystemClock" -I"C:/Users/kccistc/Documents/GitHub/Harman_STM32/workspace/stm32_workspace/0619_button_led/Src/ap" -I"C:/Users/kccistc/Documents/GitHub/Harman_STM32/workspace/stm32_workspace/0619_button_led/Src/driver/Button" -O0 -ffunction-sections -fdata-sections -Wall -fstack-usage -fcyclomatic-complexity -MMD -MP -MF"Src/ap/ap_main.d" -MT"Src/ap/ap_main.o" --specs=nano.specs -mfpu=fpv4-sp-d16 -mfloat-abi=hard -mthumb -o "Src/ap/ap_main.o"
../Src/ap/ap_main.c: In function 'ap_main':
../Src/ap/ap_main.c:27:25: error: case label does not reduce to an integer constant
   27 |                         case (led_state & 0x01) != 0:
      |                         ^~~~
../Src/ap/ap_main.c:30:25: error: case label does not reduce to an integer constant
   30 |                         case (led_state & 0x02) != 0:
      |                         ^~~~
../Src/ap/ap_main.c:33:25: error: case label does not reduce to an integer constant
   33 |                         case (led_state & 0x04) != 0:
      |                         ^~~~
../Src/ap/ap_main.c: At top level:
../Src/ap/ap_main.c:42:9: error: expected identifier or '(' before 'return'
   42 |         return 0;
      |         ^~~~~~
../Src/ap/ap_main.c:43:1: error: expected identifier or '(' before '}' token
   43 | }
      | ^
make: *** [Src/ap/subdir.mk:19: Src/ap/ap_main.o] Error 1
"make -j16 all" terminated with exit code 2. Build might be incomplete.
14:09:59 **** Incremental Build of configuration Debug for project 0618_GPIO_Baremetal ****
make -j16 all 
arm-none-eabi-size  0618_GPIO_Baremetal.elf 
   text	   data	    bss	    dec	    hex	filename
   1332	     64	   1568	   2964	    b94	0618_GPIO_Baremetal.elf
Finished building: default.size.stdout
 
14:10:00 **** Incremental Build of configuration Debug for project 0618_LedBlink ****
make -j16 all 
arm-none-eabi-size  0618_LedBlink.elf 
   text	   data	    bss	    dec	    hex	filename
   6004	     12	   1572	   7588	   1da4	0618_LedBlink.elf
Finished building: default.size.stdout
 
14:10:00 **** Incremental Build of configuration Debug for project 0619_BareMetal2 ****
make -j16 all 
arm-none-eabi-size  0619_BareMetal2.elf 
   text	   data	    bss	    dec	    hex	filename
   1472	     68	   1564	   3104	    c20	0619_BareMetal2.elf
Finished building: default.size.stdout
 
14:10:00 **** Incremental Build of configuration Debug for project 0619_button_led ****
make -j16 all 
arm-none-eabi-gcc "../Src/ap/ap_main.c" -mcpu=cortex-m4 -std=gnu11 -g3 -DDEBUG -DNUCLEO_F411RE -DSTM32 -DSTM32F4 -DSTM32F411RETx -c -I../Inc -I"C:/Users/kccistc/Documents/GitHub/Harman_STM32/workspace/stm32_workspace/0619_button_led/Src/driver/GPIO" -I"C:/Users/kccistc/Documents/GitHub/Harman_STM32/workspace/stm32_workspace/0619_button_led/Src/driver/LedBar" -I"C:/Users/kccistc/Documents/GitHub/Harman_STM32/workspace/stm32_workspace/0619_button_led/Src/driver/SystemClock" -I"C:/Users/kccistc/Documents/GitHub/Harman_STM32/workspace/stm32_workspace/0619_button_led/Src/ap" -I"C:/Users/kccistc/Documents/GitHub/Harman_STM32/workspace/stm32_workspace/0619_button_led/Src/driver/Button" -O0 -ffunction-sections -fdata-sections -Wall -fstack-usage -fcyclomatic-complexity -MMD -MP -MF"Src/ap/ap_main.d" -MT"Src/ap/ap_main.o" --specs=nano.specs -mfpu=fpv4-sp-d16 -mfloat-abi=hard -mthumb -o "Src/ap/ap_main.o"
../Src/ap/ap_main.c: In function 'ap_main':
../Src/ap/ap_main.c:27:25: error: case label does not reduce to an integer constant
   27 |                         case ((led_state & 0x01) != 0):
      |                         ^~~~
../Src/ap/ap_main.c:30:25: error: case label does not reduce to an integer constant
   30 |                         case ((led_state & 0x02) != 0):
      |                         ^~~~
../Src/ap/ap_main.c:33:25: error: case label does not reduce to an integer constant
   33 |                         case ((led_state & 0x04) != 0):
      |                         ^~~~
../Src/ap/ap_main.c: At top level:
../Src/ap/ap_main.c:42:9: error: expected identifier or '(' before 'return'
   42 |         return 0;
      |         ^~~~~~
../Src/ap/ap_main.c:43:1: error: expected identifier or '(' before '}' token
   43 | }
      | ^
make: *** [Src/ap/subdir.mk:19: Src/ap/ap_main.o] Error 1
"make -j16 all" terminated with exit code 2. Build might be incomplete.
14:10:08 **** Incremental Build of configuration Debug for project 0618_GPIO_Baremetal ****
make -j16 all 
arm-none-eabi-size  0618_GPIO_Baremetal.elf 
   text	   data	    bss	    dec	    hex	filename
   1332	     64	   1568	   2964	    b94	0618_GPIO_Baremetal.elf
Finished building: default.size.stdout
 
14:10:09 **** Incremental Build of configuration Debug for project 0618_LedBlink ****
make -j16 all 
arm-none-eabi-size  0618_LedBlink.elf 
   text	   data	    bss	    dec	    hex	filename
   6004	     12	   1572	   7588	   1da4	0618_LedBlink.elf
Finished building: default.size.stdout
 
14:10:09 **** Incremental Build of configuration Debug for project 0619_BareMetal2 ****
make -j16 all 
arm-none-eabi-size  0619_BareMetal2.elf 
   text	   data	    bss	    dec	    hex	filename
   1472	     68	   1564	   3104	    c20	0619_BareMetal2.elf
Finished building: default.size.stdout
 
14:10:09 **** Incremental Build of configuration Debug for project 0619_button_led ****
make -j16 all 
arm-none-eabi-gcc "../Src/ap/ap_main.c" -mcpu=cortex-m4 -std=gnu11 -g3 -DDEBUG -DNUCLEO_F411RE -DSTM32 -DSTM32F4 -DSTM32F411RETx -c -I../Inc -I"C:/Users/kccistc/Documents/GitHub/Harman_STM32/workspace/stm32_workspace/0619_button_led/Src/driver/GPIO" -I"C:/Users/kccistc/Documents/GitHub/Harman_STM32/workspace/stm32_workspace/0619_button_led/Src/driver/LedBar" -I"C:/Users/kccistc/Documents/GitHub/Harman_STM32/workspace/stm32_workspace/0619_button_led/Src/driver/SystemClock" -I"C:/Users/kccistc/Documents/GitHub/Harman_STM32/workspace/stm32_workspace/0619_button_led/Src/ap" -I"C:/Users/kccistc/Documents/GitHub/Harman_STM32/workspace/stm32_workspace/0619_button_led/Src/driver/Button" -O0 -ffunction-sections -fdata-sections -Wall -fstack-usage -fcyclomatic-complexity -MMD -MP -MF"Src/ap/ap_main.d" -MT"Src/ap/ap_main.o" --specs=nano.specs -mfpu=fpv4-sp-d16 -mfloat-abi=hard -mthumb -o "Src/ap/ap_main.o"
../Src/ap/ap_main.c: In function 'ap_main':
../Src/ap/ap_main.c:25:25: error: expected expression before ')' token
   25 |                 switch(*)
      |                         ^
../Src/ap/ap_main.c: At top level:
../Src/ap/ap_main.c:42:9: error: expected identifier or '(' before 'return'
   42 |         return 0;
      |         ^~~~~~
../Src/ap/ap_main.c:43:1: error: expected identifier or '(' before '}' token
   43 | }
      | ^
make: *** [Src/ap/subdir.mk:19: Src/ap/ap_main.o] Error 1
"make -j16 all" terminated with exit code 2. Build might be incomplete.
14:12:03 **** Incremental Build of configuration Debug for project 0618_GPIO_Baremetal ****
make -j16 all 
arm-none-eabi-size  0618_GPIO_Baremetal.elf 
   text	   data	    bss	    dec	    hex	filename
   1332	     64	   1568	   2964	    b94	0618_GPIO_Baremetal.elf
Finished building: default.size.stdout
 
14:12:03 **** Incremental Build of configuration Debug for project 0618_LedBlink ****
make -j16 all 
arm-none-eabi-size  0618_LedBlink.elf 
   text	   data	    bss	    dec	    hex	filename
   6004	     12	   1572	   7588	   1da4	0618_LedBlink.elf
Finished building: default.size.stdout
 
14:12:03 **** Incremental Build of configuration Debug for project 0619_BareMetal2 ****
make -j16 all 
arm-none-eabi-size  0619_BareMetal2.elf 
   text	   data	    bss	    dec	    hex	filename
   1472	     68	   1564	   3104	    c20	0619_BareMetal2.elf
Finished building: default.size.stdout
 
14:12:04 **** Incremental Build of configuration Debug for project 0619_button_led ****
make -j16 all 
arm-none-eabi-gcc "../Src/ap/ap_main.c" -mcpu=cortex-m4 -std=gnu11 -g3 -DDEBUG -DNUCLEO_F411RE -DSTM32 -DSTM32F4 -DSTM32F411RETx -c -I../Inc -I"C:/Users/kccistc/Documents/GitHub/Harman_STM32/workspace/stm32_workspace/0619_button_led/Src/driver/GPIO" -I"C:/Users/kccistc/Documents/GitHub/Harman_STM32/workspace/stm32_workspace/0619_button_led/Src/driver/LedBar" -I"C:/Users/kccistc/Documents/GitHub/Harman_STM32/workspace/stm32_workspace/0619_button_led/Src/driver/SystemClock" -I"C:/Users/kccistc/Documents/GitHub/Harman_STM32/workspace/stm32_workspace/0619_button_led/Src/ap" -I"C:/Users/kccistc/Documents/GitHub/Harman_STM32/workspace/stm32_workspace/0619_button_led/Src/driver/Button" -O0 -ffunction-sections -fdata-sections -Wall -fstack-usage -fcyclomatic-complexity -MMD -MP -MF"Src/ap/ap_main.d" -MT"Src/ap/ap_main.o" --specs=nano.specs -mfpu=fpv4-sp-d16 -mfloat-abi=hard -mthumb -o "Src/ap/ap_main.o"
../Src/ap/ap_main.c:34:17: warning: data definition has no type or storage class
   34 |                 LedBar_Write(data);
      |                 ^~~~~~~~~~~~
../Src/ap/ap_main.c:34:17: warning: type defaults to 'int' in declaration of 'LedBar_Write' [-Wimplicit-int]
../Src/ap/ap_main.c:34:17: warning: parameter names (without types) in function declaration
../Src/ap/ap_main.c:34:17: error: conflicting types for 'LedBar_Write'; have 'int()'
In file included from ../Src/ap/ap_main.h:12,
                 from ../Src/ap/ap_main.c:7:
C:/Users/kccistc/Documents/GitHub/Harman_STM32/workspace/stm32_workspace/0619_button_led/Src/driver/LedBar/LedBar.h:13:6: note: previous declaration of 'LedBar_Write' with type 'void(uint32_t)' {aka 'void(long unsigned int)'}
   13 | void LedBar_Write(uint32_t data);
      |      ^~~~~~~~~~~~
../Src/ap/ap_main.c:35:23: error: expected declaration specifiers or '...' before numeric constant
   35 |                 delay(100);
      |                       ^~~
../Src/ap/ap_main.c:36:9: error: expected identifier or '(' before '}' token
   36 |         }
      |         ^
../Src/ap/ap_main.c:38:9: error: expected identifier or '(' before 'return'
   38 |         return 0;
      |         ^~~~~~
../Src/ap/ap_main.c:39:1: error: expected identifier or '(' before '}' token
   39 | }
      | ^
make: *** [Src/ap/subdir.mk:19: Src/ap/ap_main.o] Error 1
"make -j16 all" terminated with exit code 2. Build might be incomplete.
14:12:12 **** Incremental Build of configuration Debug for project 0618_GPIO_Baremetal ****
make -j16 all 
arm-none-eabi-size  0618_GPIO_Baremetal.elf 
   text	   data	    bss	    dec	    hex	filename
   1332	     64	   1568	   2964	    b94	0618_GPIO_Baremetal.elf
Finished building: default.size.stdout
 
14:12:13 **** Incremental Build of configuration Debug for project 0618_LedBlink ****
make -j16 all 
arm-none-eabi-size  0618_LedBlink.elf 
   text	   data	    bss	    dec	    hex	filename
   6004	     12	   1572	   7588	   1da4	0618_LedBlink.elf
Finished building: default.size.stdout
 
14:12:13 **** Incremental Build of configuration Debug for project 0619_BareMetal2 ****
make -j16 all 
arm-none-eabi-size  0619_BareMetal2.elf 
   text	   data	    bss	    dec	    hex	filename
   1472	     68	   1564	   3104	    c20	0619_BareMetal2.elf
Finished building: default.size.stdout
 
14:12:13 **** Incremental Build of configuration Debug for project 0619_button_led ****
make -j16 all 
arm-none-eabi-gcc "../Src/ap/ap_main.c" -mcpu=cortex-m4 -std=gnu11 -g3 -DDEBUG -DNUCLEO_F411RE -DSTM32 -DSTM32F4 -DSTM32F411RETx -c -I../Inc -I"C:/Users/kccistc/Documents/GitHub/Harman_STM32/workspace/stm32_workspace/0619_button_led/Src/driver/GPIO" -I"C:/Users/kccistc/Documents/GitHub/Harman_STM32/workspace/stm32_workspace/0619_button_led/Src/driver/LedBar" -I"C:/Users/kccistc/Documents/GitHub/Harman_STM32/workspace/stm32_workspace/0619_button_led/Src/driver/SystemClock" -I"C:/Users/kccistc/Documents/GitHub/Harman_STM32/workspace/stm32_workspace/0619_button_led/Src/ap" -I"C:/Users/kccistc/Documents/GitHub/Harman_STM32/workspace/stm32_workspace/0619_button_led/Src/driver/Button" -O0 -ffunction-sections -fdata-sections -Wall -fstack-usage -fcyclomatic-complexity -MMD -MP -MF"Src/ap/ap_main.d" -MT"Src/ap/ap_main.o" --specs=nano.specs -mfpu=fpv4-sp-d16 -mfloat-abi=hard -mthumb -o "Src/ap/ap_main.o"
../Src/ap/ap_main.c:38:9: error: expected identifier or '(' before 'return'
   38 |         return 0;
      |         ^~~~~~
../Src/ap/ap_main.c:39:1: error: expected identifier or '(' before '}' token
   39 | }
      | ^
make: *** [Src/ap/subdir.mk:19: Src/ap/ap_main.o] Error 1
"make -j16 all" terminated with exit code 2. Build might be incomplete.
14:12:22 **** Incremental Build of configuration Debug for project 0618_GPIO_Baremetal ****
make -j16 all 
arm-none-eabi-size  0618_GPIO_Baremetal.elf 
   text	   data	    bss	    dec	    hex	filename
   1332	     64	   1568	   2964	    b94	0618_GPIO_Baremetal.elf
Finished building: default.size.stdout
 
14:12:22 **** Incremental Build of configuration Debug for project 0618_LedBlink ****
make -j16 all 
arm-none-eabi-size  0618_LedBlink.elf 
   text	   data	    bss	    dec	    hex	filename
   6004	     12	   1572	   7588	   1da4	0618_LedBlink.elf
Finished building: default.size.stdout
 
14:12:22 **** Incremental Build of configuration Debug for project 0619_BareMetal2 ****
make -j16 all 
arm-none-eabi-size  0619_BareMetal2.elf 
   text	   data	    bss	    dec	    hex	filename
   1472	     68	   1564	   3104	    c20	0619_BareMetal2.elf
Finished building: default.size.stdout
 
14:12:22 **** Incremental Build of configuration Debug for project 0619_button_led ****
make -j16 all 
arm-none-eabi-gcc "../Src/ap/ap_main.c" -mcpu=cortex-m4 -std=gnu11 -g3 -DDEBUG -DNUCLEO_F411RE -DSTM32 -DSTM32F4 -DSTM32F411RETx -c -I../Inc -I"C:/Users/kccistc/Documents/GitHub/Harman_STM32/workspace/stm32_workspace/0619_button_led/Src/driver/GPIO" -I"C:/Users/kccistc/Documents/GitHub/Harman_STM32/workspace/stm32_workspace/0619_button_led/Src/driver/LedBar" -I"C:/Users/kccistc/Documents/GitHub/Harman_STM32/workspace/stm32_workspace/0619_button_led/Src/driver/SystemClock" -I"C:/Users/kccistc/Documents/GitHub/Harman_STM32/workspace/stm32_workspace/0619_button_led/Src/ap" -I"C:/Users/kccistc/Documents/GitHub/Harman_STM32/workspace/stm32_workspace/0619_button_led/Src/driver/Button" -O0 -ffunction-sections -fdata-sections -Wall -fstack-usage -fcyclomatic-complexity -MMD -MP -MF"Src/ap/ap_main.d" -MT"Src/ap/ap_main.o" --specs=nano.specs -mfpu=fpv4-sp-d16 -mfloat-abi=hard -mthumb -o "Src/ap/ap_main.o"
arm-none-eabi-gcc -o "0619_button_led.elf" @"objects.list"   -mcpu=cortex-m4 -T"C:\Users\kccistc\Documents\GitHub\Harman_STM32\workspace\stm32_workspace\0619_button_led\STM32F411RETX_FLASH.ld" --specs=nosys.specs -Wl,-Map="0619_button_led.map" -Wl,--gc-sections -static --specs=nano.specs -mfpu=fpv4-sp-d16 -mfloat-abi=hard -mthumb -Wl,--start-group -lc -lm -Wl,--end-group
Finished building target: 0619_button_led.elf
 
arm-none-eabi-size  0619_button_led.elf 
arm-none-eabi-objdump -h -S 0619_button_led.elf  > "0619_button_led.list"
   text	   data	    bss	    dec	    hex	filename
   1608	     68	   1564	   3240	    ca8	0619_button_led.elf
Finished building: default.size.stdout
 
Finished building: 0619_button_led.list
 
14:12:39 **** Incremental Build of configuration Debug for project 0619_button_led ****
make -j16 all 
arm-none-eabi-size  0619_button_led.elf 
   text	   data	    bss	    dec	    hex	filename
   1608	     68	   1564	   3240	    ca8	0619_button_led.elf
Finished building: default.size.stdout
 
14:15:24 **** Incremental Build of configuration Debug for project 0618_GPIO_Baremetal ****
make -j16 all 
arm-none-eabi-size  0618_GPIO_Baremetal.elf 
   text	   data	    bss	    dec	    hex	filename
   1332	     64	   1568	   2964	    b94	0618_GPIO_Baremetal.elf
Finished building: default.size.stdout
 
14:15:24 **** Incremental Build of configuration Debug for project 0618_LedBlink ****
make -j16 all 
arm-none-eabi-size  0618_LedBlink.elf 
   text	   data	    bss	    dec	    hex	filename
   6004	     12	   1572	   7588	   1da4	0618_LedBlink.elf
Finished building: default.size.stdout
 
14:15:24 **** Incremental Build of configuration Debug for project 0619_BareMetal2 ****
make -j16 all 
arm-none-eabi-size  0619_BareMetal2.elf 
   text	   data	    bss	    dec	    hex	filename
   1472	     68	   1564	   3104	    c20	0619_BareMetal2.elf
Finished building: default.size.stdout
 
14:15:25 **** Incremental Build of configuration Debug for project 0619_button_led ****
make -j16 all 
arm-none-eabi-gcc "../Src/ap/ap_main.c" -mcpu=cortex-m4 -std=gnu11 -g3 -DDEBUG -DNUCLEO_F411RE -DSTM32 -DSTM32F4 -DSTM32F411RETx -c -I../Inc -I"C:/Users/kccistc/Documents/GitHub/Harman_STM32/workspace/stm32_workspace/0619_button_led/Src/driver/GPIO" -I"C:/Users/kccistc/Documents/GitHub/Harman_STM32/workspace/stm32_workspace/0619_button_led/Src/driver/LedBar" -I"C:/Users/kccistc/Documents/GitHub/Harman_STM32/workspace/stm32_workspace/0619_button_led/Src/driver/SystemClock" -I"C:/Users/kccistc/Documents/GitHub/Harman_STM32/workspace/stm32_workspace/0619_button_led/Src/ap" -I"C:/Users/kccistc/Documents/GitHub/Harman_STM32/workspace/stm32_workspace/0619_button_led/Src/driver/Button" -O0 -ffunction-sections -fdata-sections -Wall -fstack-usage -fcyclomatic-complexity -MMD -MP -MF"Src/ap/ap_main.d" -MT"Src/ap/ap_main.o" --specs=nano.specs -mfpu=fpv4-sp-d16 -mfloat-abi=hard -mthumb -o "Src/ap/ap_main.o"
../Src/ap/ap_main.c: In function 'ap_main':
../Src/ap/ap_main.c:11:17: warning: unused variable 'led_state' [-Wunused-variable]
   11 |         uint8_t led_state;
      |                 ^~~~~~~~~
arm-none-eabi-gcc -o "0619_button_led.elf" @"objects.list"   -mcpu=cortex-m4 -T"C:\Users\kccistc\Documents\GitHub\Harman_STM32\workspace\stm32_workspace\0619_button_led\STM32F411RETX_FLASH.ld" --specs=nosys.specs -Wl,-Map="0619_button_led.map" -Wl,--gc-sections -static --specs=nano.specs -mfpu=fpv4-sp-d16 -mfloat-abi=hard -mthumb -Wl,--start-group -lc -lm -Wl,--end-group
Finished building target: 0619_button_led.elf
 
arm-none-eabi-size  0619_button_led.elf 
arm-none-eabi-objdump -h -S 0619_button_led.elf  > "0619_button_led.list"
   text	   data	    bss	    dec	    hex	filename
   1584	     68	   1564	   3216	    c90	0619_button_led.elf
Finished building: default.size.stdout
 
Finished building: 0619_button_led.list
 
14:15:29 **** Incremental Build of configuration Debug for project 0619_button_led ****
make -j16 all 
arm-none-eabi-size  0619_button_led.elf 
   text	   data	    bss	    dec	    hex	filename
   1584	     68	   1564	   3216	    c90	0619_button_led.elf
Finished building: default.size.stdout
 
14:16:25 **** Incremental Build of configuration Debug for project 0618_GPIO_Baremetal ****
make -j16 all 
arm-none-eabi-size  0618_GPIO_Baremetal.elf 
   text	   data	    bss	    dec	    hex	filename
   1332	     64	   1568	   2964	    b94	0618_GPIO_Baremetal.elf
Finished building: default.size.stdout
 
14:16:26 **** Incremental Build of configuration Debug for project 0618_LedBlink ****
make -j16 all 
arm-none-eabi-size  0618_LedBlink.elf 
   text	   data	    bss	    dec	    hex	filename
   6004	     12	   1572	   7588	   1da4	0618_LedBlink.elf
Finished building: default.size.stdout
 
14:16:26 **** Incremental Build of configuration Debug for project 0619_BareMetal2 ****
make -j16 all 
arm-none-eabi-size  0619_BareMetal2.elf 
   text	   data	    bss	    dec	    hex	filename
   1472	     68	   1564	   3104	    c20	0619_BareMetal2.elf
Finished building: default.size.stdout
 
14:16:26 **** Incremental Build of configuration Debug for project 0619_button_led ****
make -j16 all 
arm-none-eabi-gcc "../Src/ap/ap_main.c" -mcpu=cortex-m4 -std=gnu11 -g3 -DDEBUG -DNUCLEO_F411RE -DSTM32 -DSTM32F4 -DSTM32F411RETx -c -I../Inc -I"C:/Users/kccistc/Documents/GitHub/Harman_STM32/workspace/stm32_workspace/0619_button_led/Src/driver/GPIO" -I"C:/Users/kccistc/Documents/GitHub/Harman_STM32/workspace/stm32_workspace/0619_button_led/Src/driver/LedBar" -I"C:/Users/kccistc/Documents/GitHub/Harman_STM32/workspace/stm32_workspace/0619_button_led/Src/driver/SystemClock" -I"C:/Users/kccistc/Documents/GitHub/Harman_STM32/workspace/stm32_workspace/0619_button_led/Src/ap" -I"C:/Users/kccistc/Documents/GitHub/Harman_STM32/workspace/stm32_workspace/0619_button_led/Src/driver/Button" -O0 -ffunction-sections -fdata-sections -Wall -fstack-usage -fcyclomatic-complexity -MMD -MP -MF"Src/ap/ap_main.d" -MT"Src/ap/ap_main.o" --specs=nano.specs -mfpu=fpv4-sp-d16 -mfloat-abi=hard -mthumb -o "Src/ap/ap_main.o"
../Src/ap/ap_main.c: In function 'ap_main':
../Src/ap/ap_main.c:11:17: warning: unused variable 'led_state' [-Wunused-variable]
   11 |         uint8_t led_state;
      |                 ^~~~~~~~~
arm-none-eabi-gcc -o "0619_button_led.elf" @"objects.list"   -mcpu=cortex-m4 -T"C:\Users\kccistc\Documents\GitHub\Harman_STM32\workspace\stm32_workspace\0619_button_led\STM32F411RETX_FLASH.ld" --specs=nosys.specs -Wl,-Map="0619_button_led.map" -Wl,--gc-sections -static --specs=nano.specs -mfpu=fpv4-sp-d16 -mfloat-abi=hard -mthumb -Wl,--start-group -lc -lm -Wl,--end-group
Finished building target: 0619_button_led.elf
 
arm-none-eabi-size  0619_button_led.elf 
arm-none-eabi-objdump -h -S 0619_button_led.elf  > "0619_button_led.list"
   text	   data	    bss	    dec	    hex	filename
   1620	     68	   1564	   3252	    cb4	0619_button_led.elf
Finished building: default.size.stdout
 
Finished building: 0619_button_led.list
 
14:16:28 **** Incremental Build of configuration Debug for project 0619_button_led ****
make -j16 all 
arm-none-eabi-size  0619_button_led.elf 
   text	   data	    bss	    dec	    hex	filename
   1620	     68	   1564	   3252	    cb4	0619_button_led.elf
Finished building: default.size.stdout
 
14:23:32 **** Incremental Build of configuration Debug for project 0618_GPIO_Baremetal ****
make -j16 all 
arm-none-eabi-size  0618_GPIO_Baremetal.elf 
   text	   data	    bss	    dec	    hex	filename
   1332	     64	   1568	   2964	    b94	0618_GPIO_Baremetal.elf
Finished building: default.size.stdout
 
14:23:32 **** Incremental Build of configuration Debug for project 0618_LedBlink ****
make -j16 all 
arm-none-eabi-size  0618_LedBlink.elf 
   text	   data	    bss	    dec	    hex	filename
   6004	     12	   1572	   7588	   1da4	0618_LedBlink.elf
Finished building: default.size.stdout
 
14:23:32 **** Incremental Build of configuration Debug for project 0619_BareMetal2 ****
make -j16 all 
arm-none-eabi-size  0619_BareMetal2.elf 
   text	   data	    bss	    dec	    hex	filename
   1472	     68	   1564	   3104	    c20	0619_BareMetal2.elf
Finished building: default.size.stdout
 
14:23:33 **** Incremental Build of configuration Debug for project 0619_button_led ****
make -j16 all 
arm-none-eabi-gcc "../Src/driver/Button/Button.c" -mcpu=cortex-m4 -std=gnu11 -g3 -DDEBUG -DNUCLEO_F411RE -DSTM32 -DSTM32F4 -DSTM32F411RETx -c -I../Inc -I"C:/Users/kccistc/Documents/GitHub/Harman_STM32/workspace/stm32_workspace/0619_button_led/Src/driver/GPIO" -I"C:/Users/kccistc/Documents/GitHub/Harman_STM32/workspace/stm32_workspace/0619_button_led/Src/driver/LedBar" -I"C:/Users/kccistc/Documents/GitHub/Harman_STM32/workspace/stm32_workspace/0619_button_led/Src/driver/SystemClock" -I"C:/Users/kccistc/Documents/GitHub/Harman_STM32/workspace/stm32_workspace/0619_button_led/Src/ap" -I"C:/Users/kccistc/Documents/GitHub/Harman_STM32/workspace/stm32_workspace/0619_button_led/Src/driver/Button" -O0 -ffunction-sections -fdata-sections -Wall -fstack-usage -fcyclomatic-complexity -MMD -MP -MF"Src/driver/Button/Button.d" -MT"Src/driver/Button/Button.o" --specs=nano.specs -mfpu=fpv4-sp-d16 -mfloat-abi=hard -mthumb -o "Src/driver/Button/Button.o"
arm-none-eabi-gcc "../Src/ap/ap_main.c" -mcpu=cortex-m4 -std=gnu11 -g3 -DDEBUG -DNUCLEO_F411RE -DSTM32 -DSTM32F4 -DSTM32F411RETx -c -I../Inc -I"C:/Users/kccistc/Documents/GitHub/Harman_STM32/workspace/stm32_workspace/0619_button_led/Src/driver/GPIO" -I"C:/Users/kccistc/Documents/GitHub/Harman_STM32/workspace/stm32_workspace/0619_button_led/Src/driver/LedBar" -I"C:/Users/kccistc/Documents/GitHub/Harman_STM32/workspace/stm32_workspace/0619_button_led/Src/driver/SystemClock" -I"C:/Users/kccistc/Documents/GitHub/Harman_STM32/workspace/stm32_workspace/0619_button_led/Src/ap" -I"C:/Users/kccistc/Documents/GitHub/Harman_STM32/workspace/stm32_workspace/0619_button_led/Src/driver/Button" -O0 -ffunction-sections -fdata-sections -Wall -fstack-usage -fcyclomatic-complexity -MMD -MP -MF"Src/ap/ap_main.d" -MT"Src/ap/ap_main.o" --specs=nano.specs -mfpu=fpv4-sp-d16 -mfloat-abi=hard -mthumb -o "Src/ap/ap_main.o"
arm-none-eabi-gcc "../Src/main.c" -mcpu=cortex-m4 -std=gnu11 -g3 -DDEBUG -DNUCLEO_F411RE -DSTM32 -DSTM32F4 -DSTM32F411RETx -c -I../Inc -I"C:/Users/kccistc/Documents/GitHub/Harman_STM32/workspace/stm32_workspace/0619_button_led/Src/driver/GPIO" -I"C:/Users/kccistc/Documents/GitHub/Harman_STM32/workspace/stm32_workspace/0619_button_led/Src/driver/LedBar" -I"C:/Users/kccistc/Documents/GitHub/Harman_STM32/workspace/stm32_workspace/0619_button_led/Src/driver/SystemClock" -I"C:/Users/kccistc/Documents/GitHub/Harman_STM32/workspace/stm32_workspace/0619_button_led/Src/ap" -I"C:/Users/kccistc/Documents/GitHub/Harman_STM32/workspace/stm32_workspace/0619_button_led/Src/driver/Button" -O0 -ffunction-sections -fdata-sections -Wall -fstack-usage -fcyclomatic-complexity -MMD -MP -MF"Src/main.d" -MT"Src/main.o" --specs=nano.specs -mfpu=fpv4-sp-d16 -mfloat-abi=hard -mthumb -o "Src/main.o"
../Src/ap/ap_main.c: In function 'ap_main':
../Src/ap/ap_main.c:21:38: error: expected expression before ')' token
   21 |                 if (Button_GetState(&) == ACT_PUSHED) right_state ^= 1;
      |                                      ^
../Src/driver/Button/Button.c: In function 'Button_GetState':
In file included from C:/Users/kccistc/Documents/GitHub/Harman_STM32/workspace/stm32_workspace/0619_button_led/Src/driver/GPIO/GPIO.h:12,
                 from ../Src/ap/ap_main.h:11,
                 from ../Src/ap/ap_main.c:7:
../Inc/stm32f411xe.h:784:29: warning: passing argument 1 of 'Button_GetState' from incompatible pointer type [-Wincompatible-pointer-types]
  784 | #define GPIOB               ((GPIO_TypeDef *) GPIOB_BASE)
      |                             ^~~~~~~~~~~~~~~~~~~~~~~~~~~~~
      |                             |
      |                             GPIO_TypeDef *
../Src/ap/ap_main.c:22:37: note: in expansion of macro 'GPIOB'
   22 |                 if (Button_GetState(GPIOB, 3) == ACT_PUSHED) OnOff ^= 1;
      |                                     ^~~~~
../Src/driver/Button/Button.c:24:33: error: 'GPIOx' undeclared (first use in this function); did you mean 'GPIOC'?
   24 |         curState = GPIO_ReadPin(GPIOx, pinNum);
      |                                 ^~~~~
      |                                 GPIOC
../Src/driver/Button/Button.c:24:33: note: each undeclared identifier is reported only once for each function it appears in
In file included from ../Src/ap/ap_main.h:14:
C:/Users/kccistc/Documents/GitHub/Harman_STM32/workspace/stm32_workspace/0619_button_led/Src/driver/Button/Button.h:24:39: note: expected 'Button_Handler_t *' but argument is of type 'GPIO_TypeDef *'
   24 | int Button_GetState(Button_Handler_t *hbtn);
      |                     ~~~~~~~~~~~~~~~~~~^~~~
../Src/ap/ap_main.c:22:21: error: too many arguments to function 'Button_GetState'
   22 |                 if (Button_GetState(GPIOB, 3) == ACT_PUSHED) OnOff ^= 1;
      |                     ^~~~~~~~~~~~~~~
../Src/driver/Button/Button.c:24:40: error: 'pinNum' undeclared (first use in this function)
   24 |         curState = GPIO_ReadPin(GPIOx, pinNum);
      |                                        ^~~~~~
C:/Users/kccistc/Documents/GitHub/Harman_STM32/workspace/stm32_workspace/0619_button_led/Src/driver/Button/Button.h:24:5: note: declared here
   24 | int Button_GetState(Button_Handler_t *hbtn);
      |     ^~~~~~~~~~~~~~~
../Src/driver/Button/Button.c:22:20: warning: unused variable 'prevState' [-Wunused-variable]
   22 |         static int prevState = RELEASED;
      |                    ^~~~~~~~~
../Src/ap/ap_main.c:26:25: error: 'switchdata' undeclared (first use in this function)
   26 |                         switchdata ^= 0xff;
      |                         ^~~~~~~~~~
../Src/ap/ap_main.c:26:25: note: each undeclared identifier is reported only once for each function it appears in
../Src/ap/ap_main.c:15:17: warning: unused variable 'led_state' [-Wunused-variable]
   15 |         uint8_t led_state;
      |                 ^~~~~~~~~
../Src/ap/ap_main.c: In function 'ap_init':
../Inc/stm32f411xe.h:785:29: warning: passing argument 1 of 'Button_Init' from incompatible pointer type [-Wincompatible-pointer-types]
  785 | #define GPIOC               ((GPIO_TypeDef *) GPIOC_BASE)
      |                             ^~~~~~~~~~~~~~~~~~~~~~~~~~~~~
      |                             |
      |                             GPIO_TypeDef *
../Src/ap/ap_main.c:47:21: note: in expansion of macro 'GPIOC'
   47 |         Button_Init(GPIOC, 13);
      |                     ^~~~~
C:/Users/kccistc/Documents/GitHub/Harman_STM32/workspace/stm32_workspace/0619_button_led/Src/driver/Button/Button.h:23:36: note: expected 'Button_Handler_t *' but argument is of type 'GPIO_TypeDef *'
   23 | void Button_Init(Button_Handler_t *hbtn, GPIO_TypeDef *GPIOx, uint32_t pinNum);
      |                  ~~~~~~~~~~~~~~~~~~^~~~
../Src/ap/ap_main.c:47:28: warning: passing argument 2 of 'Button_Init' makes pointer from integer without a cast [-Wint-conversion]
   47 |         Button_Init(GPIOC, 13);
      |                            ^~
      |                            |
      |                            int
C:/Users/kccistc/Documents/GitHub/Harman_STM32/workspace/stm32_workspace/0619_button_led/Src/driver/Button/Button.h:23:56: note: expected 'GPIO_TypeDef *' but argument is of type 'int'
   23 | void Button_Init(Button_Handler_t *hbtn, GPIO_TypeDef *GPIOx, uint32_t pinNum);
      |                                          ~~~~~~~~~~~~~~^~~~~
../Src/ap/ap_main.c:47:9: error: too few arguments to function 'Button_Init'
   47 |         Button_Init(GPIOC, 13);
      |         ^~~~~~~~~~~
C:/Users/kccistc/Documents/GitHub/Harman_STM32/workspace/stm32_workspace/0619_button_led/Src/driver/Button/Button.h:23:6: note: declared here
   23 | void Button_Init(Button_Handler_t *hbtn, GPIO_TypeDef *GPIOx, uint32_t pinNum);
      |      ^~~~~~~~~~~
make: *** [Src/driver/Button/subdir.mk:19: Src/driver/Button/Button.o] Error 1
make: *** Waiting for unfinished jobs....
make: *** [Src/ap/subdir.mk:19: Src/ap/ap_main.o] Error 1
"make -j16 all" terminated with exit code 2. Build might be incomplete.
14:23:45 **** Incremental Build of configuration Debug for project 0618_GPIO_Baremetal ****
make -j16 all 
arm-none-eabi-size  0618_GPIO_Baremetal.elf 
   text	   data	    bss	    dec	    hex	filename
   1332	     64	   1568	   2964	    b94	0618_GPIO_Baremetal.elf
Finished building: default.size.stdout
 
14:23:45 **** Incremental Build of configuration Debug for project 0618_LedBlink ****
make -j16 all 
arm-none-eabi-size  0618_LedBlink.elf 
   text	   data	    bss	    dec	    hex	filename
   6004	     12	   1572	   7588	   1da4	0618_LedBlink.elf
Finished building: default.size.stdout
 
14:23:45 **** Incremental Build of configuration Debug for project 0619_BareMetal2 ****
make -j16 all 
arm-none-eabi-size  0619_BareMetal2.elf 
   text	   data	    bss	    dec	    hex	filename
   1472	     68	   1564	   3104	    c20	0619_BareMetal2.elf
Finished building: default.size.stdout
 
14:23:45 **** Incremental Build of configuration Debug for project 0619_button_led ****
make -j16 all 
arm-none-eabi-gcc "../Src/driver/Button/Button.c" -mcpu=cortex-m4 -std=gnu11 -g3 -DDEBUG -DNUCLEO_F411RE -DSTM32 -DSTM32F4 -DSTM32F411RETx -c -I../Inc -I"C:/Users/kccistc/Documents/GitHub/Harman_STM32/workspace/stm32_workspace/0619_button_led/Src/driver/GPIO" -I"C:/Users/kccistc/Documents/GitHub/Harman_STM32/workspace/stm32_workspace/0619_button_led/Src/driver/LedBar" -I"C:/Users/kccistc/Documents/GitHub/Harman_STM32/workspace/stm32_workspace/0619_button_led/Src/driver/SystemClock" -I"C:/Users/kccistc/Documents/GitHub/Harman_STM32/workspace/stm32_workspace/0619_button_led/Src/ap" -I"C:/Users/kccistc/Documents/GitHub/Harman_STM32/workspace/stm32_workspace/0619_button_led/Src/driver/Button" -O0 -ffunction-sections -fdata-sections -Wall -fstack-usage -fcyclomatic-complexity -MMD -MP -MF"Src/driver/Button/Button.d" -MT"Src/driver/Button/Button.o" --specs=nano.specs -mfpu=fpv4-sp-d16 -mfloat-abi=hard -mthumb -o "Src/driver/Button/Button.o"
[...]
../Src/ap/ap_main.c: In function 'ap_main':
../Src/ap/ap_main.c:118:18: warning: variable 'prev_fnd_state' set but not used [-Wunused-but-set-variable]
  118 |         uint32_t prev_fnd_state = 0x01;
      |                  ^~~~~~~~~~~~~~
arm-none-eabi-gcc -o "0619_button_led.elf" @"objects.list"   -mcpu=cortex-m4 -T"C:\Users\kccistc\Documents\GitHub\Harman_STM32\workspace\stm32_workspace\0619_button_led\STM32F411RETX_FLASH.ld" --specs=nosys.specs -Wl,-Map="0619_button_led.map" -Wl,--gc-sections -static --specs=nano.specs -mfpu=fpv4-sp-d16 -mfloat-abi=hard -mthumb -Wl,--start-group -lc -lm -Wl,--end-group
Finished building target: 0619_button_led.elf
 
arm-none-eabi-size  0619_button_led.elf 
arm-none-eabi-objdump -h -S 0619_button_led.elf  > "0619_button_led.list"
   text	   data	    bss	    dec	    hex	filename
   3652	     96	   1648	   5396	   1514	0619_button_led.elf
Finished building: default.size.stdout
 
Finished building: 0619_button_led.list
 
17:29:52 **** Incremental Build of configuration Debug for project 0619_button_led ****
make -j16 all 
arm-none-eabi-gcc "../Src/ap/ap_main.c" -mcpu=cortex-m4 -std=gnu11 -g3 -DDEBUG -DNUCLEO_F411RE -DSTM32 -DSTM32F4 -DSTM32F411RETx -c -I../Inc -I"C:/Users/kccistc/Documents/GitHub/Harman_STM32/workspace/stm32_workspace/0619_button_led/Src/driver/GPIO" -I"C:/Users/kccistc/Documents/GitHub/Harman_STM32/workspace/stm32_workspace/0619_button_led/Src/driver/LedBar" -I"C:/Users/kccistc/Documents/GitHub/Harman_STM32/workspace/stm32_workspace/0619_button_led/Src/driver/SystemClock" -I"C:/Users/kccistc/Documents/GitHub/Harman_STM32/workspace/stm32_workspace/0619_button_led/Src/ap" -I"C:/Users/kccistc/Documents/GitHub/Harman_STM32/workspace/stm32_workspace/0619_button_led/Src/driver/Button" -I"C:/Users/kccistc/Documents/GitHub/Harman_STM32/workspace/stm32_workspace/0619_button_led/Src/driver/FND" -O0 -ffunction-sections -fdata-sections -Wall -fstack-usage -fcyclomatic-complexity -MMD -MP -MF"Src/ap/ap_main.d" -MT"Src/ap/ap_main.o" --specs=nano.specs -mfpu=fpv4-sp-d16 -mfloat-abi=hard -mthumb -o "Src/ap/ap_main.o"
../Src/ap/ap_main.c: In function 'ap_main':
../Src/ap/ap_main.c:118:18: warning: variable 'prev_fnd_state' set but not used [-Wunused-but-set-variable]
  118 |         uint32_t prev_fnd_state = 0x01;
      |                  ^~~~~~~~~~~~~~
arm-none-eabi-gcc -o "0619_button_led.elf" @"objects.list"   -mcpu=cortex-m4 -T"C:\Users\kccistc\Documents\GitHub\Harman_STM32\workspace\stm32_workspace\0619_button_led\STM32F411RETX_FLASH.ld" --specs=nosys.specs -Wl,-Map="0619_button_led.map" -Wl,--gc-sections -static --specs=nano.specs -mfpu=fpv4-sp-d16 -mfloat-abi=hard -mthumb -Wl,--start-group -lc -lm -Wl,--end-group
Finished building target: 0619_button_led.elf
 
arm-none-eabi-size  0619_button_led.elf 
arm-none-eabi-objdump -h -S 0619_button_led.elf  > "0619_button_led.list"
   text	   data	    bss	    dec	    hex	filename
   3648	     96	   1648	   5392	   1510	0619_button_led.elf
Finished building: default.size.stdout
 
Finished building: 0619_button_led.list
 
17:32:42 **** Incremental Build of configuration Debug for project 0618_GPIO_Baremetal ****
make -j16 all 
arm-none-eabi-size  0618_GPIO_Baremetal.elf 
   text	   data	    bss	    dec	    hex	filename
   1332	     64	   1568	   2964	    b94	0618_GPIO_Baremetal.elf
Finished building: default.size.stdout
 
17:32:42 **** Incremental Build of configuration Debug for project 0618_LedBlink ****
make -j16 all 
arm-none-eabi-size  0618_LedBlink.elf 
   text	   data	    bss	    dec	    hex	filename
   6004	     12	   1572	   7588	   1da4	0618_LedBlink.elf
Finished building: default.size.stdout
 
17:32:43 **** Incremental Build of configuration Debug for project 0619_BareMetal2 ****
make -j16 all 
arm-none-eabi-size  0619_BareMetal2.elf 
   text	   data	    bss	    dec	    hex	filename
   1472	     68	   1564	   3104	    c20	0619_BareMetal2.elf
Finished building: default.size.stdout
 
17:32:43 **** Incremental Build of configuration Debug for project 0619_button_led ****
make -j16 all 
arm-none-eabi-gcc "../Src/ap/ap_main.c" -mcpu=cortex-m4 -std=gnu11 -g3 -DDEBUG -DNUCLEO_F411RE -DSTM32 -DSTM32F4 -DSTM32F411RETx -c -I../Inc -I"C:/Users/kccistc/Documents/GitHub/Harman_STM32/workspace/stm32_workspace/0619_button_led/Src/driver/GPIO" -I"C:/Users/kccistc/Documents/GitHub/Harman_STM32/workspace/stm32_workspace/0619_button_led/Src/driver/LedBar" -I"C:/Users/kccistc/Documents/GitHub/Harman_STM32/workspace/stm32_workspace/0619_button_led/Src/driver/SystemClock" -I"C:/Users/kccistc/Documents/GitHub/Harman_STM32/workspace/stm32_workspace/0619_button_led/Src/ap" -I"C:/Users/kccistc/Documents/GitHub/Harman_STM32/workspace/stm32_workspace/0619_button_led/Src/driver/Button" -I"C:/Users/kccistc/Documents/GitHub/Harman_STM32/workspace/stm32_workspace/0619_button_led/Src/driver/FND" -O0 -ffunction-sections -fdata-sections -Wall -fstack-usage -fcyclomatic-complexity -MMD -MP -MF"Src/ap/ap_main.d" -MT"Src/ap/ap_main.o" --specs=nano.specs -mfpu=fpv4-sp-d16 -mfloat-abi=hard -mthumb -o "Src/ap/ap_main.o"
../Src/ap/ap_main.c: In function 'ap_main':
../Src/ap/ap_main.c:193:25: error: expected expression before 'else'
  193 |                         else if (OnOff) {
      |                         ^~~~
../Src/ap/ap_main.c:183:17: warning: enumeration value 'CLEAR' not handled in switch [-Wswitch]
  183 |                 switch(fnd_data_state)
      |                 ^~~~~~
../Src/ap/ap_main.c:119:18: warning: variable 'prev_fnd_state' set but not used [-Wunused-but-set-variable]
  119 |         uint32_t prev_fnd_state = 0x01;
      |                  ^~~~~~~~~~~~~~
../Src/ap/ap_main.c:116:21: warning: variable 'prev_fnd_data_state' set but not used [-Wunused-but-set-variable]
  116 |         led_state_t prev_fnd_data_state = PLUS;
      |                     ^~~~~~~~~~~~~~~~~~~
make: *** [Src/ap/subdir.mk:19: Src/ap/ap_main.o] Error 1
"make -j16 all" terminated with exit code 2. Build might be incomplete.
17:35:20 **** Incremental Build of configuration Debug for project 0618_GPIO_Baremetal ****
make -j16 all 
arm-none-eabi-size  0618_GPIO_Baremetal.elf 
   text	   data	    bss	    dec	    hex	filename
   1332	     64	   1568	   2964	    b94	0618_GPIO_Baremetal.elf
Finished building: default.size.stdout
 
17:35:20 **** Incremental Build of configuration Debug for project 0618_LedBlink ****
make -j16 all 
arm-none-eabi-size  0618_LedBlink.elf 
   text	   data	    bss	    dec	    hex	filename
   6004	     12	   1572	   7588	   1da4	0618_LedBlink.elf
Finished building: default.size.stdout
 
17:35:20 **** Incremental Build of configuration Debug for project 0619_BareMetal2 ****
make -j16 all 
arm-none-eabi-size  0619_BareMetal2.elf 
   text	   data	    bss	    dec	    hex	filename
   1472	     68	   1564	   3104	    c20	0619_BareMetal2.elf
Finished building: default.size.stdout
 
17:35:21 **** Incremental Build of configuration Debug for project 0619_button_led ****
make -j16 all 
arm-none-eabi-gcc "../Src/ap/ap_main.c" -mcpu=cortex-m4 -std=gnu11 -g3 -DDEBUG -DNUCLEO_F411RE -DSTM32 -DSTM32F4 -DSTM32F411RETx -c -I../Inc -I"C:/Users/kccistc/Documents/GitHub/Harman_STM32/workspace/stm32_workspace/0619_button_led/Src/driver/GPIO" -I"C:/Users/kccistc/Documents/GitHub/Harman_STM32/workspace/stm32_workspace/0619_button_led/Src/driver/LedBar" -I"C:/Users/kccistc/Documents/GitHub/Harman_STM32/workspace/stm32_workspace/0619_button_led/Src/driver/SystemClock" -I"C:/Users/kccistc/Documents/GitHub/Harman_STM32/workspace/stm32_workspace/0619_button_led/Src/ap" -I"C:/Users/kccistc/Documents/GitHub/Harman_STM32/workspace/stm32_workspace/0619_button_led/Src/driver/Button" -I"C:/Users/kccistc/Documents/GitHub/Harman_STM32/workspace/stm32_workspace/0619_button_led/Src/driver/FND" -O0 -ffunction-sections -fdata-sections -Wall -fstack-usage -fcyclomatic-complexity -MMD -MP -MF"Src/ap/ap_main.d" -MT"Src/ap/ap_main.o" --specs=nano.specs -mfpu=fpv4-sp-d16 -mfloat-abi=hard -mthumb -o "Src/ap/ap_main.o"
../Src/ap/ap_main.c: In function 'ap_main':
../Src/ap/ap_main.c:119:18: warning: variable 'prev_fnd_state' set but not used [-Wunused-but-set-variable]
  119 |         uint32_t prev_fnd_state = 0x01;
      |                  ^~~~~~~~~~~~~~
arm-none-eabi-gcc -o "0619_button_led.elf" @"objects.list"   -mcpu=cortex-m4 -T"C:\Users\kccistc\Documents\GitHub\Harman_STM32\workspace\stm32_workspace\0619_button_led\STM32F411RETX_FLASH.ld" --specs=nosys.specs -Wl,-Map="0619_button_led.map" -Wl,--gc-sections -static --specs=nano.specs -mfpu=fpv4-sp-d16 -mfloat-abi=hard -mthumb -Wl,--start-group -lc -lm -Wl,--end-group
Finished building target: 0619_button_led.elf
 
arm-none-eabi-size  0619_button_led.elf 
arm-none-eabi-objdump -h -S 0619_button_led.elf  > "0619_button_led.list"
   text	   data	    bss	    dec	    hex	filename
   3804	     96	   1664	   5564	   15bc	0619_button_led.elf
Finished building: default.size.stdout
 
Finished building: 0619_button_led.list
 
17:35:27 **** Incremental Build of configuration Debug for project 0619_button_led ****
make -j16 all 
arm-none-eabi-size  0619_button_led.elf 
   text	   data	    bss	    dec	    hex	filename
   3804	     96	   1664	   5564	   15bc	0619_button_led.elf
Finished building: default.size.stdout
 
17:36:37 **** Incremental Build of configuration Debug for project 0619_button_led ****
make -j16 all 
arm-none-eabi-gcc "../Src/ap/ap_main.c" -mcpu=cortex-m4 -std=gnu11 -g3 -DDEBUG -DNUCLEO_F411RE -DSTM32 -DSTM32F4 -DSTM32F411RETx -c -I../Inc -I"C:/Users/kccistc/Documents/GitHub/Harman_STM32/workspace/stm32_workspace/0619_button_led/Src/driver/GPIO" -I"C:/Users/kccistc/Documents/GitHub/Harman_STM32/workspace/stm32_workspace/0619_button_led/Src/driver/LedBar" -I"C:/Users/kccistc/Documents/GitHub/Harman_STM32/workspace/stm32_workspace/0619_button_led/Src/driver/SystemClock" -I"C:/Users/kccistc/Documents/GitHub/Harman_STM32/workspace/stm32_workspace/0619_button_led/Src/ap" -I"C:/Users/kccistc/Documents/GitHub/Harman_STM32/workspace/stm32_workspace/0619_button_led/Src/driver/Button" -I"C:/Users/kccistc/Documents/GitHub/Harman_STM32/workspace/stm32_workspace/0619_button_led/Src/driver/FND" -O0 -ffunction-sections -fdata-sections -Wall -fstack-usage -fcyclomatic-complexity -MMD -MP -MF"Src/ap/ap_main.d" -MT"Src/ap/ap_main.o" --specs=nano.specs -mfpu=fpv4-sp-d16 -mfloat-abi=hard -mthumb -o "Src/ap/ap_main.o"
../Src/ap/ap_main.c: In function 'ap_main':
../Src/ap/ap_main.c:119:18: warning: variable 'prev_fnd_state' set but not used [-Wunused-but-set-variable]
  119 |         uint32_t prev_fnd_state = 0x01;
      |                  ^~~~~~~~~~~~~~
arm-none-eabi-gcc -o "0619_button_led.elf" @"objects.list"   -mcpu=cortex-m4 -T"C:\Users\kccistc\Documents\GitHub\Harman_STM32\workspace\stm32_workspace\0619_button_led\STM32F411RETX_FLASH.ld" --specs=nosys.specs -Wl,-Map="0619_button_led.map" -Wl,--gc-sections -static --specs=nano.specs -mfpu=fpv4-sp-d16 -mfloat-abi=hard -mthumb -Wl,--start-group -lc -lm -Wl,--end-group
Finished building target: 0619_button_led.elf
 
arm-none-eabi-size  0619_button_led.elf 
arm-none-eabi-objdump -h -S 0619_button_led.elf  > "0619_button_led.list"
   text	   data	    bss	    dec	    hex	filename
   3804	     96	   1664	   5564	   15bc	0619_button_led.elf
Finished building: default.size.stdout
 
Finished building: 0619_button_led.list
 
17:37:01 **** Incremental Build of configuration Debug for project 0619_button_led ****
make -j16 all 
arm-none-eabi-gcc "../Src/ap/ap_main.c" -mcpu=cortex-m4 -std=gnu11 -g3 -DDEBUG -DNUCLEO_F411RE -DSTM32 -DSTM32F4 -DSTM32F411RETx -c -I../Inc -I"C:/Users/kccistc/Documents/GitHub/Harman_STM32/workspace/stm32_workspace/0619_button_led/Src/driver/GPIO" -I"C:/Users/kccistc/Documents/GitHub/Harman_STM32/workspace/stm32_workspace/0619_button_led/Src/driver/LedBar" -I"C:/Users/kccistc/Documents/GitHub/Harman_STM32/workspace/stm32_workspace/0619_button_led/Src/driver/SystemClock" -I"C:/Users/kccistc/Documents/GitHub/Harman_STM32/workspace/stm32_workspace/0619_button_led/Src/ap" -I"C:/Users/kccistc/Documents/GitHub/Harman_STM32/workspace/stm32_workspace/0619_button_led/Src/driver/Button" -I"C:/Users/kccistc/Documents/GitHub/Harman_STM32/workspace/stm32_workspace/0619_button_led/Src/driver/FND" -O0 -ffunction-sections -fdata-sections -Wall -fstack-usage -fcyclomatic-complexity -MMD -MP -MF"Src/ap/ap_main.d" -MT"Src/ap/ap_main.o" --specs=nano.specs -mfpu=fpv4-sp-d16 -mfloat-abi=hard -mthumb -o "Src/ap/ap_main.o"
../Src/ap/ap_main.c: In function 'ap_main':
../Src/ap/ap_main.c:119:18: warning: variable 'prev_fnd_state' set but not used [-Wunused-but-set-variable]
  119 |         uint32_t prev_fnd_state = 0x01;
      |                  ^~~~~~~~~~~~~~
arm-none-eabi-gcc -o "0619_button_led.elf" @"objects.list"   -mcpu=cortex-m4 -T"C:\Users\kccistc\Documents\GitHub\Harman_STM32\workspace\stm32_workspace\0619_button_led\STM32F411RETX_FLASH.ld" --specs=nosys.specs -Wl,-Map="0619_button_led.map" -Wl,--gc-sections -static --specs=nano.specs -mfpu=fpv4-sp-d16 -mfloat-abi=hard -mthumb -Wl,--start-group -lc -lm -Wl,--end-group
Finished building target: 0619_button_led.elf
 
arm-none-eabi-size  0619_button_led.elf 
arm-none-eabi-objdump -h -S 0619_button_led.elf  > "0619_button_led.list"
   text	   data	    bss	    dec	    hex	filename
   3804	     96	   1664	   5564	   15bc	0619_button_led.elf
Finished building: default.size.stdout
 
Finished building: 0619_button_led.list
 
17:37:27 **** Incremental Build of configuration Debug for project 0619_button_led ****
make -j16 all 
arm-none-eabi-gcc "../Src/ap/ap_main.c" -mcpu=cortex-m4 -std=gnu11 -g3 -DDEBUG -DNUCLEO_F411RE -DSTM32 -DSTM32F4 -DSTM32F411RETx -c -I../Inc -I"C:/Users/kccistc/Documents/GitHub/Harman_STM32/workspace/stm32_workspace/0619_button_led/Src/driver/GPIO" -I"C:/Users/kccistc/Documents/GitHub/Harman_STM32/workspace/stm32_workspace/0619_button_led/Src/driver/LedBar" -I"C:/Users/kccistc/Documents/GitHub/Harman_STM32/workspace/stm32_workspace/0619_button_led/Src/driver/SystemClock" -I"C:/Users/kccistc/Documents/GitHub/Harman_STM32/workspace/stm32_workspace/0619_button_led/Src/ap" -I"C:/Users/kccistc/Documents/GitHub/Harman_STM32/workspace/stm32_workspace/0619_button_led/Src/driver/Button" -I"C:/Users/kccistc/Documents/GitHub/Harman_STM32/workspace/stm32_workspace/0619_button_led/Src/driver/FND" -O0 -ffunction-sections -fdata-sections -Wall -fstack-usage -fcyclomatic-complexity -MMD -MP -MF"Src/ap/ap_main.d" -MT"Src/ap/ap_main.o" --specs=nano.specs -mfpu=fpv4-sp-d16 -mfloat-abi=hard -mthumb -o "Src/ap/ap_main.o"
../Src/ap/ap_main.c: In function 'ap_main':
../Src/ap/ap_main.c:119:18: warning: variable 'prev_fnd_state' set but not used [-Wunused-but-set-variable]
  119 |         uint32_t prev_fnd_state = 0x01;
      |                  ^~~~~~~~~~~~~~
arm-none-eabi-gcc -o "0619_button_led.elf" @"objects.list"   -mcpu=cortex-m4 -T"C:\Users\kccistc\Documents\GitHub\Harman_STM32\workspace\stm32_workspace\0619_button_led\STM32F411RETX_FLASH.ld" --specs=nosys.specs -Wl,-Map="0619_button_led.map" -Wl,--gc-sections -static --specs=nano.specs -mfpu=fpv4-sp-d16 -mfloat-abi=hard -mthumb -Wl,--start-group -lc -lm -Wl,--end-group
Finished building target: 0619_button_led.elf
 
arm-none-eabi-size  0619_button_led.elf 
arm-none-eabi-objdump -h -S 0619_button_led.elf  > "0619_button_led.list"
   text	   data	    bss	    dec	    hex	filename
   3804	     96	   1664	   5564	   15bc	0619_button_led.elf
Finished building: default.size.stdout
 
Finished building: 0619_button_led.list
 
17:37:50 **** Incremental Build of configuration Debug for project 0619_button_led ****
make -j16 all 
arm-none-eabi-gcc "../Src/ap/ap_main.c" -mcpu=cortex-m4 -std=gnu11 -g3 -DDEBUG -DNUCLEO_F411RE -DSTM32 -DSTM32F4 -DSTM32F411RETx -c -I../Inc -I"C:/Users/kccistc/Documents/GitHub/Harman_STM32/workspace/stm32_workspace/0619_button_led/Src/driver/GPIO" -I"C:/Users/kccistc/Documents/GitHub/Harman_STM32/workspace/stm32_workspace/0619_button_led/Src/driver/LedBar" -I"C:/Users/kccistc/Documents/GitHub/Harman_STM32/workspace/stm32_workspace/0619_button_led/Src/driver/SystemClock" -I"C:/Users/kccistc/Documents/GitHub/Harman_STM32/workspace/stm32_workspace/0619_button_led/Src/ap" -I"C:/Users/kccistc/Documents/GitHub/Harman_STM32/workspace/stm32_workspace/0619_button_led/Src/driver/Button" -I"C:/Users/kccistc/Documents/GitHub/Harman_STM32/workspace/stm32_workspace/0619_button_led/Src/driver/FND" -O0 -ffunction-sections -fdata-sections -Wall -fstack-usage -fcyclomatic-complexity -MMD -MP -MF"Src/ap/ap_main.d" -MT"Src/ap/ap_main.o" --specs=nano.specs -mfpu=fpv4-sp-d16 -mfloat-abi=hard -mthumb -o "Src/ap/ap_main.o"
../Src/ap/ap_main.c: In function 'ap_main':
../Src/ap/ap_main.c:119:18: warning: variable 'prev_fnd_state' set but not used [-Wunused-but-set-variable]
  119 |         uint32_t prev_fnd_state = 0x01;
      |                  ^~~~~~~~~~~~~~
arm-none-eabi-gcc -o "0619_button_led.elf" @"objects.list"   -mcpu=cortex-m4 -T"C:\Users\kccistc\Documents\GitHub\Harman_STM32\workspace\stm32_workspace\0619_button_led\STM32F411RETX_FLASH.ld" --specs=nosys.specs -Wl,-Map="0619_button_led.map" -Wl,--gc-sections -static --specs=nano.specs -mfpu=fpv4-sp-d16 -mfloat-abi=hard -mthumb -Wl,--start-group -lc -lm -Wl,--end-group
Finished building target: 0619_button_led.elf
 
arm-none-eabi-size  0619_button_led.elf 
arm-none-eabi-objdump -h -S 0619_button_led.elf  > "0619_button_led.list"
   text	   data	    bss	    dec	    hex	filename
   3804	     96	   1664	   5564	   15bc	0619_button_led.elf
Finished building: default.size.stdout
 
Finished building: 0619_button_led.list
 
17:38:15 **** Incremental Build of configuration Debug for project 0619_button_led ****
make -j16 all 
arm-none-eabi-gcc "../Src/ap/ap_main.c" -mcpu=cortex-m4 -std=gnu11 -g3 -DDEBUG -DNUCLEO_F411RE -DSTM32 -DSTM32F4 -DSTM32F411RETx -c -I../Inc -I"C:/Users/kccistc/Documents/GitHub/Harman_STM32/workspace/stm32_workspace/0619_button_led/Src/driver/GPIO" -I"C:/Users/kccistc/Documents/GitHub/Harman_STM32/workspace/stm32_workspace/0619_button_led/Src/driver/LedBar" -I"C:/Users/kccistc/Documents/GitHub/Harman_STM32/workspace/stm32_workspace/0619_button_led/Src/driver/SystemClock" -I"C:/Users/kccistc/Documents/GitHub/Harman_STM32/workspace/stm32_workspace/0619_button_led/Src/ap" -I"C:/Users/kccistc/Documents/GitHub/Harman_STM32/workspace/stm32_workspace/0619_button_led/Src/driver/Button" -I"C:/Users/kccistc/Documents/GitHub/Harman_STM32/workspace/stm32_workspace/0619_button_led/Src/driver/FND" -O0 -ffunction-sections -fdata-sections -Wall -fstack-usage -fcyclomatic-complexity -MMD -MP -MF"Src/ap/ap_main.d" -MT"Src/ap/ap_main.o" --specs=nano.specs -mfpu=fpv4-sp-d16 -mfloat-abi=hard -mthumb -o "Src/ap/ap_main.o"
../Src/ap/ap_main.c: In function 'ap_main':
../Src/ap/ap_main.c:119:18: warning: variable 'prev_fnd_state' set but not used [-Wunused-but-set-variable]
  119 |         uint32_t prev_fnd_state = 0x01;
      |                  ^~~~~~~~~~~~~~
arm-none-eabi-gcc -o "0619_button_led.elf" @"objects.list"   -mcpu=cortex-m4 -T"C:\Users\kccistc\Documents\GitHub\Harman_STM32\workspace\stm32_workspace\0619_button_led\STM32F411RETX_FLASH.ld" --specs=nosys.specs -Wl,-Map="0619_button_led.map" -Wl,--gc-sections -static --specs=nano.specs -mfpu=fpv4-sp-d16 -mfloat-abi=hard -mthumb -Wl,--start-group -lc -lm -Wl,--end-group
Finished building target: 0619_button_led.elf
 
arm-none-eabi-size  0619_button_led.elf 
arm-none-eabi-objdump -h -S 0619_button_led.elf  > "0619_button_led.list"
   text	   data	    bss	    dec	    hex	filename
   3804	     96	   1664	   5564	   15bc	0619_button_led.elf
Finished building: default.size.stdout
 
Finished building: 0619_button_led.list
 
